Archive member included because of file (symbol)

c:/program files (x86)/atollic/truestudio for arm lite 3.2.0/armtools/bin/../lib/gcc/arm-atollic-eabi/4.6.2/../../../../arm-atollic-eabi/lib/thumb/armv7-m\libc.a(lib_a-init.o)
                              Libraries\CMSIS\CM3\DeviceSupport\ST\STM32L1xx\startup\TrueSTUDIO\startup_stm32l1xx_md.o (__libc_init_array)
c:/program files (x86)/atollic/truestudio for arm lite 3.2.0/armtools/bin/../lib/gcc/arm-atollic-eabi/4.6.2/../../../../arm-atollic-eabi/lib/thumb/armv7-m\libc.a(lib_a-sprintf.o)
                              src\main.o (sprintf)
c:/program files (x86)/atollic/truestudio for arm lite 3.2.0/armtools/bin/../lib/gcc/arm-atollic-eabi/4.6.2/../../../../arm-atollic-eabi/lib/thumb/armv7-m\libc.a(lib_a-svfprintf.o)
                              c:/program files (x86)/atollic/truestudio for arm lite 3.2.0/armtools/bin/../lib/gcc/arm-atollic-eabi/4.6.2/../../../../arm-atollic-eabi/lib/thumb/armv7-m\libc.a(lib_a-sprintf.o) (_svfprintf_r)
c:/program files (x86)/atollic/truestudio for arm lite 3.2.0/armtools/bin/../lib/gcc/arm-atollic-eabi/4.6.2/../../../../arm-atollic-eabi/lib/thumb/armv7-m\libc.a(lib_a-dtoa.o)
                              c:/program files (x86)/atollic/truestudio for arm lite 3.2.0/armtools/bin/../lib/gcc/arm-atollic-eabi/4.6.2/../../../../arm-atollic-eabi/lib/thumb/armv7-m\libc.a(lib_a-svfprintf.o) (_dtoa_r)
c:/program files (x86)/atollic/truestudio for arm lite 3.2.0/armtools/bin/../lib/gcc/arm-atollic-eabi/4.6.2/../../../../arm-atollic-eabi/lib/thumb/armv7-m\libc.a(lib_a-impure.o)
                              c:/program files (x86)/atollic/truestudio for arm lite 3.2.0/armtools/bin/../lib/gcc/arm-atollic-eabi/4.6.2/../../../../arm-atollic-eabi/lib/thumb/armv7-m\libc.a(lib_a-sprintf.o) (_impure_ptr)
c:/program files (x86)/atollic/truestudio for arm lite 3.2.0/armtools/bin/../lib/gcc/arm-atollic-eabi/4.6.2/../../../../arm-atollic-eabi/lib/thumb/armv7-m\libc.a(lib_a-locale.o)
                              c:/program files (x86)/atollic/truestudio for arm lite 3.2.0/armtools/bin/../lib/gcc/arm-atollic-eabi/4.6.2/../../../../arm-atollic-eabi/lib/thumb/armv7-m\libc.a(lib_a-svfprintf.o) (_localeconv_r)
c:/program files (x86)/atollic/truestudio for arm lite 3.2.0/armtools/bin/../lib/gcc/arm-atollic-eabi/4.6.2/../../../../arm-atollic-eabi/lib/thumb/armv7-m\libc.a(lib_a-malloc.o)
                              c:/program files (x86)/atollic/truestudio for arm lite 3.2.0/armtools/bin/../lib/gcc/arm-atollic-eabi/4.6.2/../../../../arm-atollic-eabi/lib/thumb/armv7-m\libc.a(lib_a-dtoa.o) (malloc)
c:/program files (x86)/atollic/truestudio for arm lite 3.2.0/armtools/bin/../lib/gcc/arm-atollic-eabi/4.6.2/../../../../arm-atollic-eabi/lib/thumb/armv7-m\libc.a(lib_a-mallocr.o)
                              c:/program files (x86)/atollic/truestudio for arm lite 3.2.0/armtools/bin/../lib/gcc/arm-atollic-eabi/4.6.2/../../../../arm-atollic-eabi/lib/thumb/armv7-m\libc.a(lib_a-svfprintf.o) (_malloc_r)
c:/program files (x86)/atollic/truestudio for arm lite 3.2.0/armtools/bin/../lib/gcc/arm-atollic-eabi/4.6.2/../../../../arm-atollic-eabi/lib/thumb/armv7-m\libc.a(lib_a-memchr.o)
                              c:/program files (x86)/atollic/truestudio for arm lite 3.2.0/armtools/bin/../lib/gcc/arm-atollic-eabi/4.6.2/../../../../arm-atollic-eabi/lib/thumb/armv7-m\libc.a(lib_a-svfprintf.o) (memchr)
c:/program files (x86)/atollic/truestudio for arm lite 3.2.0/armtools/bin/../lib/gcc/arm-atollic-eabi/4.6.2/../../../../arm-atollic-eabi/lib/thumb/armv7-m\libc.a(lib_a-memcpy.o)
                              c:/program files (x86)/atollic/truestudio for arm lite 3.2.0/armtools/bin/../lib/gcc/arm-atollic-eabi/4.6.2/../../../../arm-atollic-eabi/lib/thumb/armv7-m\libc.a(lib_a-dtoa.o) (memcpy)
c:/program files (x86)/atollic/truestudio for arm lite 3.2.0/armtools/bin/../lib/gcc/arm-atollic-eabi/4.6.2/../../../../arm-atollic-eabi/lib/thumb/armv7-m\libc.a(lib_a-mlock.o)
                              c:/program files (x86)/atollic/truestudio for arm lite 3.2.0/armtools/bin/../lib/gcc/arm-atollic-eabi/4.6.2/../../../../arm-atollic-eabi/lib/thumb/armv7-m\libc.a(lib_a-mallocr.o) (__malloc_lock)
c:/program files (x86)/atollic/truestudio for arm lite 3.2.0/armtools/bin/../lib/gcc/arm-atollic-eabi/4.6.2/../../../../arm-atollic-eabi/lib/thumb/armv7-m\libc.a(lib_a-mprec.o)
                              c:/program files (x86)/atollic/truestudio for arm lite 3.2.0/armtools/bin/../lib/gcc/arm-atollic-eabi/4.6.2/../../../../arm-atollic-eabi/lib/thumb/armv7-m\libc.a(lib_a-dtoa.o) (_Balloc)
c:/program files (x86)/atollic/truestudio for arm lite 3.2.0/armtools/bin/../lib/gcc/arm-atollic-eabi/4.6.2/../../../../arm-atollic-eabi/lib/thumb/armv7-m\libc.a(lib_a-s_fpclassify.o)
[...]
Memory Configuration

Name             Origin             Length             Attributes
FLASH            0x08000000         0x00020000         xr
RAM              0x20000000         0x00004000         xrw
MEMORY_B1        0x60000000         0x00000000         xr
*default*        0x00000000         0xffffffff

Linker script and memory map

LOAD c:/program files (x86)/atollic/truestudio for arm lite 3.2.0/armtools/bin/../lib/gcc/arm-atollic-eabi/4.6.2/thumb/armv7-m/crti.o
LOAD c:/program files (x86)/atollic/truestudio for arm lite 3.2.0/armtools/bin/../lib/gcc/arm-atollic-eabi/4.6.2/thumb/armv7-m/crtbegin.o
LOAD src\usart2.o
LOAD src\system_stm32l1xx.o
LOAD src\stm32l1xx_it.o
LOAD src\main.o
LOAD mcu\src\usart.o
LOAD mcu\src\mcu.o
LOAD Libraries\STM32L1xx_StdPeriph_Driver\src\stm32l1xx_wwdg.o
LOAD Libraries\STM32L1xx_StdPeriph_Driver\src\stm32l1xx_usart.o
LOAD Libraries\STM32L1xx_StdPeriph_Driver\src\stm32l1xx_tim.o
LOAD Libraries\STM32L1xx_StdPeriph_Driver\src\stm32l1xx_syscfg.o
LOAD Libraries\STM32L1xx_StdPeriph_Driver\src\stm32l1xx_spi.o
LOAD Libraries\STM32L1xx_StdPeriph_Driver\src\stm32l1xx_rtc.o
LOAD Libraries\STM32L1xx_StdPeriph_Driver\src\stm32l1xx_rcc.o
LOAD Libraries\STM32L1xx_StdPeriph_Driver\src\stm32l1xx_pwr.o
LOAD Libraries\STM32L1xx_StdPeriph_Driver\src\stm32l1xx_lcd.o
LOAD Libraries\STM32L1xx_StdPeriph_Driver\src\stm32l1xx_iwdg.o
LOAD Libraries\STM32L1xx_StdPeriph_Driver\src\stm32l1xx_i2c.o
LOAD Libraries\STM32L1xx_StdPeriph_Driver\src\stm32l1xx_gpio.o
LOAD Libraries\STM32L1xx_StdPeriph_Driver\src\stm32l1xx_flash_ramfunc.o
LOAD Libraries\STM32L1xx_StdPeriph_Driver\src\stm32l1xx_flash.o
LOAD Libraries\STM32L1xx_StdPeriph_Driver\src\stm32l1xx_exti.o
LOAD Libraries\STM32L1xx_StdPeriph_Driver\src\stm32l1xx_dma.o
LOAD Libraries\STM32L1xx_StdPeriph_Driver\src\stm32l1xx_dbgmcu.o
LOAD Libraries\STM32L1xx_StdPeriph_Driver\src\stm32l1xx_dac.o
LOAD Libraries\STM32L1xx_StdPeriph_Driver\src\stm32l1xx_crc.o
LOAD Libraries\STM32L1xx_StdPeriph_Driver\src\stm32l1xx_comp.o
LOAD Libraries\STM32L1xx_StdPeriph_Driver\src\stm32l1xx_adc.o
LOAD Libraries\STM32L1xx_StdPeriph_Driver\src\misc.o
LOAD Libraries\CMSIS\CM3\DeviceSupport\ST\STM32L1xx\startup\TrueSTUDIO\startup_stm32l1xx_md.o
LOAD Libraries\CMSIS\CM3\CoreSupport\core_cm3.o
LOAD c:/program files (x86)/atollic/truestudio for arm lite 3.2.0/armtools/bin/../lib/gcc/arm-atollic-eabi/4.6.2/../../../../arm-atollic-eabi/lib/thumb/armv7-m\libm.a
                0x00001000                malloc_getpagesize_P = 0x1000
START GROUP
LOAD c:/program files (x86)/atollic/truestudio for arm lite 3.2.0/armtools/bin/../lib/gcc/arm-atollic-eabi/4.6.2/thumb/armv7-m\libgcc.a
LOAD c:/program files (x86)/atollic/truestudio for arm lite 3.2.0/armtools/bin/../lib/gcc/arm-atollic-eabi/4.6.2/../../../../arm-atollic-eabi/lib/thumb/armv7-m\libc.a
END GROUP
LOAD c:/program files (x86)/atollic/truestudio for arm lite 3.2.0/armtools/bin/../lib/gcc/arm-atollic-eabi/4.6.2/thumb/armv7-m/crtend.o
LOAD c:/program files (x86)/atollic/truestudio for arm lite 3.2.0/armtools/bin/../lib/gcc/arm-atollic-eabi/4.6.2/thumb/armv7-m/crtn.o
                0x20004000                _estack = 0x20004000
                0x00000000                _Min_Heap_Size = 0x0
                0x00000080                _Min_Stack_Size = 0x80

.isr_vector     0x08000000      0x10c
                0x08000000                . = ALIGN (0x4)
 *(.isr_vector)
 .isr_vector    0x08000000      0x10c Libraries\CMSIS\CM3\DeviceSupport\ST\STM32L1xx\startup\TrueSTUDIO\startup_stm32l1xx_md.o
                0x08000000                g_pfnVectors
                0x0800010c                . = ALIGN (0x4)

.text           0x08000110     0x6780
                0x08000110                . = ALIGN (0x4)
 *(.text)
 .text          0x08000110       0x54 c:/program files (x86)/atollic/truestudio for arm lite 3.2.0/armtools/bin/../lib/gcc/arm-atollic-eabi/4.6.2/thumb/armv7-m/crtbegin.o
 .text          0x08000164      0x370 c:/program files (x86)/atollic/truestudio for arm lite 3.2.0/armtools/bin/../lib/gcc/arm-atollic-eabi/4.6.2/thumb/armv7-m\libgcc.a(_arm_addsubdf3.o)
                0x08000164                __aeabi_drsub
                0x0800016c                __aeabi_dsub
                0x0800016c                __subdf3
                0x08000170                __aeabi_dadd
                0x08000170                __adddf3
                0x080003e8                __floatunsidf
                0x080003e8                __aeabi_ui2d
                0x08000408                __floatsidf
                0x08000408                __aeabi_i2d
                0x0800042c                __aeabi_f2d
                0x0800042c                __extendsfdf2
                0x08000468                __floatundidf
                0x08000468                __aeabi_ul2d
                0x08000478                __floatdidf
                0x08000478                __aeabi_l2d
 .text          0x080004d4      0x424 c:/program files (x86)/atollic/truestudio for arm lite 3.2.0/armtools/bin/../lib/gcc/arm-atollic-eabi/4.6.2/thumb/armv7-m\libgcc.a(_arm_muldivdf3.o)
                0x080004d4                __aeabi_dmul
                0x080004d4                __muldf3
                0x08000728                __divdf3
                0x08000728                __aeabi_ddiv
 .text          0x080008f8      0x110 c:/program files (x86)/atollic/truestudio for arm lite 3.2.0/armtools/bin/../lib/gcc/arm-atollic-eabi/4.6.2/thumb/armv7-m\libgcc.a(_arm_cmpdf2.o)
                0x080008f8                __gtdf2
                0x080008f8                __gedf2
                0x08000900                __ltdf2
                0x08000900                __ledf2
                0x08000908                __nedf2
                0x08000908                __eqdf2
                0x08000908                __cmpdf2
                0x08000984                __aeabi_cdrcmple
                0x08000994                __aeabi_cdcmpeq
                0x08000994                __aeabi_cdcmple
                0x080009a4                __aeabi_dcmpeq
                0x080009b8                __aeabi_dcmplt
                0x080009cc                __aeabi_dcmple
                0x080009e0                __aeabi_dcmpge
                0x080009f4                __aeabi_dcmpgt
 .text          0x08000a08       0x50 c:/program files (x86)/atollic/truestudio for arm lite 3.2.0/armtools/bin/../lib/gcc/arm-atollic-eabi/4.6.2/thumb/armv7-m\libgcc.a(_arm_fixdfsi.o)
                0x08000a08                __aeabi_d2iz
                0x08000a08                __fixdfsi
 .text          0x08000a58       0x2c c:/program files (x86)/atollic/truestudio for arm lite 3.2.0/armtools/bin/../lib/gcc/arm-atollic-eabi/4.6.2/thumb/armv7-m\libgcc.a(_aeabi_uldivmod.o)
                0x08000a58                __aeabi_uldivmod
 .text          0x08000a84       0x5c c:/program files (x86)/atollic/truestudio for arm lite 3.2.0/armtools/bin/../lib/gcc/arm-atollic-eabi/4.6.2/thumb/armv7-m\libgcc.a(bpabi.o)
                0x08000a84                __gnu_ldivmod_helper
                0x08000ab4                __gnu_uldivmod_helper
 .text          0x08000ae0      0xb4c c:/program files (x86)/atollic/truestudio for arm lite 3.2.0/armtools/bin/../lib/gcc/arm-atollic-eabi/4.6.2/thumb/armv7-m\libgcc.a(unwind-arm.o)
                0x08000d88                _Unwind_VRS_Get
                0x08000dc8                _Unwind_VRS_Set
                0x08001120                __aeabi_unwind_cpp_pr2
                0x08001124                __aeabi_unwind_cpp_pr1
                0x08001128                __aeabi_unwind_cpp_pr0
                0x0800112c                _Unwind_VRS_Pop
                0x080014e0                _Unwind_GetCFA
                0x080014e4                __gnu_Unwind_RaiseException
                0x08001544                __gnu_Unwind_ForcedUnwind
                0x08001558                __gnu_Unwind_Resume
                0x08001594                __gnu_Unwind_Resume_or_Rethrow
                0x080015a4                _Unwind_Complete
                0x080015a8                _Unwind_DeleteException
                0x080015b8                __gnu_Unwind_Backtrace
 .text          0x0800162c      0x1ac c:/program files (x86)/atollic/truestudio for arm lite 3.2.0/armtools/bin/../lib/gcc/arm-atollic-eabi/4.6.2/thumb/armv7-m\libgcc.a(libunwind.o)
                0x0800162c                __restore_core_regs
                0x0800162c                restore_core_regs
                0x08001644                __gnu_Unwind_Restore_VFP
                0x0800164c                __gnu_Unwind_Save_VFP
                0x08001654                __gnu_Unwind_Restore_VFP_D
                0x0800165c                __gnu_Unwind_Save_VFP_D
                0x08001664                __gnu_Unwind_Restore_VFP_D_16_to_31
                0x0800166c                __gnu_Unwind_Save_VFP_D_16_to_31
                0x08001674                __gnu_Unwind_Restore_WMMXD
                0x080016b8                __gnu_Unwind_Save_WMMXD
                0x080016fc                __gnu_Unwind_Restore_WMMXC
                0x08001710                __gnu_Unwind_Save_WMMXC
                0x08001724                ___Unwind_RaiseException
                0x08001724                _Unwind_RaiseException
                0x08001748                _Unwind_Resume
                0x08001748                ___Unwind_Resume
                0x0800176c                _Unwind_Resume_or_Rethrow
                0x0800176c                ___Unwind_Resume_or_Rethrow
                0x08001790                _Unwind_ForcedUnwind
                0x08001790                ___Unwind_ForcedUnwind
                0x080017b4                ___Unwind_Backtrace
                0x080017b4                _Unwind_Backtrace
 .text          0x080017d8      0x374 c:/program files (x86)/atollic/truestudio for arm lite 3.2.0/armtools/bin/../lib/gcc/arm-atollic-eabi/4.6.2/thumb/armv7-m\libgcc.a(pr-support.o)
                0x0800182c                __gnu_unwind_execute
                0x08001af4                __gnu_unwind_frame
                0x08001b1c                _Unwind_GetRegionStart
                0x08001b28                _Unwind_GetLanguageSpecificData
                0x08001b3c                _Unwind_GetDataRelBase
                0x08001b44                _Unwind_GetTextRelBase
 .text          0x08001b4c        0x4 c:/program files (x86)/atollic/truestudio for arm lite 3.2.0/armtools/bin/../lib/gcc/arm-atollic-eabi/4.6.2/thumb/armv7-m\libgcc.a(_dvmd_tls.o)
                0x08001b4c                __aeabi_idiv0
                0x08001b4c                __aeabi_ldiv0
 .text          0x08001b50      0x2c0 c:/program files (x86)/atollic/truestudio for arm lite 3.2.0/armtools/bin/../lib/gcc/arm-atollic-eabi/4.6.2/thumb/armv7-m\libgcc.a(_divdi3.o)
                0x08001b50                __divdi3
 .text          0x08001e10      0x28c c:/program files (x86)/atollic/truestudio for arm lite 3.2.0/armtools/bin/../lib/gcc/arm-atollic-eabi/4.6.2/thumb/armv7-m\libgcc.a(_udivdi3.o)
                0x08001e10                __udivdi3
 *(.text*)
 .text.initUSART2
                0x0800209c      0x104 src\usart2.o
                0x0800209c                initUSART2
 .text.initUSART3
                0x080021a0      0x104 src\usart2.o
                0x080021a0                initUSART3
 .text.USART2_IRQHandler
                0x080022a4       0x9c src\usart2.o
                0x080022a4                USART2_IRQHandler
 .text.USART3_IRQHandler
                0x08002340       0x9c src\usart2.o
                0x08002340                USART3_IRQHandler
 .text.PutcUART2
                0x080023dc       0x3c src\usart2.o
                0x080023dc                PutcUART2
 .text.PutsUART2
                0x08002418       0x3c src\usart2.o
                0x08002418                PutsUART2
 .text.RegisterCallbackUART2
                0x08002454       0x20 src\usart2.o
                0x08002454                RegisterCallbackUART2
 .text.PutcUART3
                0x08002474       0x3c src\usart2.o
                0x08002474                PutcUART3
 .text.PutsUART3
                0x080024b0       0x3c src\usart2.o
                0x080024b0                PutsUART3
 .text.RegisterCallbackUART3
                0x080024ec       0x20 src\usart2.o
                0x080024ec                RegisterCallbackUART3
 .text.SystemInit
                0x0800250c       0xb0 src\system_stm32l1xx.o
                0x0800250c                SystemInit
 .text.SetSysClock
                0x080025bc      0x1dc src\system_stm32l1xx.o
 .text.NMI_Handler
                0x08002798        0xc src\stm32l1xx_it.o
                0x08002798                NMI_Handler
 .text.HardFault_Handler
                0x080027a4        0x8 src\stm32l1xx_it.o
                0x080027a4                HardFault_Handler
 .text.MemManage_Handler
                0x080027ac        0x8 src\stm32l1xx_it.o
                0x080027ac                MemManage_Handler
 .text.BusFault_Handler
                0x080027b4        0x8 src\stm32l1xx_it.o
                0x080027b4                BusFault_Handler
 .text.UsageFault_Handler
                0x080027bc        0x8 src\stm32l1xx_it.o
                0x080027bc                UsageFault_Handler
 .text.SVC_Handler
                0x080027c4        0xc src\stm32l1xx_it.o
                0x080027c4                SVC_Handler
 .text.DebugMon_Handler
                0x080027d0        0xc src\stm32l1xx_it.o
                0x080027d0                DebugMon_Handler
 .text.PendSV_Handler
                0x080027dc        0xc src\stm32l1xx_it.o
                0x080027dc                PendSV_Handler
 .text.SysTick_Handler
                0x080027e8        0xc src\stm32l1xx_it.o
                0x080027e8                SysTick_Handler
 .text.handleReceivedChar
                0x080027f4       0xa8 src\main.o
                0x080027f4                handleReceivedChar
 .text.handleReceivedChar2
                0x0800289c       0xa8 src\main.o
                0x0800289c                handleReceivedChar2
 .text.handleReceivedChar3
                0x08002944       0xa8 src\main.o
                0x08002944                handleReceivedChar3
 .text.main     0x080029ec       0x80 src\main.o
                0x080029ec                main
 .text.initUSART1
                0x08002a6c      0x104 mcu\src\usart.o
                0x08002a6c                initUSART1
 .text.USART1_IRQHandler
                0x08002b70       0x9c mcu\src\usart.o
                0x08002b70                USART1_IRQHandler
 .text.PutcUART1
                0x08002c0c       0x3c mcu\src\usart.o
                0x08002c0c                PutcUART1
 .text.PutsUART1
                0x08002c48       0x3c mcu\src\usart.o
                0x08002c48                PutsUART1
 .text.RegisterCallbackUART1
                0x08002c84       0x20 mcu\src\usart.o
                0x08002c84                RegisterCallbackUART1
 .text.USART_Init
                0x08002ca4      0x1a0 Libraries\STM32L1xx_StdPeriph_Driver\src\stm32l1xx_usart.o
                0x08002ca4                USART_Init
 .text.USART_Cmd
                0x08002e44       0x40 Libraries\STM32L1xx_StdPeriph_Driver\src\stm32l1xx_usart.o
                0x08002e44                USART_Cmd
 .text.USART_SendData
                0x08002e84       0x28 Libraries\STM32L1xx_StdPeriph_Driver\src\stm32l1xx_usart.o
                0x08002e84                USART_SendData
 .text.USART_ReceiveData
                0x08002eac       0x24 Libraries\STM32L1xx_StdPeriph_Driver\src\stm32l1xx_usart.o
                0x08002eac                USART_ReceiveData
 .text.USART_ITConfig
                0x08002ed0       0xa4 Libraries\STM32L1xx_StdPeriph_Driver\src\stm32l1xx_usart.o
                0x08002ed0                USART_ITConfig
 .text.USART_GetFlagStatus
                0x08002f74       0x40 Libraries\STM32L1xx_StdPeriph_Driver\src\stm32l1xx_usart.o
                0x08002f74                USART_GetFlagStatus
 .text.USART_GetITStatus
                0x08002fb4       0xc4 Libraries\STM32L1xx_StdPeriph_Driver\src\stm32l1xx_usart.o
                0x08002fb4                USART_GetITStatus
 .text.USART_ClearITPendingBit
                0x08003078       0x44 Libraries\STM32L1xx_StdPeriph_Driver\src\stm32l1xx_usart.o
                0x08003078                USART_ClearITPendingBit
 .text.RCC_GetClocksFreq
                0x080030bc      0x22c Libraries\STM32L1xx_StdPeriph_Driver\src\stm32l1xx_rcc.o
                0x080030bc                RCC_GetClocksFreq
 .text.RCC_AHBPeriphClockCmd
                0x080032e8       0x58 Libraries\STM32L1xx_StdPeriph_Driver\src\stm32l1xx_rcc.o
                0x080032e8                RCC_AHBPeriphClockCmd
 .text.RCC_APB2PeriphClockCmd
                0x08003340       0x58 Libraries\STM32L1xx_StdPeriph_Driver\src\stm32l1xx_rcc.o
                0x08003340                RCC_APB2PeriphClockCmd
 .text.RCC_APB1PeriphClockCmd
                0x08003398       0x58 Libraries\STM32L1xx_StdPeriph_Driver\src\stm32l1xx_rcc.o
                0x08003398                RCC_APB1PeriphClockCmd
 .text.GPIO_Init
                0x080033f0      0x15c Libraries\STM32L1xx_StdPeriph_Driver\src\stm32l1xx_gpio.o
                0x080033f0                GPIO_Init
 .text.GPIO_PinAFConfig
                0x0800354c       0xac Libraries\STM32L1xx_StdPeriph_Driver\src\stm32l1xx_gpio.o
                0x0800354c                GPIO_PinAFConfig
 .text.NVIC_PriorityGroupConfig
                0x080035f8       0x28 Libraries\STM32L1xx_StdPeriph_Driver\src\misc.o
                0x080035f8                NVIC_PriorityGroupConfig
 .text.NVIC_Init
                0x08003620       0xe8 Libraries\STM32L1xx_StdPeriph_Driver\src\misc.o
                0x08003620                NVIC_Init
 .text.Reset_Handler
                0x08003708       0x48 Libraries\CMSIS\CM3\DeviceSupport\ST\STM32L1xx\startup\TrueSTUDIO\startup_stm32l1xx_md.o
                0x08003708                Reset_Handler
 .text.Default_Handler
                0x08003750        0x2 Libraries\CMSIS\CM3\DeviceSupport\ST\STM32L1xx\startup\TrueSTUDIO\startup_stm32l1xx_md.o
                0x08003750                RTC_Alarm_IRQHandler
                0x08003750                EXTI2_IRQHandler
                0x08003750                TIM10_IRQHandler
                0x08003750                USB_HP_IRQHandler
                0x08003750                TIM6_IRQHandler
                0x08003750                PVD_IRQHandler
                0x08003750                EXTI3_IRQHandler
                0x08003750                EXTI0_IRQHandler
                0x08003750                I2C2_EV_IRQHandler
                0x08003750                SPI1_IRQHandler
                0x08003750                USB_FS_WKUP_IRQHandler
                0x08003750                DMA1_Channel4_IRQHandler
                0x08003750                ADC1_IRQHandler
                0x08003750                DMA1_Channel7_IRQHandler
                0x08003750                LCD_IRQHandler
                0x08003750                TIM4_IRQHandler
                0x08003750                I2C1_EV_IRQHandler
                0x08003750                DMA1_Channel6_IRQHandler
                0x08003750                TIM3_IRQHandler
                0x08003750                RCC_IRQHandler
                0x08003750                DMA1_Channel1_IRQHandler
                0x08003750                Default_Handler
                0x08003750                EXTI15_10_IRQHandler
                0x08003750                TIM7_IRQHandler
                0x08003750                EXTI9_5_IRQHandler
                0x08003750                TIM9_IRQHandler
                0x08003750                TAMPER_STAMP_IRQHandler
                0x08003750                RTC_WKUP_IRQHandler
                0x08003750                SPI2_IRQHandler
                0x08003750                DMA1_Channel5_IRQHandler
                0x08003750                USB_LP_IRQHandler
                0x08003750                EXTI4_IRQHandler
                0x08003750                DMA1_Channel3_IRQHandler
                0x08003750                COMP_IRQHandler
                0x08003750                WWDG_IRQHandler
                0x08003750                TIM2_IRQHandler
                0x08003750                DAC_IRQHandler
                0x08003750                EXTI1_IRQHandler
                0x08003750                TIM11_IRQHandler
                0x08003750                I2C2_ER_IRQHandler
                0x08003750                DMA1_Channel2_IRQHandler
                0x08003750                FLASH_IRQHandler
                0x08003750                I2C1_ER_IRQHandler
 *fill*         0x08003752        0x2 00
 .text.__libc_init_array
                0x08003754       0x48 c:/program files (x86)/atollic/truestudio for arm lite 3.2.0/armtools/bin/../lib/gcc/arm-atollic-eabi/4.6.2/../../../../arm-atollic-eabi/lib/thumb/armv7-m\libc.a(lib_a-init.o)
                0x08003754                __libc_init_array
 .text.sprintf  0x0800379c       0x48 c:/program files (x86)/atollic/truestudio for arm lite 3.2.0/armtools/bin/../lib/gcc/arm-atollic-eabi/4.6.2/../../../../arm-atollic-eabi/lib/thumb/armv7-m\libc.a(lib_a-sprintf.o)
                0x0800379c                sprintf
 .text._svfprintf_r
                0x080037e4     0x102c c:/program files (x86)/atollic/truestudio for arm lite 3.2.0/armtools/bin/../lib/gcc/arm-atollic-eabi/4.6.2/../../../../arm-atollic-eabi/lib/thumb/armv7-m\libc.a(lib_a-svfprintf.o)
                0x080037e4                _svfprintf_r
 .text.quorem   0x08004810      0x110 c:/program files (x86)/atollic/truestudio for arm lite 3.2.0/armtools/bin/../lib/gcc/arm-atollic-eabi/4.6.2/../../../../arm-atollic-eabi/lib/thumb/armv7-m\libc.a(lib_a-dtoa.o)
 .text._dtoa_r  0x08004920      0xb58 c:/program files (x86)/atollic/truestudio for arm lite 3.2.0/armtools/bin/../lib/gcc/arm-atollic-eabi/4.6.2/../../../../arm-atollic-eabi/lib/thumb/armv7-m\libc.a(lib_a-dtoa.o)
                0x08004920                _dtoa_r
 .text._localeconv_r
                0x08005478        0x8 c:/program files (x86)/atollic/truestudio for arm lite 3.2.0/armtools/bin/../lib/gcc/arm-atollic-eabi/4.6.2/../../../../arm-atollic-eabi/lib/thumb/armv7-m\libc.a(lib_a-locale.o)
                0x08005478                _localeconv_r
 .text.malloc   0x08005480       0x10 c:/program files (x86)/atollic/truestudio for arm lite 3.2.0/armtools/bin/../lib/gcc/arm-atollic-eabi/4.6.2/../../../../arm-atollic-eabi/lib/thumb/armv7-m\libc.a(lib_a-malloc.o)
                0x08005480                malloc
 .text._malloc_r
                0x08005490      0x3fc c:/program files (x86)/atollic/truestudio for arm lite 3.2.0/armtools/bin/../lib/gcc/arm-atollic-eabi/4.6.2/../../../../arm-atollic-eabi/lib/thumb/armv7-m\libc.a(lib_a-mallocr.o)
                0x08005490                _malloc_r
 .text.memchr   0x0800588c       0x1c c:/program files (x86)/atollic/truestudio for arm lite 3.2.0/armtools/bin/../lib/gcc/arm-atollic-eabi/4.6.2/../../../../arm-atollic-eabi/lib/thumb/armv7-m\libc.a(lib_a-memchr.o)
                0x0800588c                memchr
 .text.memcpy   0x080058a8       0x12 c:/program files (x86)/atollic/truestudio for arm lite 3.2.0/armtools/bin/../lib/gcc/arm-atollic-eabi/4.6.2/../../../../arm-atollic-eabi/lib/thumb/armv7-m\libc.a(lib_a-memcpy.o)
                0x080058a8                memcpy
 .text.__malloc_lock
                0x080058ba        0x2 c:/program files (x86)/atollic/truestudio for arm lite 3.2.0/armtools/bin/../lib/gcc/arm-atollic-eabi/4.6.2/../../../../arm-atollic-eabi/lib/thumb/armv7-m\libc.a(lib_a-mlock.o)
                0x080058ba                __malloc_lock
 .text.__malloc_unlock
                0x080058bc        0x2 c:/program files (x86)/atollic/truestudio for arm lite 3.2.0/armtools/bin/../lib/gcc/arm-atollic-eabi/4.6.2/../../../../arm-atollic-eabi/lib/thumb/armv7-m\libc.a(lib_a-mlock.o)
                0x080058bc                __malloc_unlock
 .text._Balloc  0x080058be       0x62 c:/program files (x86)/atollic/truestudio for arm lite 3.2.0/armtools/bin/../lib/gcc/arm-atollic-eabi/4.6.2/../../../../arm-atollic-eabi/lib/thumb/armv7-m\libc.a(lib_a-mprec.o)
                0x080058be                _Balloc
 .text._Bfree   0x08005920       0x2e c:/program files (x86)/atollic/truestudio for arm lite 3.2.0/armtools/bin/../lib/gcc/arm-atollic-eabi/4.6.2/../../../../arm-atollic-eabi/lib/thumb/armv7-m\libc.a(lib_a-mprec.o)
                0x08005920                _Bfree
 .text.__multadd
                0x0800594e       0x78 c:/program files (x86)/atollic/truestudio for arm lite 3.2.0/armtools/bin/../lib/gcc/arm-atollic-eabi/4.6.2/../../../../arm-atollic-eabi/lib/thumb/armv7-m\libc.a(lib_a-mprec.o)
                0x0800594e                __multadd
 .text.__hi0bits
                0x080059c6       0x3e c:/program files (x86)/atollic/truestudio for arm lite 3.2.0/armtools/bin/../lib/gcc/arm-atollic-eabi/4.6.2/../../../../arm-atollic-eabi/lib/thumb/armv7-m\libc.a(lib_a-mprec.o)
                0x080059c6                __hi0bits
 .text.__lo0bits
                0x08005a04       0x5a c:/program files (x86)/atollic/truestudio for arm lite 3.2.0/armtools/bin/../lib/gcc/arm-atollic-eabi/4.6.2/../../../../arm-atollic-eabi/lib/thumb/armv7-m\libc.a(lib_a-mprec.o)
                0x08005a04                __lo0bits
 .text.__i2b    0x08005a5e       0x12 c:/program files (x86)/atollic/truestudio for arm lite 3.2.0/armtools/bin/../lib/gcc/arm-atollic-eabi/4.6.2/../../../../arm-atollic-eabi/lib/thumb/armv7-m\libc.a(lib_a-mprec.o)
                0x08005a5e                __i2b
 .text.__multiply
                0x08005a70      0x128 c:/program files (x86)/atollic/truestudio for arm lite 3.2.0/armtools/bin/../lib/gcc/arm-atollic-eabi/4.6.2/../../../../arm-atollic-eabi/lib/thumb/armv7-m\libc.a(lib_a-mprec.o)
                0x08005a70                __multiply
 .text.__pow5mult
                0x08005b98       0xa0 c:/program files (x86)/atollic/truestudio for arm lite 3.2.0/armtools/bin/../lib/gcc/arm-atollic-eabi/4.6.2/../../../../arm-atollic-eabi/lib/thumb/armv7-m\libc.a(lib_a-mprec.o)
                0x08005b98                __pow5mult
 .text.__lshift
                0x08005c38       0xae c:/program files (x86)/atollic/truestudio for arm lite 3.2.0/armtools/bin/../lib/gcc/arm-atollic-eabi/4.6.2/../../../../arm-atollic-eabi/lib/thumb/armv7-m\libc.a(lib_a-mprec.o)
                0x08005c38                __lshift
 .text.__mcmp   0x08005ce6       0x3e c:/program files (x86)/atollic/truestudio for arm lite 3.2.0/armtools/bin/../lib/gcc/arm-atollic-eabi/4.6.2/../../../../arm-atollic-eabi/lib/thumb/armv7-m\libc.a(lib_a-mprec.o)
                0x08005ce6                __mcmp
 .text.__mdiff  0x08005d24       0xc8 c:/program files (x86)/atollic/truestudio for arm lite 3.2.0/armtools/bin/../lib/gcc/arm-atollic-eabi/4.6.2/../../../../arm-atollic-eabi/lib/thumb/armv7-m\libc.a(lib_a-mprec.o)
                0x08005d24                __mdiff
 .text.__d2b    0x08005dec       0xbc c:/program files (x86)/atollic/truestudio for arm lite 3.2.0/armtools/bin/../lib/gcc/arm-atollic-eabi/4.6.2/../../../../arm-atollic-eabi/lib/thumb/armv7-m\libc.a(lib_a-mprec.o)
                0x08005dec                __d2b
 .text.__fpclassifyd
                0x08005ea8       0x64 c:/program files (x86)/atollic/truestudio for arm lite 3.2.0/armtools/bin/../lib/gcc/arm-atollic-eabi/4.6.2/../../../../arm-atollic-eabi/lib/thumb/armv7-m\libc.a(lib_a-s_fpclassify.o)
                0x08005ea8                __fpclassifyd
 .text._sbrk_r  0x08005f0c       0x20 c:/program files (x86)/atollic/truestudio for arm lite 3.2.0/armtools/bin/../lib/gcc/arm-atollic-eabi/4.6.2/../../../../arm-atollic-eabi/lib/thumb/armv7-m\libc.a(lib_a-sbrkr.o)
                0x08005f0c                _sbrk_r
 .text.strlen   0x08005f2c       0x10 c:/program files (x86)/atollic/truestudio for arm lite 3.2.0/armtools/bin/../lib/gcc/arm-atollic-eabi/4.6.2/../../../../arm-atollic-eabi/lib/thumb/armv7-m\libc.a(lib_a-strlen.o)
                0x08005f2c                strlen
 .text.__ssprint_r
                0x08005f3c       0xf2 c:/program files (x86)/atollic/truestudio for arm lite 3.2.0/armtools/bin/../lib/gcc/arm-atollic-eabi/4.6.2/../../../../arm-atollic-eabi/lib/thumb/armv7-m\libc.a(lib_a-svfiprintf.o)
                0x08005f3c                __ssprint_r
 .text._getpid  0x0800602e        0x4 c:/program files (x86)/atollic/truestudio for arm lite 3.2.0/armtools/bin/../lib/gcc/arm-atollic-eabi/4.6.2/../../../../arm-atollic-eabi/lib/thumb/armv7-m\libc.a(lib_a-syscalls.o)
                0x0800602e                _getpid
 *fill*         0x08006032        0x2 00
 .text._kill    0x08006034       0x10 c:/program files (x86)/atollic/truestudio for arm lite 3.2.0/armtools/bin/../lib/gcc/arm-atollic-eabi/4.6.2/../../../../arm-atollic-eabi/lib/thumb/armv7-m\libc.a(lib_a-syscalls.o)
                0x08006034                _kill
 .text._exit    0x08006044        0xc c:/program files (x86)/atollic/truestudio for arm lite 3.2.0/armtools/bin/../lib/gcc/arm-atollic-eabi/4.6.2/../../../../arm-atollic-eabi/lib/thumb/armv7-m\libc.a(lib_a-syscalls.o)
                0x08006044                _exit
 .text._sbrk    0x08006050       0x34 c:/program files (x86)/atollic/truestudio for arm lite 3.2.0/armtools/bin/../lib/gcc/arm-atollic-eabi/4.6.2/../../../../arm-atollic-eabi/lib/thumb/armv7-m\libc.a(lib_a-syscalls.o)
                0x08006050                _sbrk
 .text._calloc_r
                0x08006084       0x5a c:/program files (x86)/atollic/truestudio for arm lite 3.2.0/armtools/bin/../lib/gcc/arm-atollic-eabi/4.6.2/../../../../arm-atollic-eabi/lib/thumb/armv7-m\libc.a(lib_a-callocr.o)
                0x08006084                _calloc_r
 *fill*         0x080060de        0x2 00
 .text._malloc_trim_r
                0x080060e0       0xa8 c:/program files (x86)/atollic/truestudio for arm lite 3.2.0/armtools/bin/../lib/gcc/arm-atollic-eabi/4.6.2/../../../../arm-atollic-eabi/lib/thumb/armv7-m\libc.a(lib_a-freer.o)
                0x080060e0                _malloc_trim_r
 .text._free_r  0x08006188      0x16c c:/program files (x86)/atollic/truestudio for arm lite 3.2.0/armtools/bin/../lib/gcc/arm-atollic-eabi/4.6.2/../../../../arm-atollic-eabi/lib/thumb/armv7-m\libc.a(lib_a-freer.o)
                0x08006188                _free_r
 .text.memmove  0x080062f4       0x3a c:/program files (x86)/atollic/truestudio for arm lite 3.2.0/armtools/bin/../lib/gcc/arm-atollic-eabi/4.6.2/../../../../arm-atollic-eabi/lib/thumb/armv7-m\libc.a(lib_a-memmove.o)
                0x080062f4                memmove
 .text.memset   0x0800632e        0xe c:/program files (x86)/atollic/truestudio for arm lite 3.2.0/armtools/bin/../lib/gcc/arm-atollic-eabi/4.6.2/../../../../arm-atollic-eabi/lib/thumb/armv7-m\libc.a(lib_a-memset.o)
                0x0800632e                memset
 .text._realloc_r
                0x0800633c      0x2dc c:/program files (x86)/atollic/truestudio for arm lite 3.2.0/armtools/bin/../lib/gcc/arm-atollic-eabi/4.6.2/../../../../arm-atollic-eabi/lib/thumb/armv7-m\libc.a(lib_a-reallocr.o)
                0x0800633c                _realloc_r
 .text.abort    0x08006618        0xe c:/program files (x86)/atollic/truestudio for arm lite 3.2.0/armtools/bin/../lib/gcc/arm-atollic-eabi/4.6.2/../../../../arm-atollic-eabi/lib/thumb/armv7-m\libc.a(lib_a-abort.o)
                0x08006618                abort
 .text._raise_r
                0x08006626       0x54 c:/program files (x86)/atollic/truestudio for arm lite 3.2.0/armtools/bin/../lib/gcc/arm-atollic-eabi/4.6.2/../../../../arm-atollic-eabi/lib/thumb/armv7-m\libc.a(lib_a-signal.o)
                0x08006626                _raise_r
 *fill*         0x0800667a        0x2 00
 .text.raise    0x0800667c       0x10 c:/program files (x86)/atollic/truestudio for arm lite 3.2.0/armtools/bin/../lib/gcc/arm-atollic-eabi/4.6.2/../../../../arm-atollic-eabi/lib/thumb/armv7-m\libc.a(lib_a-signal.o)
                0x0800667c                raise
 .text._kill_r  0x0800668c       0x24 c:/program files (x86)/atollic/truestudio for arm lite 3.2.0/armtools/bin/../lib/gcc/arm-atollic-eabi/4.6.2/../../../../arm-atollic-eabi/lib/thumb/armv7-m\libc.a(lib_a-signalr.o)
                0x0800668c                _kill_r
 .text._getpid_r
                0x080066b0        0x4 c:/program files (x86)/atollic/truestudio for arm lite 3.2.0/armtools/bin/../lib/gcc/arm-atollic-eabi/4.6.2/../../../../arm-atollic-eabi/lib/thumb/armv7-m\libc.a(lib_a-signalr.o)
                0x080066b0                _getpid_r
 *(.rodata)
 .rodata        0x080066b4       0x58 src\main.o
 *(.rodata*)
 .rodata.zeroes.6598
                0x0800670c       0x10 c:/program files (x86)/atollic/truestudio for arm lite 3.2.0/armtools/bin/../lib/gcc/arm-atollic-eabi/4.6.2/../../../../arm-atollic-eabi/lib/thumb/armv7-m\libc.a(lib_a-svfprintf.o)
 .rodata.str1.1
                0x0800671c       0x34 c:/program files (x86)/atollic/truestudio for arm lite 3.2.0/armtools/bin/../lib/gcc/arm-atollic-eabi/4.6.2/../../../../arm-atollic-eabi/lib/thumb/armv7-m\libc.a(lib_a-svfprintf.o)
 .rodata.blanks.6597
                0x08006750       0x10 c:/program files (x86)/atollic/truestudio for arm lite 3.2.0/armtools/bin/../lib/gcc/arm-atollic-eabi/4.6.2/../../../../arm-atollic-eabi/lib/thumb/armv7-m\libc.a(lib_a-svfprintf.o)
 .rodata.str1.1
                0x08006760        0xd c:/program files (x86)/atollic/truestudio for arm lite 3.2.0/armtools/bin/../lib/gcc/arm-atollic-eabi/4.6.2/../../../../arm-atollic-eabi/lib/thumb/armv7-m\libc.a(lib_a-dtoa.o)
                                  0xf (size before relaxing)
 .rodata.str1.1
                0x0800676d        0x2 c:/program files (x86)/atollic/truestudio for arm lite 3.2.0/armtools/bin/../lib/gcc/arm-atollic-eabi/4.6.2/../../../../arm-atollic-eabi/lib/thumb/armv7-m\libc.a(lib_a-impure.o)
 .rodata.str1.1
                0x0800676f        0x8 c:/program files (x86)/atollic/truestudio for arm lite 3.2.0/armtools/bin/../lib/gcc/arm-atollic-eabi/4.6.2/../../../../arm-atollic-eabi/lib/thumb/armv7-m\libc.a(lib_a-locale.o)
                                  0xb (size before relaxing)
 *fill*         0x08006777        0x1 00
 .rodata.p05.5123
                0x08006778        0xc c:/program files (x86)/atollic/truestudio for arm lite 3.2.0/armtools/bin/../lib/gcc/arm-atollic-eabi/4.6.2/../../../../arm-atollic-eabi/lib/thumb/armv7-m\libc.a(lib_a-mprec.o)
 *fill*         0x08006784        0x4 00
 .rodata.__mprec_tens
                0x08006788       0xc8 c:/program files (x86)/atollic/truestudio for arm lite 3.2.0/armtools/bin/../lib/gcc/arm-atollic-eabi/4.6.2/../../../../arm-atollic-eabi/lib/thumb/armv7-m\libc.a(lib_a-mprec.o)
                0x08006788                __mprec_tens
 .rodata.__mprec_bigtens
                0x08006850       0x28 c:/program files (x86)/atollic/truestudio for arm lite 3.2.0/armtools/bin/../lib/gcc/arm-atollic-eabi/4.6.2/../../../../arm-atollic-eabi/lib/thumb/armv7-m\libc.a(lib_a-mprec.o)
                0x08006850                __mprec_bigtens
 *(.glue_7)
 .glue_7        0x00000000        0x0 linker stubs
 *(.glue_7t)
 .glue_7t       0x00000000        0x0 linker stubs
 *(.eh_frame)
 .eh_frame      0x08006878        0x0 c:/program files (x86)/atollic/truestudio for arm lite 3.2.0/armtools/bin/../lib/gcc/arm-atollic-eabi/4.6.2/thumb/armv7-m/crtbegin.o
 *(.init)
 .init          0x08006878        0x4 c:/program files (x86)/atollic/truestudio for arm lite 3.2.0/armtools/bin/../lib/gcc/arm-atollic-eabi/4.6.2/thumb/armv7-m/crti.o
                0x08006878                _init
 .init          0x0800687c        0x8 c:/program files (x86)/atollic/truestudio for arm lite 3.2.0/armtools/bin/../lib/gcc/arm-atollic-eabi/4.6.2/thumb/armv7-m/crtn.o
 *(.fini)
 .fini          0x08006884        0x4 c:/program files (x86)/atollic/truestudio for arm lite 3.2.0/armtools/bin/../lib/gcc/arm-atollic-eabi/4.6.2/thumb/armv7-m/crti.o
                0x08006884                _fini
 .fini          0x08006888        0x8 c:/program files (x86)/atollic/truestudio for arm lite 3.2.0/armtools/bin/../lib/gcc/arm-atollic-eabi/4.6.2/thumb/armv7-m/crtn.o
                0x08006890                . = ALIGN (0x4)
                0x08006890                _etext = .

.vfp11_veneer   0x08006890        0x0
 .vfp11_veneer  0x00000000        0x0 linker stubs

.v4_bx          0x08006890        0x0
 .v4_bx         0x00000000        0x0 linker stubs

.ARM.extab      0x08006890       0x30
 *(.ARM.extab* .gnu.linkonce.armextab.*)
 .ARM.extab     0x08006890       0x18 c:/program files (x86)/atollic/truestudio for arm lite 3.2.0/armtools/bin/../lib/gcc/arm-atollic-eabi/4.6.2/thumb/armv7-m\libgcc.a(unwind-arm.o)
 .ARM.extab     0x080068a8       0x18 c:/program files (x86)/atollic/truestudio for arm lite 3.2.0/armtools/bin/../lib/gcc/arm-atollic-eabi/4.6.2/thumb/armv7-m\libgcc.a(pr-support.o)

.ARM            0x080068c0       0xe8
                0x080068c0                __exidx_start = .
 *(.ARM.exidx*)
 .ARM.exidx     0x080068c0       0x10 c:/program files (x86)/atollic/truestudio for arm lite 3.2.0/armtools/bin/../lib/gcc/arm-atollic-eabi/4.6.2/thumb/armv7-m\libgcc.a(bpabi.o)
 .ARM.exidx     0x080068d0       0x88 c:/program files (x86)/atollic/truestudio for arm lite 3.2.0/armtools/bin/../lib/gcc/arm-atollic-eabi/4.6.2/thumb/armv7-m\libgcc.a(unwind-arm.o)
                                 0xc0 (size before relaxing)
 .ARM.exidx     0x08006958       0x38 c:/program files (x86)/atollic/truestudio for arm lite 3.2.0/armtools/bin/../lib/gcc/arm-atollic-eabi/4.6.2/thumb/armv7-m\libgcc.a(pr-support.o)
                                 0x48 (size before relaxing)
 .ARM.exidx     0x08006990        0x8 c:/program files (x86)/atollic/truestudio for arm lite 3.2.0/armtools/bin/../lib/gcc/arm-atollic-eabi/4.6.2/thumb/armv7-m\libgcc.a(_divdi3.o)
 .ARM.exidx     0x08006998       0x10 c:/program files (x86)/atollic/truestudio for arm lite 3.2.0/armtools/bin/../lib/gcc/arm-atollic-eabi/4.6.2/thumb/armv7-m\libgcc.a(_udivdi3.o)
                                  0x8 (size before relaxing)
                0x080069a8                __exidx_end = .

.preinit_array  0x080069a8        0x0
                0x080069a8                PROVIDE (__preinit_array_start, .)
 *(.preinit_array*)
                0x080069a8                PROVIDE (__preinit_array_end, .)

.init_array     0x080069a8        0x4
                0x080069a8                PROVIDE (__init_array_start, .)
 *(SORT(.init_array.*))
 *(.init_array*)
 .init_array    0x080069a8        0x4 c:/program files (x86)/atollic/truestudio for arm lite 3.2.0/armtools/bin/../lib/gcc/arm-atollic-eabi/4.6.2/thumb/armv7-m/crtbegin.o
                0x080069ac                PROVIDE (__init_array_end, .)

.fini_array     0x080069ac        0x4
                0x080069ac                PROVIDE (__fini_array_start, .)
 *(.fini_array*)
 .fini_array    0x080069ac        0x4 c:/program files (x86)/atollic/truestudio for arm lite 3.2.0/armtools/bin/../lib/gcc/arm-atollic-eabi/4.6.2/thumb/armv7-m/crtbegin.o
 *(SORT(.fini_array.*))
                0x080069b0                PROVIDE (__fini_array_end, .)
                0x080069b0                _sidata = .

.data           0x20000000      0x558 load address 0x080069b0
                0x20000000                . = ALIGN (0x4)
                0x20000000                _sdata = .
 *(.data)
 *(.data*)
 .data.PLLMulTable
                0x20000000        0xc Libraries\STM32L1xx_StdPeriph_Driver\src\stm32l1xx_rcc.o
 .data.APBAHBPrescTable
                0x2000000c       0x10 Libraries\STM32L1xx_StdPeriph_Driver\src\stm32l1xx_rcc.o
 .data.impure_data
                0x2000001c       0xf0 c:/program files (x86)/atollic/truestudio for arm lite 3.2.0/armtools/bin/../lib/gcc/arm-atollic-eabi/4.6.2/../../../../arm-atollic-eabi/lib/thumb/armv7-m\libc.a(lib_a-impure.o)
 .data._impure_ptr
                0x2000010c        0x4 c:/program files (x86)/atollic/truestudio for arm lite 3.2.0/armtools/bin/../lib/gcc/arm-atollic-eabi/4.6.2/../../../../arm-atollic-eabi/lib/thumb/armv7-m\libc.a(lib_a-impure.o)
                0x2000010c                _impure_ptr
 .data.lconv    0x20000110       0x38 c:/program files (x86)/atollic/truestudio for arm lite 3.2.0/armtools/bin/../lib/gcc/arm-atollic-eabi/4.6.2/../../../../arm-atollic-eabi/lib/thumb/armv7-m\libc.a(lib_a-locale.o)
 .data.__malloc_av_
                0x20000148      0x408 c:/program files (x86)/atollic/truestudio for arm lite 3.2.0/armtools/bin/../lib/gcc/arm-atollic-eabi/4.6.2/../../../../arm-atollic-eabi/lib/thumb/armv7-m\libc.a(lib_a-mallocr.o)
                0x20000148                __malloc_av_
 .data.__malloc_trim_threshold
                0x20000550        0x4 c:/program files (x86)/atollic/truestudio for arm lite 3.2.0/armtools/bin/../lib/gcc/arm-atollic-eabi/4.6.2/../../../../arm-atollic-eabi/lib/thumb/armv7-m\libc.a(lib_a-mallocr.o)
                0x20000550                __malloc_trim_threshold
 .data.__malloc_sbrk_base
                0x20000554        0x4 c:/program files (x86)/atollic/truestudio for arm lite 3.2.0/armtools/bin/../lib/gcc/arm-atollic-eabi/4.6.2/../../../../arm-atollic-eabi/lib/thumb/armv7-m\libc.a(lib_a-mallocr.o)
                0x20000554                __malloc_sbrk_base
                0x20000558                . = ALIGN (0x4)
                0x20000558                _edata = .

.jcr            0x20000558        0x0 load address 0x08006f08
 .jcr           0x20000558        0x0 c:/program files (x86)/atollic/truestudio for arm lite 3.2.0/armtools/bin/../lib/gcc/arm-atollic-eabi/4.6.2/thumb/armv7-m/crtbegin.o
                0x20000558                . = ALIGN (0x4)

.bss            0x20000558       0x68 load address 0x08006f08
                0x20000558                _sbss = .
                0x20000558                __bss_start__ = _sbss
 *(.bss)
 .bss           0x20000558       0x1c c:/program files (x86)/atollic/truestudio for arm lite 3.2.0/armtools/bin/../lib/gcc/arm-atollic-eabi/4.6.2/thumb/armv7-m/crtbegin.o
 *(.bss*)
 .bss.gCallback2
                0x20000574        0x4 src\usart2.o
                0x20000574                gCallback2
 .bss.gCallback3
                0x20000578        0x4 src\usart2.o
                0x20000578                gCallback3
 .bss.tick      0x2000057c        0x4 src\main.o
                0x2000057c                tick
 .bss.gCallback1
                0x20000580        0x4 mcu\src\usart.o
                0x20000580                gCallback1
 .bss.__malloc_max_total_mem
                0x20000584        0x4 c:/program files (x86)/atollic/truestudio for arm lite 3.2.0/armtools/bin/../lib/gcc/arm-atollic-eabi/4.6.2/../../../../arm-atollic-eabi/lib/thumb/armv7-m\libc.a(lib_a-mallocr.o)
                0x20000584                __malloc_max_total_mem
 .bss.__malloc_max_sbrked_mem
                0x20000588        0x4 c:/program files (x86)/atollic/truestudio for arm lite 3.2.0/armtools/bin/../lib/gcc/arm-atollic-eabi/4.6.2/../../../../arm-atollic-eabi/lib/thumb/armv7-m\libc.a(lib_a-mallocr.o)
                0x20000588                __malloc_max_sbrked_mem
 .bss.__malloc_top_pad
                0x2000058c        0x4 c:/program files (x86)/atollic/truestudio for arm lite 3.2.0/armtools/bin/../lib/gcc/arm-atollic-eabi/4.6.2/../../../../arm-atollic-eabi/lib/thumb/armv7-m\libc.a(lib_a-mallocr.o)
                0x2000058c                __malloc_top_pad
 .bss.__malloc_current_mallinfo
                0x20000590       0x28 c:/program files (x86)/atollic/truestudio for arm lite 3.2.0/armtools/bin/../lib/gcc/arm-atollic-eabi/4.6.2/../../../../arm-atollic-eabi/lib/thumb/armv7-m\libc.a(lib_a-mallocr.o)
                0x20000590                __malloc_current_mallinfo
 .bss.heap_end.4982
                0x200005b8        0x4 c:/program files (x86)/atollic/truestudio for arm lite 3.2.0/armtools/bin/../lib/gcc/arm-atollic-eabi/4.6.2/../../../../arm-atollic-eabi/lib/thumb/armv7-m\libc.a(lib_a-syscalls.o)
 *(COMMON)
 COMMON         0x200005bc        0x4 c:/program files (x86)/atollic/truestudio for arm lite 3.2.0/armtools/bin/../lib/gcc/arm-atollic-eabi/4.6.2/../../../../arm-atollic-eabi/lib/thumb/armv7-m\libc.a(lib_a-reent.o)
                0x200005bc                errno
                0x200005c0                . = ALIGN (0x4)
                0x200005c0                _ebss = .
                0x200005c0                __bss_end__ = _ebss

._user_heap_stack
                0x200005c0       0x80 load address 0x08006f08
                0x200005c0                . = ALIGN (0x4)
                0x200005c0                PROVIDE (end, .)
                0x200005c0                PROVIDE (_end, .)
                0x200005c0                . = (. + _Min_Heap_Size)
                0x20000640                . = (. + _Min_Stack_Size)
 *fill*         0x200005c0       0x80 00
                0x20000640                . = ALIGN (0x4)

.memory_b1_text
 *(.mb1text)
 *(.mb1text*)
 *(.mb1rodata)
 *(.mb1rodata*)

/DISCARD/
 libc.a(*)
 libm.a(*)
 libgcc.a(*)

.ARM.attributes
                0x00000000       0x29
 *(.ARM.attributes)
 .ARM.attributes
                0x00000000       0x1d c:/program files (x86)/atollic/truestudio for arm lite 3.2.0/armtools/bin/../lib/gcc/arm-atollic-eabi/4.6.2/thumb/armv7-m/crti.o
 .ARM.attributes
                0x0000001d       0x2d c:/program files (x86)/atollic/truestudio for arm lite 3.2.0/armtools/bin/../lib/gcc/arm-atollic-eabi/4.6.2/thumb/armv7-m/crtbegin.o
 .ARM.attributes
                0x0000004a       0x33 src\usart2.o
 .ARM.attributes
                0x0000007d       0x33 src\system_stm32l1xx.o
 .ARM.attributes
                0x000000b0       0x33 src\stm32l1xx_it.o
 .ARM.attributes
                0x000000e3       0x33 src\main.o
 .ARM.attributes
                0x00000116       0x33 mcu\src\usart.o
 .ARM.attributes
                0x00000149       0x33 mcu\src\mcu.o
 .ARM.attributes
                0x0000017c       0x33 Libraries\STM32L1xx_StdPeriph_Driver\src\stm32l1xx_wwdg.o
 .ARM.attributes
                0x000001af       0x33 Libraries\STM32L1xx_StdPeriph_Driver\src\stm32l1xx_usart.o
 .ARM.attributes
                0x000001e2       0x33 Libraries\STM32L1xx_StdPeriph_Driver\src\stm32l1xx_tim.o
 .ARM.attributes
                0x00000215       0x33 Libraries\STM32L1xx_StdPeriph_Driver\src\stm32l1xx_syscfg.o
 .ARM.attributes
                0x00000248       0x33 Libraries\STM32L1xx_StdPeriph_Driver\src\stm32l1xx_spi.o
 .ARM.attributes
                0x0000027b       0x33 Libraries\STM32L1xx_StdPeriph_Driver\src\stm32l1xx_rtc.o
 .ARM.attributes
                0x000002ae       0x33 Libraries\STM32L1xx_StdPeriph_Driver\src\stm32l1xx_rcc.o
 .ARM.attributes
                0x000002e1       0x33 Libraries\STM32L1xx_StdPeriph_Driver\src\stm32l1xx_pwr.o
 .ARM.attributes
                0x00000314       0x33 Libraries\STM32L1xx_StdPeriph_Driver\src\stm32l1xx_lcd.o
 .ARM.attributes
                0x00000347       0x33 Libraries\STM32L1xx_StdPeriph_Driver\src\stm32l1xx_iwdg.o
 .ARM.attributes
                0x0000037a       0x33 Libraries\STM32L1xx_StdPeriph_Driver\src\stm32l1xx_i2c.o
 .ARM.attributes
                0x000003ad       0x33 Libraries\STM32L1xx_StdPeriph_Driver\src\stm32l1xx_gpio.o
 .ARM.attributes
                0x000003e0       0x33 Libraries\STM32L1xx_StdPeriph_Driver\src\stm32l1xx_flash_ramfunc.o
 .ARM.attributes
                0x00000413       0x33 Libraries\STM32L1xx_StdPeriph_Driver\src\stm32l1xx_flash.o
 .ARM.attributes
                0x00000446       0x33 Libraries\STM32L1xx_StdPeriph_Driver\src\stm32l1xx_exti.o
 .ARM.attributes
                0x00000479       0x33 Libraries\STM32L1xx_StdPeriph_Driver\src\stm32l1xx_dma.o
 .ARM.attributes
                0x000004ac       0x33 Libraries\STM32L1xx_StdPeriph_Driver\src\stm32l1xx_dbgmcu.o
 .ARM.attributes
                0x000004df       0x33 Libraries\STM32L1xx_StdPeriph_Driver\src\stm32l1xx_dac.o
 .ARM.attributes
                0x00000512       0x33 Libraries\STM32L1xx_StdPeriph_Driver\src\stm32l1xx_crc.o
 .ARM.attributes
                0x00000545       0x33 Libraries\STM32L1xx_StdPeriph_Driver\src\stm32l1xx_comp.o
 .ARM.attributes
                0x00000578       0x33 Libraries\STM32L1xx_StdPeriph_Driver\src\stm32l1xx_adc.o
 .ARM.attributes
                0x000005ab       0x33 Libraries\STM32L1xx_StdPeriph_Driver\src\misc.o
 .ARM.attributes
                0x000005de       0x21 Libraries\CMSIS\CM3\DeviceSupport\ST\STM32L1xx\startup\TrueSTUDIO\startup_stm32l1xx_md.o
 .ARM.attributes
                0x000005ff       0x33 Libraries\CMSIS\CM3\CoreSupport\core_cm3.o
 .ARM.attributes
                0x00000632       0x2d c:/program files (x86)/atollic/truestudio for arm lite 3.2.0/armtools/bin/../lib/gcc/arm-atollic-eabi/4.6.2/../../../../arm-atollic-eabi/lib/thumb/armv7-m\libc.a(lib_a-init.o)
 .ARM.attributes
                0x0000065f       0x2d c:/program files (x86)/atollic/truestudio for arm lite 3.2.0/armtools/bin/../lib/gcc/arm-atollic-eabi/4.6.2/../../../../arm-atollic-eabi/lib/thumb/armv7-m\libc.a(lib_a-sprintf.o)
 .ARM.attributes
                0x0000068c       0x2d c:/program files (x86)/atollic/truestudio for arm lite 3.2.0/armtools/bin/../lib/gcc/arm-atollic-eabi/4.6.2/../../../../arm-atollic-eabi/lib/thumb/armv7-m\libc.a(lib_a-svfprintf.o)
 .ARM.attributes
                0x000006b9       0x2d c:/program files (x86)/atollic/truestudio for arm lite 3.2.0/armtools/bin/../lib/gcc/arm-atollic-eabi/4.6.2/../../../../arm-atollic-eabi/lib/thumb/armv7-m\libc.a(lib_a-dtoa.o)
 .ARM.attributes
                0x000006e6       0x2d c:/program files (x86)/atollic/truestudio for arm lite 3.2.0/armtools/bin/../lib/gcc/arm-atollic-eabi/4.6.2/../../../../arm-atollic-eabi/lib/thumb/armv7-m\libc.a(lib_a-impure.o)
 .ARM.attributes
                0x00000713       0x2d c:/program files (x86)/atollic/truestudio for arm lite 3.2.0/armtools/bin/../lib/gcc/arm-atollic-eabi/4.6.2/../../../../arm-atollic-eabi/lib/thumb/armv7-m\libc.a(lib_a-locale.o)
 .ARM.attributes
                0x00000740       0x2d c:/program files (x86)/atollic/truestudio for arm lite 3.2.0/armtools/bin/../lib/gcc/arm-atollic-eabi/4.6.2/../../../../arm-atollic-eabi/lib/thumb/armv7-m\libc.a(lib_a-malloc.o)
 .ARM.attributes
                0x0000076d       0x2d c:/program files (x86)/atollic/truestudio for arm lite 3.2.0/armtools/bin/../lib/gcc/arm-atollic-eabi/4.6.2/../../../../arm-atollic-eabi/lib/thumb/armv7-m\libc.a(lib_a-mallocr.o)
 .ARM.attributes
                0x0000079a       0x2d c:/program files (x86)/atollic/truestudio for arm lite 3.2.0/armtools/bin/../lib/gcc/arm-atollic-eabi/4.6.2/../../../../arm-atollic-eabi/lib/thumb/armv7-m\libc.a(lib_a-memchr.o)
 .ARM.attributes
                0x000007c7       0x2d c:/program files (x86)/atollic/truestudio for arm lite 3.2.0/armtools/bin/../lib/gcc/arm-atollic-eabi/4.6.2/../../../../arm-atollic-eabi/lib/thumb/armv7-m\libc.a(lib_a-memcpy.o)
 .ARM.attributes
                0x000007f4       0x2d c:/program files (x86)/atollic/truestudio for arm lite 3.2.0/armtools/bin/../lib/gcc/arm-atollic-eabi/4.6.2/../../../../arm-atollic-eabi/lib/thumb/armv7-m\libc.a(lib_a-mlock.o)
 .ARM.attributes
                0x00000821       0x2d c:/program files (x86)/atollic/truestudio for arm lite 3.2.0/armtools/bin/../lib/gcc/arm-atollic-eabi/4.6.2/../../../../arm-atollic-eabi/lib/thumb/armv7-m\libc.a(lib_a-mprec.o)
 .ARM.attributes
                0x0000084e       0x2d c:/program files (x86)/atollic/truestudio for arm lite 3.2.0/armtools/bin/../lib/gcc/arm-atollic-eabi/4.6.2/../../../../arm-atollic-eabi/lib/thumb/armv7-m\libc.a(lib_a-s_fpclassify.o)
 .ARM.attributes
                0x0000087b       0x2d c:/program files (x86)/atollic/truestudio for arm lite 3.2.0/armtools/bin/../lib/gcc/arm-atollic-eabi/4.6.2/../../../../arm-atollic-eabi/lib/thumb/armv7-m\libc.a(lib_a-sbrkr.o)
 .ARM.attributes
                0x000008a8       0x2d c:/program files (x86)/atollic/truestudio for arm lite 3.2.0/armtools/bin/../lib/gcc/arm-atollic-eabi/4.6.2/../../../../arm-atollic-eabi/lib/thumb/armv7-m\libc.a(lib_a-strcmp.o)
 .ARM.attributes
                0x000008d5       0x2d c:/program files (x86)/atollic/truestudio for arm lite 3.2.0/armtools/bin/../lib/gcc/arm-atollic-eabi/4.6.2/../../../../arm-atollic-eabi/lib/thumb/armv7-m\libc.a(lib_a-strlen.o)
 .ARM.attributes
                0x00000902       0x2d c:/program files (x86)/atollic/truestudio for arm lite 3.2.0/armtools/bin/../lib/gcc/arm-atollic-eabi/4.6.2/../../../../arm-atollic-eabi/lib/thumb/armv7-m\libc.a(lib_a-svfiprintf.o)
 .ARM.attributes
                0x0000092f       0x2d c:/program files (x86)/atollic/truestudio for arm lite 3.2.0/armtools/bin/../lib/gcc/arm-atollic-eabi/4.6.2/../../../../arm-atollic-eabi/lib/thumb/armv7-m\libc.a(lib_a-syscalls.o)
 .ARM.attributes
                0x0000095c       0x2d c:/program files (x86)/atollic/truestudio for arm lite 3.2.0/armtools/bin/../lib/gcc/arm-atollic-eabi/4.6.2/../../../../arm-atollic-eabi/lib/thumb/armv7-m\libc.a(lib_a-callocr.o)
 .ARM.attributes
                0x00000989       0x2d c:/program files (x86)/atollic/truestudio for arm lite 3.2.0/armtools/bin/../lib/gcc/arm-atollic-eabi/4.6.2/../../../../arm-atollic-eabi/lib/thumb/armv7-m\libc.a(lib_a-freer.o)
 .ARM.attributes
                0x000009b6       0x2d c:/program files (x86)/atollic/truestudio for arm lite 3.2.0/armtools/bin/../lib/gcc/arm-atollic-eabi/4.6.2/../../../../arm-atollic-eabi/lib/thumb/armv7-m\libc.a(lib_a-memmove.o)
 .ARM.attributes
                0x000009e3       0x2d c:/program files (x86)/atollic/truestudio for arm lite 3.2.0/armtools/bin/../lib/gcc/arm-atollic-eabi/4.6.2/../../../../arm-atollic-eabi/lib/thumb/armv7-m\libc.a(lib_a-memset.o)
 .ARM.attributes
                0x00000a10       0x2d c:/program files (x86)/atollic/truestudio for arm lite 3.2.0/armtools/bin/../lib/gcc/arm-atollic-eabi/4.6.2/../../../../arm-atollic-eabi/lib/thumb/armv7-m\libc.a(lib_a-reallocr.o)
 .ARM.attributes
                0x00000a3d       0x2d c:/program files (x86)/atollic/truestudio for arm lite 3.2.0/armtools/bin/../lib/gcc/arm-atollic-eabi/4.6.2/../../../../arm-atollic-eabi/lib/thumb/armv7-m\libc.a(lib_a-reent.o)
 .ARM.attributes
                0x00000a6a       0x1d c:/program files (x86)/atollic/truestudio for arm lite 3.2.0/armtools/bin/../lib/gcc/arm-atollic-eabi/4.6.2/thumb/armv7-m\libgcc.a(_arm_addsubdf3.o)
 .ARM.attributes
                0x00000a87       0x1d c:/program files (x86)/atollic/truestudio for arm lite 3.2.0/armtools/bin/../lib/gcc/arm-atollic-eabi/4.6.2/thumb/armv7-m\libgcc.a(_arm_muldivdf3.o)
 .ARM.attributes
                0x00000aa4       0x1d c:/program files (x86)/atollic/truestudio for arm lite 3.2.0/armtools/bin/../lib/gcc/arm-atollic-eabi/4.6.2/thumb/armv7-m\libgcc.a(_arm_cmpdf2.o)
 .ARM.attributes
                0x00000ac1       0x1d c:/program files (x86)/atollic/truestudio for arm lite 3.2.0/armtools/bin/../lib/gcc/arm-atollic-eabi/4.6.2/thumb/armv7-m\libgcc.a(_arm_fixdfsi.o)
 .ARM.attributes
                0x00000ade       0x1d c:/program files (x86)/atollic/truestudio for arm lite 3.2.0/armtools/bin/../lib/gcc/arm-atollic-eabi/4.6.2/thumb/armv7-m\libgcc.a(_aeabi_uldivmod.o)
 .ARM.attributes
                0x00000afb       0x2d c:/program files (x86)/atollic/truestudio for arm lite 3.2.0/armtools/bin/../lib/gcc/arm-atollic-eabi/4.6.2/thumb/armv7-m\libgcc.a(bpabi.o)
 .ARM.attributes
                0x00000b28       0x2d c:/program files (x86)/atollic/truestudio for arm lite 3.2.0/armtools/bin/../lib/gcc/arm-atollic-eabi/4.6.2/thumb/armv7-m\libgcc.a(unwind-arm.o)
 .ARM.attributes
                0x00000b55       0x1d c:/program files (x86)/atollic/truestudio for arm lite 3.2.0/armtools/bin/../lib/gcc/arm-atollic-eabi/4.6.2/thumb/armv7-m\libgcc.a(libunwind.o)
 .ARM.attributes
                0x00000b72       0x2d c:/program files (x86)/atollic/truestudio for arm lite 3.2.0/armtools/bin/../lib/gcc/arm-atollic-eabi/4.6.2/thumb/armv7-m\libgcc.a(pr-support.o)
 .ARM.attributes
                0x00000b9f       0x1d c:/program files (x86)/atollic/truestudio for arm lite 3.2.0/armtools/bin/../lib/gcc/arm-atollic-eabi/4.6.2/thumb/armv7-m\libgcc.a(_dvmd_tls.o)
 .ARM.attributes
                0x00000bbc       0x2d c:/program files (x86)/atollic/truestudio for arm lite 3.2.0/armtools/bin/../lib/gcc/arm-atollic-eabi/4.6.2/thumb/armv7-m\libgcc.a(_divdi3.o)
 .ARM.attributes
                0x00000be9       0x2d c:/program files (x86)/atollic/truestudio for arm lite 3.2.0/armtools/bin/../lib/gcc/arm-atollic-eabi/4.6.2/thumb/armv7-m\libgcc.a(_udivdi3.o)
 .ARM.attributes
                0x00000c16       0x2d c:/program files (x86)/atollic/truestudio for arm lite 3.2.0/armtools/bin/../lib/gcc/arm-atollic-eabi/4.6.2/../../../../arm-atollic-eabi/lib/thumb/armv7-m\libc.a(lib_a-abort.o)
 .ARM.attributes
                0x00000c43       0x2d c:/program files (x86)/atollic/truestudio for arm lite 3.2.0/armtools/bin/../lib/gcc/arm-atollic-eabi/4.6.2/../../../../arm-atollic-eabi/lib/thumb/armv7-m\libc.a(lib_a-signal.o)
 .ARM.attributes
                0x00000c70       0x2d c:/program files (x86)/atollic/truestudio for arm lite 3.2.0/armtools/bin/../lib/gcc/arm-atollic-eabi/4.6.2/../../../../arm-atollic-eabi/lib/thumb/armv7-m\libc.a(lib_a-signalr.o)
 .ARM.attributes
                0x00000c9d       0x2d c:/program files (x86)/atollic/truestudio for arm lite 3.2.0/armtools/bin/../lib/gcc/arm-atollic-eabi/4.6.2/thumb/armv7-m/crtend.o
 .ARM.attributes
                0x00000cca       0x1d c:/program files (x86)/atollic/truestudio for arm lite 3.2.0/armtools/bin/../lib/gcc/arm-atollic-eabi/4.6.2/thumb/armv7-m/crtn.o
OUTPUT(basic_project.elf elf32-littlearm)

.debug_info     0x00000000     0xbe39
 .debug_info    0x00000000      0x8e8 src\usart2.o
 .debug_info    0x000008e8      0x55a src\system_stm32l1xx.o
 .debug_info    0x00000e42      0x14e src\stm32l1xx_it.o
 .debug_info    0x00000f90      0x1dd src\main.o
 .debug_info    0x0000116d      0x75d mcu\src\usart.o
 .debug_info    0x000018ca       0xe7 mcu\src\mcu.o
 .debug_info    0x000019b1      0x24c Libraries\STM32L1xx_StdPeriph_Driver\src\stm32l1xx_wwdg.o
 .debug_info    0x00001bfd      0xa43 Libraries\STM32L1xx_StdPeriph_Driver\src\stm32l1xx_usart.o
 .debug_info    0x00002640     0x1b42 Libraries\STM32L1xx_StdPeriph_Driver\src\stm32l1xx_tim.o
 .debug_info    0x00004182      0x3f3 Libraries\STM32L1xx_StdPeriph_Driver\src\stm32l1xx_syscfg.o
 .debug_info    0x00004575      0x76c Libraries\STM32L1xx_StdPeriph_Driver\src\stm32l1xx_spi.o
 .debug_info    0x00004ce1      0xefa Libraries\STM32L1xx_StdPeriph_Driver\src\stm32l1xx_rtc.o
 .debug_info    0x00005bdb      0xa74 Libraries\STM32L1xx_StdPeriph_Driver\src\stm32l1xx_rcc.o
 .debug_info    0x0000664f      0x57b Libraries\STM32L1xx_StdPeriph_Driver\src\stm32l1xx_pwr.o
 .debug_info    0x00006bca      0x4dd Libraries\STM32L1xx_StdPeriph_Driver\src\stm32l1xx_lcd.o
 .debug_info    0x000070a7      0x202 Libraries\STM32L1xx_StdPeriph_Driver\src\stm32l1xx_iwdg.o
 .debug_info    0x000072a9      0xb4a Libraries\STM32L1xx_StdPeriph_Driver\src\stm32l1xx_i2c.o
 .debug_info    0x00007df3      0x628 Libraries\STM32L1xx_StdPeriph_Driver\src\stm32l1xx_gpio.o
 .debug_info    0x0000841b      0x31f Libraries\STM32L1xx_StdPeriph_Driver\src\stm32l1xx_flash_ramfunc.o
 .debug_info    0x0000873a      0x9cd Libraries\STM32L1xx_StdPeriph_Driver\src\stm32l1xx_flash.o
 .debug_info    0x00009107      0x366 Libraries\STM32L1xx_StdPeriph_Driver\src\stm32l1xx_exti.o
 .debug_info    0x0000946d      0x4a1 Libraries\STM32L1xx_StdPeriph_Driver\src\stm32l1xx_dma.o
 .debug_info    0x0000990e      0x1e6 Libraries\STM32L1xx_StdPeriph_Driver\src\stm32l1xx_dbgmcu.o
 .debug_info    0x00009af4      0x677 Libraries\STM32L1xx_StdPeriph_Driver\src\stm32l1xx_dac.o
 .debug_info    0x0000a16b      0x204 Libraries\STM32L1xx_StdPeriph_Driver\src\stm32l1xx_crc.o
 .debug_info    0x0000a36f      0x24b Libraries\STM32L1xx_StdPeriph_Driver\src\stm32l1xx_comp.o
 .debug_info    0x0000a5ba      0xd12 Libraries\STM32L1xx_StdPeriph_Driver\src\stm32l1xx_adc.o
 .debug_info    0x0000b2cc      0x548 Libraries\STM32L1xx_StdPeriph_Driver\src\misc.o
 .debug_info    0x0000b814       0xd9 Libraries\CMSIS\CM3\DeviceSupport\ST\STM32L1xx\startup\TrueSTUDIO\startup_stm32l1xx_md.o
 .debug_info    0x0000b8ed      0x54c Libraries\CMSIS\CM3\CoreSupport\core_cm3.o

.debug_abbrev   0x00000000     0x24ad
 .debug_abbrev  0x00000000      0x1c7 src\usart2.o
 .debug_abbrev  0x000001c7      0x17c src\system_stm32l1xx.o
 .debug_abbrev  0x00000343       0x59 src\stm32l1xx_it.o
 .debug_abbrev  0x0000039c       0xcd src\main.o
 .debug_abbrev  0x00000469      0x183 mcu\src\usart.o
 .debug_abbrev  0x000005ec       0x8e mcu\src\mcu.o
 .debug_abbrev  0x0000067a      0x120 Libraries\STM32L1xx_StdPeriph_Driver\src\stm32l1xx_wwdg.o
 .debug_abbrev  0x0000079a      0x150 Libraries\STM32L1xx_StdPeriph_Driver\src\stm32l1xx_usart.o
 .debug_abbrev  0x000008ea      0x174 Libraries\STM32L1xx_StdPeriph_Driver\src\stm32l1xx_tim.o
 .debug_abbrev  0x00000a5e      0x13f Libraries\STM32L1xx_StdPeriph_Driver\src\stm32l1xx_syscfg.o
 .debug_abbrev  0x00000b9d      0x150 Libraries\STM32L1xx_StdPeriph_Driver\src\stm32l1xx_spi.o
 .debug_abbrev  0x00000ced      0x16d Libraries\STM32L1xx_StdPeriph_Driver\src\stm32l1xx_rtc.o
 .debug_abbrev  0x00000e5a      0x1b9 Libraries\STM32L1xx_StdPeriph_Driver\src\stm32l1xx_rcc.o
 .debug_abbrev  0x00001013      0x1b9 Libraries\STM32L1xx_StdPeriph_Driver\src\stm32l1xx_pwr.o
 .debug_abbrev  0x000011cc      0x17d Libraries\STM32L1xx_StdPeriph_Driver\src\stm32l1xx_lcd.o
 .debug_abbrev  0x00001349       0xfc Libraries\STM32L1xx_StdPeriph_Driver\src\stm32l1xx_iwdg.o
 .debug_abbrev  0x00001445      0x15f Libraries\STM32L1xx_StdPeriph_Driver\src\stm32l1xx_i2c.o
 .debug_abbrev  0x000015a4      0x177 Libraries\STM32L1xx_StdPeriph_Driver\src\stm32l1xx_gpio.o
 .debug_abbrev  0x0000171b      0x12d Libraries\STM32L1xx_StdPeriph_Driver\src\stm32l1xx_flash_ramfunc.o
 .debug_abbrev  0x00001848      0x166 Libraries\STM32L1xx_StdPeriph_Driver\src\stm32l1xx_flash.o
 .debug_abbrev  0x000019ae      0x18d Libraries\STM32L1xx_StdPeriph_Driver\src\stm32l1xx_exti.o
 .debug_abbrev  0x00001b3b      0x150 Libraries\STM32L1xx_StdPeriph_Driver\src\stm32l1xx_dma.o
 .debug_abbrev  0x00001c8b       0xdc Libraries\STM32L1xx_StdPeriph_Driver\src\stm32l1xx_dbgmcu.o
 .debug_abbrev  0x00001d67      0x174 Libraries\STM32L1xx_StdPeriph_Driver\src\stm32l1xx_dac.o
 .debug_abbrev  0x00001edb      0x10c Libraries\STM32L1xx_StdPeriph_Driver\src\stm32l1xx_crc.o
 .debug_abbrev  0x00001fe7      0x147 Libraries\STM32L1xx_StdPeriph_Driver\src\stm32l1xx_comp.o
 .debug_abbrev  0x0000212e      0x15f Libraries\STM32L1xx_StdPeriph_Driver\src\stm32l1xx_adc.o
 .debug_abbrev  0x0000228d      0x137 Libraries\STM32L1xx_StdPeriph_Driver\src\misc.o
 .debug_abbrev  0x000023c4       0x12 Libraries\CMSIS\CM3\DeviceSupport\ST\STM32L1xx\startup\TrueSTUDIO\startup_stm32l1xx_md.o
 .debug_abbrev  0x000023d6       0xd7 Libraries\CMSIS\CM3\CoreSupport\core_cm3.o

.debug_loc      0x00000000     0x6c26
 .debug_loc     0x00000000      0x2a0 src\usart2.o
 .debug_loc     0x000002a0       0x9c src\system_stm32l1xx.o
 .debug_loc     0x0000033c      0x18c src\stm32l1xx_it.o
 .debug_loc     0x000004c8       0xda src\main.o
 .debug_loc     0x000005a2      0x150 mcu\src\usart.o
 .debug_loc     0x000006f2       0x64 mcu\src\mcu.o
 .debug_loc     0x00000756      0x19c Libraries\STM32L1xx_StdPeriph_Driver\src\stm32l1xx_wwdg.o
 .debug_loc     0x000008f2      0x658 Libraries\STM32L1xx_StdPeriph_Driver\src\stm32l1xx_usart.o
 .debug_loc     0x00000f4a     0x1260 Libraries\STM32L1xx_StdPeriph_Driver\src\stm32l1xx_tim.o
 .debug_loc     0x000021aa      0x250 Libraries\STM32L1xx_StdPeriph_Driver\src\stm32l1xx_syscfg.o
 .debug_loc     0x000023fa      0x460 Libraries\STM32L1xx_StdPeriph_Driver\src\stm32l1xx_spi.o
 .debug_loc     0x0000285a      0x90c Libraries\STM32L1xx_StdPeriph_Driver\src\stm32l1xx_rtc.o
 .debug_loc     0x00003166      0x7f4 Libraries\STM32L1xx_StdPeriph_Driver\src\stm32l1xx_rcc.o
 .debug_loc     0x0000395a      0x350 Libraries\STM32L1xx_StdPeriph_Driver\src\stm32l1xx_pwr.o
 .debug_loc     0x00003caa      0x3cc Libraries\STM32L1xx_StdPeriph_Driver\src\stm32l1xx_lcd.o
 .debug_loc     0x00004076      0x138 Libraries\STM32L1xx_StdPeriph_Driver\src\stm32l1xx_iwdg.o
 .debug_loc     0x000041ae      0x700 Libraries\STM32L1xx_StdPeriph_Driver\src\stm32l1xx_i2c.o
 .debug_loc     0x000048ae      0x2d8 Libraries\STM32L1xx_StdPeriph_Driver\src\stm32l1xx_gpio.o
 .debug_loc     0x00004b86      0x150 Libraries\STM32L1xx_StdPeriph_Driver\src\stm32l1xx_flash_ramfunc.o
 .debug_loc     0x00004cd6      0x6f8 Libraries\STM32L1xx_StdPeriph_Driver\src\stm32l1xx_flash.o
 .debug_loc     0x000053ce      0x1b4 Libraries\STM32L1xx_StdPeriph_Driver\src\stm32l1xx_exti.o
 .debug_loc     0x00005582      0x268 Libraries\STM32L1xx_StdPeriph_Driver\src\stm32l1xx_dma.o
 .debug_loc     0x000057ea      0x100 Libraries\STM32L1xx_StdPeriph_Driver\src\stm32l1xx_dbgmcu.o
 .debug_loc     0x000058ea      0x3ac Libraries\STM32L1xx_StdPeriph_Driver\src\stm32l1xx_dac.o
 .debug_loc     0x00005c96      0x12c Libraries\STM32L1xx_StdPeriph_Driver\src\stm32l1xx_crc.o
 .debug_loc     0x00005dc2      0x144 Libraries\STM32L1xx_StdPeriph_Driver\src\stm32l1xx_comp.o
 .debug_loc     0x00005f06      0x818 Libraries\STM32L1xx_StdPeriph_Driver\src\stm32l1xx_adc.o
 .debug_loc     0x0000671e      0x118 Libraries\STM32L1xx_StdPeriph_Driver\src\misc.o
 .debug_loc     0x00006836      0x3f0 Libraries\CMSIS\CM3\CoreSupport\core_cm3.o

.debug_aranges  0x00000000     0x12c8
 .debug_aranges
                0x00000000       0x78 src\usart2.o
 .debug_aranges
                0x00000078       0x30 src\system_stm32l1xx.o
 .debug_aranges
                0x000000a8       0x60 src\stm32l1xx_it.o
 .debug_aranges
                0x00000108       0x38 src\main.o
 .debug_aranges
                0x00000140       0x48 mcu\src\usart.o
 .debug_aranges
                0x00000188       0x28 mcu\src\mcu.o
 .debug_aranges
                0x000001b0       0x58 Libraries\STM32L1xx_StdPeriph_Driver\src\stm32l1xx_wwdg.o
 .debug_aranges
                0x00000208      0x100 Libraries\STM32L1xx_StdPeriph_Driver\src\stm32l1xx_usart.o
 .debug_aranges
                0x00000308      0x2b8 Libraries\STM32L1xx_StdPeriph_Driver\src\stm32l1xx_tim.o
 .debug_aranges
                0x000005c0       0x70 Libraries\STM32L1xx_StdPeriph_Driver\src\stm32l1xx_syscfg.o
 .debug_aranges
                0x00000630       0xb8 Libraries\STM32L1xx_StdPeriph_Driver\src\stm32l1xx_spi.o
 .debug_aranges
                0x000006e8      0x168 Libraries\STM32L1xx_StdPeriph_Driver\src\stm32l1xx_rtc.o
 .debug_aranges
                0x00000850      0x140 Libraries\STM32L1xx_StdPeriph_Driver\src\stm32l1xx_rcc.o
 .debug_aranges
                0x00000990       0x98 Libraries\STM32L1xx_StdPeriph_Driver\src\stm32l1xx_pwr.o
 .debug_aranges
                0x00000a28       0xa8 Libraries\STM32L1xx_StdPeriph_Driver\src\stm32l1xx_lcd.o
 .debug_aranges
                0x00000ad0       0x48 Libraries\STM32L1xx_StdPeriph_Driver\src\stm32l1xx_iwdg.o
 .debug_aranges
                0x00000b18      0x118 Libraries\STM32L1xx_StdPeriph_Driver\src\stm32l1xx_i2c.o
 .debug_aranges
                0x00000c30       0x80 Libraries\STM32L1xx_StdPeriph_Driver\src\stm32l1xx_gpio.o
 .debug_aranges
                0x00000cb0       0x48 Libraries\STM32L1xx_StdPeriph_Driver\src\stm32l1xx_flash_ramfunc.o
 .debug_aranges
                0x00000cf8      0x128 Libraries\STM32L1xx_StdPeriph_Driver\src\stm32l1xx_flash.o
 .debug_aranges
                0x00000e20       0x58 Libraries\STM32L1xx_StdPeriph_Driver\src\stm32l1xx_exti.o
 .debug_aranges
                0x00000e78       0x70 Libraries\STM32L1xx_StdPeriph_Driver\src\stm32l1xx_dma.o
 .debug_aranges
                0x00000ee8       0x40 Libraries\STM32L1xx_StdPeriph_Driver\src\stm32l1xx_dbgmcu.o
 .debug_aranges
                0x00000f28       0xa0 Libraries\STM32L1xx_StdPeriph_Driver\src\stm32l1xx_dac.o
 .debug_aranges
                0x00000fc8       0x48 Libraries\STM32L1xx_StdPeriph_Driver\src\stm32l1xx_crc.o
 .debug_aranges
                0x00001010       0x48 Libraries\STM32L1xx_StdPeriph_Driver\src\stm32l1xx_comp.o
 .debug_aranges
                0x00001058      0x140 Libraries\STM32L1xx_StdPeriph_Driver\src\stm32l1xx_adc.o
 .debug_aranges
                0x00001198       0x40 Libraries\STM32L1xx_StdPeriph_Driver\src\misc.o
 .debug_aranges
                0x000011d8       0x28 Libraries\CMSIS\CM3\DeviceSupport\ST\STM32L1xx\startup\TrueSTUDIO\startup_stm32l1xx_md.o
 .debug_aranges
                0x00001200       0xc8 Libraries\CMSIS\CM3\CoreSupport\core_cm3.o

.debug_ranges   0x00000000     0x10f0
 .debug_ranges  0x00000000       0x68 src\usart2.o
 .debug_ranges  0x00000068       0x20 src\system_stm32l1xx.o
 .debug_ranges  0x00000088       0x50 src\stm32l1xx_it.o
 .debug_ranges  0x000000d8       0x28 src\main.o
 .debug_ranges  0x00000100       0x38 mcu\src\usart.o
 .debug_ranges  0x00000138       0x18 mcu\src\mcu.o
 .debug_ranges  0x00000150       0x48 Libraries\STM32L1xx_StdPeriph_Driver\src\stm32l1xx_wwdg.o
 .debug_ranges  0x00000198       0xf0 Libraries\STM32L1xx_StdPeriph_Driver\src\stm32l1xx_usart.o
 .debug_ranges  0x00000288      0x2a8 Libraries\STM32L1xx_StdPeriph_Driver\src\stm32l1xx_tim.o
 .debug_ranges  0x00000530       0x60 Libraries\STM32L1xx_StdPeriph_Driver\src\stm32l1xx_syscfg.o
 .debug_ranges  0x00000590       0xa8 Libraries\STM32L1xx_StdPeriph_Driver\src\stm32l1xx_spi.o
 .debug_ranges  0x00000638      0x158 Libraries\STM32L1xx_StdPeriph_Driver\src\stm32l1xx_rtc.o
 .debug_ranges  0x00000790      0x130 Libraries\STM32L1xx_StdPeriph_Driver\src\stm32l1xx_rcc.o
 .debug_ranges  0x000008c0       0x88 Libraries\STM32L1xx_StdPeriph_Driver\src\stm32l1xx_pwr.o
 .debug_ranges  0x00000948       0x98 Libraries\STM32L1xx_StdPeriph_Driver\src\stm32l1xx_lcd.o
 .debug_ranges  0x000009e0       0x38 Libraries\STM32L1xx_StdPeriph_Driver\src\stm32l1xx_iwdg.o
 .debug_ranges  0x00000a18      0x108 Libraries\STM32L1xx_StdPeriph_Driver\src\stm32l1xx_i2c.o
 .debug_ranges  0x00000b20       0x70 Libraries\STM32L1xx_StdPeriph_Driver\src\stm32l1xx_gpio.o
 .debug_ranges  0x00000b90       0x38 Libraries\STM32L1xx_StdPeriph_Driver\src\stm32l1xx_flash_ramfunc.o
 .debug_ranges  0x00000bc8      0x118 Libraries\STM32L1xx_StdPeriph_Driver\src\stm32l1xx_flash.o
 .debug_ranges  0x00000ce0       0x48 Libraries\STM32L1xx_StdPeriph_Driver\src\stm32l1xx_exti.o
 .debug_ranges  0x00000d28       0x60 Libraries\STM32L1xx_StdPeriph_Driver\src\stm32l1xx_dma.o
 .debug_ranges  0x00000d88       0x30 Libraries\STM32L1xx_StdPeriph_Driver\src\stm32l1xx_dbgmcu.o
 .debug_ranges  0x00000db8       0x90 Libraries\STM32L1xx_StdPeriph_Driver\src\stm32l1xx_dac.o
 .debug_ranges  0x00000e48       0x38 Libraries\STM32L1xx_StdPeriph_Driver\src\stm32l1xx_crc.o
 .debug_ranges  0x00000e80       0x38 Libraries\STM32L1xx_StdPeriph_Driver\src\stm32l1xx_comp.o
 .debug_ranges  0x00000eb8      0x130 Libraries\STM32L1xx_StdPeriph_Driver\src\stm32l1xx_adc.o
 .debug_ranges  0x00000fe8       0x30 Libraries\STM32L1xx_StdPeriph_Driver\src\misc.o
 .debug_ranges  0x00001018       0x20 Libraries\CMSIS\CM3\DeviceSupport\ST\STM32L1xx\startup\TrueSTUDIO\startup_stm32l1xx_md.o
 .debug_ranges  0x00001038       0xb8 Libraries\CMSIS\CM3\CoreSupport\core_cm3.o

.debug_line     0x00000000     0x5902
 .debug_line    0x00000000      0x2f9 src\usart2.o
 .debug_line    0x000002f9      0x1ec src\system_stm32l1xx.o
 .debug_line    0x000004e5      0x10e src\stm32l1xx_it.o
 .debug_line    0x000005f3      0x11e src\main.o
 .debug_line    0x00000711      0x24e mcu\src\usart.o
 .debug_line    0x0000095f       0x8f mcu\src\mcu.o
 .debug_line    0x000009ee      0x207 Libraries\STM32L1xx_StdPeriph_Driver\src\stm32l1xx_wwdg.o
 .debug_line    0x00000bf5      0x449 Libraries\STM32L1xx_StdPeriph_Driver\src\stm32l1xx_usart.o
 .debug_line    0x0000103e      0x912 Libraries\STM32L1xx_StdPeriph_Driver\src\stm32l1xx_tim.o
 .debug_line    0x00001950      0x276 Libraries\STM32L1xx_StdPeriph_Driver\src\stm32l1xx_syscfg.o
 .debug_line    0x00001bc6      0x360 Libraries\STM32L1xx_StdPeriph_Driver\src\stm32l1xx_spi.o
 .debug_line    0x00001f26      0x670 Libraries\STM32L1xx_StdPeriph_Driver\src\stm32l1xx_rtc.o
 .debug_line    0x00002596      0x4c8 Libraries\STM32L1xx_StdPeriph_Driver\src\stm32l1xx_rcc.o
 .debug_line    0x00002a5e      0x2cc Libraries\STM32L1xx_StdPeriph_Driver\src\stm32l1xx_pwr.o
 .debug_line    0x00002d2a      0x319 Libraries\STM32L1xx_StdPeriph_Driver\src\stm32l1xx_lcd.o
 .debug_line    0x00003043      0x1dc Libraries\STM32L1xx_StdPeriph_Driver\src\stm32l1xx_iwdg.o
 .debug_line    0x0000321f      0x483 Libraries\STM32L1xx_StdPeriph_Driver\src\stm32l1xx_i2c.o
 .debug_line    0x000036a2      0x2e4 Libraries\STM32L1xx_StdPeriph_Driver\src\stm32l1xx_gpio.o
 .debug_line    0x00003986      0x229 Libraries\STM32L1xx_StdPeriph_Driver\src\stm32l1xx_flash_ramfunc.o
 .debug_line    0x00003baf      0x4d2 Libraries\STM32L1xx_StdPeriph_Driver\src\stm32l1xx_flash.o
 .debug_line    0x00004081      0x264 Libraries\STM32L1xx_StdPeriph_Driver\src\stm32l1xx_exti.o
 .debug_line    0x000042e5      0x2b5 Libraries\STM32L1xx_StdPeriph_Driver\src\stm32l1xx_dma.o
 .debug_line    0x0000459a      0x1cc Libraries\STM32L1xx_StdPeriph_Driver\src\stm32l1xx_dbgmcu.o
 .debug_line    0x00004766      0x321 Libraries\STM32L1xx_StdPeriph_Driver\src\stm32l1xx_dac.o
 .debug_line    0x00004a87      0x1e9 Libraries\STM32L1xx_StdPeriph_Driver\src\stm32l1xx_crc.o
 .debug_line    0x00004c70      0x22c Libraries\STM32L1xx_StdPeriph_Driver\src\stm32l1xx_comp.o
 .debug_line    0x00004e9c      0x516 Libraries\STM32L1xx_StdPeriph_Driver\src\stm32l1xx_adc.o
 .debug_line    0x000053b2      0x204 Libraries\STM32L1xx_StdPeriph_Driver\src\misc.o
 .debug_line    0x000055b6       0xb1 Libraries\CMSIS\CM3\DeviceSupport\ST\STM32L1xx\startup\TrueSTUDIO\startup_stm32l1xx_md.o
 .debug_line    0x00005667      0x29b Libraries\CMSIS\CM3\CoreSupport\core_cm3.o

.debug_str      0x00000000     0x499b
 .debug_str     0x00000000      0x7c6 src\usart2.o
                                0x80a (size before relaxing)
 .debug_str     0x000007c6      0x192 src\system_stm32l1xx.o
                                0x2f3 (size before relaxing)
 .debug_str     0x00000958       0xa6 src\stm32l1xx_it.o
                                0x1d9 (size before relaxing)
 .debug_str     0x000009fe       0x58 src\main.o
                                0x190 (size before relaxing)
 .debug_str     0x00000a56       0x6f mcu\src\usart.o
                                0x7b1 (size before relaxing)
 .debug_str     0x00000ac5       0x22 mcu\src\mcu.o
                                0x155 (size before relaxing)
 .debug_str     0x00000ae7       0xe8 Libraries\STM32L1xx_StdPeriph_Driver\src\stm32l1xx_wwdg.o
                                0x260 (size before relaxing)
 .debug_str     0x00000bcf      0x3ff Libraries\STM32L1xx_StdPeriph_Driver\src\stm32l1xx_usart.o
                                0x66d (size before relaxing)
 .debug_str     0x00000fce      0xa44 Libraries\STM32L1xx_StdPeriph_Driver\src\stm32l1xx_tim.o
                                0xc6e (size before relaxing)
 .debug_str     0x00001a12      0x22a Libraries\STM32L1xx_StdPeriph_Driver\src\stm32l1xx_syscfg.o
                                0x3a6 (size before relaxing)
 .debug_str     0x00001c3c      0x2b2 Libraries\STM32L1xx_StdPeriph_Driver\src\stm32l1xx_spi.o
                                0x4aa (size before relaxing)
 .debug_str     0x00001eee      0x6bc Libraries\STM32L1xx_StdPeriph_Driver\src\stm32l1xx_rtc.o
                                0x8b8 (size before relaxing)
 .debug_str     0x000025aa      0x3f3 Libraries\STM32L1xx_StdPeriph_Driver\src\stm32l1xx_rcc.o
                                0x6cf (size before relaxing)
 .debug_str     0x0000299d      0x1a8 Libraries\STM32L1xx_StdPeriph_Driver\src\stm32l1xx_pwr.o
                                0x399 (size before relaxing)
 .debug_str     0x00002b45      0x24d Libraries\STM32L1xx_StdPeriph_Driver\src\stm32l1xx_lcd.o
                                0x3de (size before relaxing)
 .debug_str     0x00002d92       0xdb Libraries\STM32L1xx_StdPeriph_Driver\src\stm32l1xx_iwdg.o
                                0x24a (size before relaxing)
 .debug_str     0x00002e6d      0x394 Libraries\STM32L1xx_StdPeriph_Driver\src\stm32l1xx_i2c.o
                                0x61b (size before relaxing)
 .debug_str     0x00003201      0x180 Libraries\STM32L1xx_StdPeriph_Driver\src\stm32l1xx_gpio.o
                                0x48f (size before relaxing)
 .debug_str     0x00003381      0x130 Libraries\STM32L1xx_StdPeriph_Driver\src\stm32l1xx_flash_ramfunc.o
                                0x2fd (size before relaxing)
 .debug_str     0x000034b1      0x392 Libraries\STM32L1xx_StdPeriph_Driver\src\stm32l1xx_flash.o
                                0x5e5 (size before relaxing)
 .debug_str     0x00003843      0x1c0 Libraries\STM32L1xx_StdPeriph_Driver\src\stm32l1xx_exti.o
                                0x34c (size before relaxing)
 .debug_str     0x00003a03      0x20e Libraries\STM32L1xx_StdPeriph_Driver\src\stm32l1xx_dma.o
                                0x3a6 (size before relaxing)
 .debug_str     0x00003c11       0xcf Libraries\STM32L1xx_StdPeriph_Driver\src\stm32l1xx_dbgmcu.o
                                0x233 (size before relaxing)
 .debug_str     0x00003ce0      0x281 Libraries\STM32L1xx_StdPeriph_Driver\src\stm32l1xx_dac.o
                                0x431 (size before relaxing)
 .debug_str     0x00003f61       0xbb Libraries\STM32L1xx_StdPeriph_Driver\src\stm32l1xx_crc.o
                                0x229 (size before relaxing)
 .debug_str     0x0000401c       0xfe Libraries\STM32L1xx_StdPeriph_Driver\src\stm32l1xx_comp.o
                                0x284 (size before relaxing)
 .debug_str     0x0000411a      0x5d9 Libraries\STM32L1xx_StdPeriph_Driver\src\stm32l1xx_adc.o
                                0x7b2 (size before relaxing)
 .debug_str     0x000046f3      0x14d Libraries\STM32L1xx_StdPeriph_Driver\src\misc.o
                                0x3b1 (size before relaxing)
 .debug_str     0x00004840      0x15b Libraries\CMSIS\CM3\CoreSupport\core_cm3.o
                                0x2b7 (size before relaxing)

.comment        0x00000000       0x8a
 .comment       0x00000000       0x8a src\usart2.o
                                 0x8b (size before relaxing)
 .comment       0x00000000       0x8b src\system_stm32l1xx.o
 .comment       0x00000000       0x8b src\stm32l1xx_it.o
 .comment       0x00000000       0x8b src\main.o
 .comment       0x00000000       0x8b mcu\src\usart.o
 .comment       0x00000000       0x8b mcu\src\mcu.o
 .comment       0x00000000       0x8b Libraries\STM32L1xx_StdPeriph_Driver\src\stm32l1xx_wwdg.o
 .comment       0x00000000       0x8b Libraries\STM32L1xx_StdPeriph_Driver\src\stm32l1xx_usart.o
 .comment       0x00000000       0x8b Libraries\STM32L1xx_StdPeriph_Driver\src\stm32l1xx_tim.o
 .comment       0x00000000       0x8b Libraries\STM32L1xx_StdPeriph_Driver\src\stm32l1xx_syscfg.o
 .comment       0x00000000       0x8b Libraries\STM32L1xx_StdPeriph_Driver\src\stm32l1xx_spi.o
 .comment       0x00000000       0x8b Libraries\STM32L1xx_StdPeriph_Driver\src\stm32l1xx_rtc.o
 .comment       0x00000000       0x8b Libraries\STM32L1xx_StdPeriph_Driver\src\stm32l1xx_rcc.o
 .comment       0x00000000       0x8b Libraries\STM32L1xx_StdPeriph_Driver\src\stm32l1xx_pwr.o
 .comment       0x00000000       0x8b Libraries\STM32L1xx_StdPeriph_Driver\src\stm32l1xx_lcd.o
 .comment       0x00000000       0x8b Libraries\STM32L1xx_StdPeriph_Driver\src\stm32l1xx_iwdg.o
 .comment       0x00000000       0x8b Libraries\STM32L1xx_StdPeriph_Driver\src\stm32l1xx_i2c.o
 .comment       0x00000000       0x8b Libraries\STM32L1xx_StdPeriph_Driver\src\stm32l1xx_gpio.o
 .comment       0x00000000       0x8b Libraries\STM32L1xx_StdPeriph_Driver\src\stm32l1xx_flash_ramfunc.o
 .comment       0x00000000       0x8b Libraries\STM32L1xx_StdPeriph_Driver\src\stm32l1xx_flash.o
 .comment       0x00000000       0x8b Libraries\STM32L1xx_StdPeriph_Driver\src\stm32l1xx_exti.o
 .comment       0x00000000       0x8b Libraries\STM32L1xx_StdPeriph_Driver\src\stm32l1xx_dma.o
 .comment       0x00000000       0x8b Libraries\STM32L1xx_StdPeriph_Driver\src\stm32l1xx_dbgmcu.o
 .comment       0x00000000       0x8b Libraries\STM32L1xx_StdPeriph_Driver\src\stm32l1xx_dac.o
 .comment       0x00000000       0x8b Libraries\STM32L1xx_StdPeriph_Driver\src\stm32l1xx_crc.o
 .comment       0x00000000       0x8b Libraries\STM32L1xx_StdPeriph_Driver\src\stm32l1xx_comp.o
 .comment       0x00000000       0x8b Libraries\STM32L1xx_StdPeriph_Driver\src\stm32l1xx_adc.o
 .comment       0x00000000       0x8b Libraries\STM32L1xx_StdPeriph_Driver\src\misc.o
 .comment       0x00000000       0x8b Libraries\CMSIS\CM3\CoreSupport\core_cm3.o

.debug_frame    0x00000000     0x47a4
 .debug_frame   0x00000000      0x188 src\usart2.o
 .debug_frame   0x00000188       0x64 src\system_stm32l1xx.o
 .debug_frame   0x000001ec       0xe8 src\stm32l1xx_it.o
 .debug_frame   0x000002d4       0x8c src\main.o
 .debug_frame   0x00000360       0xcc mcu\src\usart.o
 .debug_frame   0x0000042c       0x44 mcu\src\mcu.o
 .debug_frame   0x00000470       0xe8 Libraries\STM32L1xx_StdPeriph_Driver\src\stm32l1xx_wwdg.o
 .debug_frame   0x00000558      0x344 Libraries\STM32L1xx_StdPeriph_Driver\src\stm32l1xx_usart.o
 .debug_frame   0x0000089c      0x95c Libraries\STM32L1xx_StdPeriph_Driver\src\stm32l1xx_tim.o
 .debug_frame   0x000011f8      0x144 Libraries\STM32L1xx_StdPeriph_Driver\src\stm32l1xx_syscfg.o
 .debug_frame   0x0000133c      0x244 Libraries\STM32L1xx_StdPeriph_Driver\src\stm32l1xx_spi.o
 .debug_frame   0x00001580      0x4cc Libraries\STM32L1xx_StdPeriph_Driver\src\stm32l1xx_rtc.o
 .debug_frame   0x00001a4c      0x414 Libraries\STM32L1xx_StdPeriph_Driver\src\stm32l1xx_rcc.o
 .debug_frame   0x00001e60      0x1d0 Libraries\STM32L1xx_StdPeriph_Driver\src\stm32l1xx_pwr.o
 .debug_frame   0x00002030      0x204 Libraries\STM32L1xx_StdPeriph_Driver\src\stm32l1xx_lcd.o
 .debug_frame   0x00002234       0xb0 Libraries\STM32L1xx_StdPeriph_Driver\src\stm32l1xx_iwdg.o
 .debug_frame   0x000022e4      0x398 Libraries\STM32L1xx_StdPeriph_Driver\src\stm32l1xx_i2c.o
 .debug_frame   0x0000267c      0x180 Libraries\STM32L1xx_StdPeriph_Driver\src\stm32l1xx_gpio.o
 .debug_frame   0x000027fc       0xcc Libraries\STM32L1xx_StdPeriph_Driver\src\stm32l1xx_flash_ramfunc.o
 .debug_frame   0x000028c8      0x3e0 Libraries\STM32L1xx_StdPeriph_Driver\src\stm32l1xx_flash.o
 .debug_frame   0x00002ca8       0xec Libraries\STM32L1xx_StdPeriph_Driver\src\stm32l1xx_exti.o
 .debug_frame   0x00002d94      0x144 Libraries\STM32L1xx_StdPeriph_Driver\src\stm32l1xx_dma.o
 .debug_frame   0x00002ed8       0x94 Libraries\STM32L1xx_StdPeriph_Driver\src\stm32l1xx_dbgmcu.o
 .debug_frame   0x00002f6c      0x1ec Libraries\STM32L1xx_StdPeriph_Driver\src\stm32l1xx_dac.o
 .debug_frame   0x00003158       0xac Libraries\STM32L1xx_StdPeriph_Driver\src\stm32l1xx_crc.o
 .debug_frame   0x00003204       0xb4 Libraries\STM32L1xx_StdPeriph_Driver\src\stm32l1xx_comp.o
 .debug_frame   0x000032b8      0x420 Libraries\STM32L1xx_StdPeriph_Driver\src\stm32l1xx_adc.o
 .debug_frame   0x000036d8       0x9c Libraries\STM32L1xx_StdPeriph_Driver\src\misc.o
 .debug_frame   0x00003774      0x280 Libraries\CMSIS\CM3\CoreSupport\core_cm3.o
 .debug_frame   0x000039f4       0x2c c:/program files (x86)/atollic/truestudio for arm lite 3.2.0/armtools/bin/../lib/gcc/arm-atollic-eabi/4.6.2/../../../../arm-atollic-eabi/lib/thumb/armv7-m\libc.a(lib_a-init.o)
 .debug_frame   0x00003a20       0x58 c:/program files (x86)/atollic/truestudio for arm lite 3.2.0/armtools/bin/../lib/gcc/arm-atollic-eabi/4.6.2/../../../../arm-atollic-eabi/lib/thumb/armv7-m\libc.a(lib_a-sprintf.o)
 .debug_frame   0x00003a78       0x3c c:/program files (x86)/atollic/truestudio for arm lite 3.2.0/armtools/bin/../lib/gcc/arm-atollic-eabi/4.6.2/../../../../arm-atollic-eabi/lib/thumb/armv7-m\libc.a(lib_a-svfprintf.o)
 .debug_frame   0x00003ab4       0x68 c:/program files (x86)/atollic/truestudio for arm lite 3.2.0/armtools/bin/../lib/gcc/arm-atollic-eabi/4.6.2/../../../../arm-atollic-eabi/lib/thumb/armv7-m\libc.a(lib_a-dtoa.o)
 .debug_frame   0x00003b1c       0x98 c:/program files (x86)/atollic/truestudio for arm lite 3.2.0/armtools/bin/../lib/gcc/arm-atollic-eabi/4.6.2/../../../../arm-atollic-eabi/lib/thumb/armv7-m\libc.a(lib_a-locale.o)
 .debug_frame   0x00003bb4       0x30 c:/program files (x86)/atollic/truestudio for arm lite 3.2.0/armtools/bin/../lib/gcc/arm-atollic-eabi/4.6.2/../../../../arm-atollic-eabi/lib/thumb/armv7-m\libc.a(lib_a-malloc.o)
 .debug_frame   0x00003be4       0x34 c:/program files (x86)/atollic/truestudio for arm lite 3.2.0/armtools/bin/../lib/gcc/arm-atollic-eabi/4.6.2/../../../../arm-atollic-eabi/lib/thumb/armv7-m\libc.a(lib_a-mallocr.o)
 .debug_frame   0x00003c18       0x28 c:/program files (x86)/atollic/truestudio for arm lite 3.2.0/armtools/bin/../lib/gcc/arm-atollic-eabi/4.6.2/../../../../arm-atollic-eabi/lib/thumb/armv7-m\libc.a(lib_a-memchr.o)
 .debug_frame   0x00003c40       0x28 c:/program files (x86)/atollic/truestudio for arm lite 3.2.0/armtools/bin/../lib/gcc/arm-atollic-eabi/4.6.2/../../../../arm-atollic-eabi/lib/thumb/armv7-m\libc.a(lib_a-memcpy.o)
 .debug_frame   0x00003c68       0x30 c:/program files (x86)/atollic/truestudio for arm lite 3.2.0/armtools/bin/../lib/gcc/arm-atollic-eabi/4.6.2/../../../../arm-atollic-eabi/lib/thumb/armv7-m\libc.a(lib_a-mlock.o)
 .debug_frame   0x00003c98      0x238 c:/program files (x86)/atollic/truestudio for arm lite 3.2.0/armtools/bin/../lib/gcc/arm-atollic-eabi/4.6.2/../../../../arm-atollic-eabi/lib/thumb/armv7-m\libc.a(lib_a-mprec.o)
 .debug_frame   0x00003ed0       0x20 c:/program files (x86)/atollic/truestudio for arm lite 3.2.0/armtools/bin/../lib/gcc/arm-atollic-eabi/4.6.2/../../../../arm-atollic-eabi/lib/thumb/armv7-m\libc.a(lib_a-s_fpclassify.o)
 .debug_frame   0x00003ef0       0x2c c:/program files (x86)/atollic/truestudio for arm lite 3.2.0/armtools/bin/../lib/gcc/arm-atollic-eabi/4.6.2/../../../../arm-atollic-eabi/lib/thumb/armv7-m\libc.a(lib_a-sbrkr.o)
 .debug_frame   0x00003f1c       0x20 c:/program files (x86)/atollic/truestudio for arm lite 3.2.0/armtools/bin/../lib/gcc/arm-atollic-eabi/4.6.2/../../../../arm-atollic-eabi/lib/thumb/armv7-m\libc.a(lib_a-strcmp.o)
 .debug_frame   0x00003f3c       0x20 c:/program files (x86)/atollic/truestudio for arm lite 3.2.0/armtools/bin/../lib/gcc/arm-atollic-eabi/4.6.2/../../../../arm-atollic-eabi/lib/thumb/armv7-m\libc.a(lib_a-strlen.o)
 .debug_frame   0x00003f5c       0x68 c:/program files (x86)/atollic/truestudio for arm lite 3.2.0/armtools/bin/../lib/gcc/arm-atollic-eabi/4.6.2/../../../../arm-atollic-eabi/lib/thumb/armv7-m\libc.a(lib_a-svfiprintf.o)
 .debug_frame   0x00003fc4      0x14c c:/program files (x86)/atollic/truestudio for arm lite 3.2.0/armtools/bin/../lib/gcc/arm-atollic-eabi/4.6.2/../../../../arm-atollic-eabi/lib/thumb/armv7-m\libc.a(lib_a-syscalls.o)
 .debug_frame   0x00004110       0x28 c:/program files (x86)/atollic/truestudio for arm lite 3.2.0/armtools/bin/../lib/gcc/arm-atollic-eabi/4.6.2/../../../../arm-atollic-eabi/lib/thumb/armv7-m\libc.a(lib_a-callocr.o)
 .debug_frame   0x00004138       0x50 c:/program files (x86)/atollic/truestudio for arm lite 3.2.0/armtools/bin/../lib/gcc/arm-atollic-eabi/4.6.2/../../../../arm-atollic-eabi/lib/thumb/armv7-m\libc.a(lib_a-freer.o)
 .debug_frame   0x00004188       0x2c c:/program files (x86)/atollic/truestudio for arm lite 3.2.0/armtools/bin/../lib/gcc/arm-atollic-eabi/4.6.2/../../../../arm-atollic-eabi/lib/thumb/armv7-m\libc.a(lib_a-memmove.o)
 .debug_frame   0x000041b4       0x20 c:/program files (x86)/atollic/truestudio for arm lite 3.2.0/armtools/bin/../lib/gcc/arm-atollic-eabi/4.6.2/../../../../arm-atollic-eabi/lib/thumb/armv7-m\libc.a(lib_a-memset.o)
 .debug_frame   0x000041d4       0x38 c:/program files (x86)/atollic/truestudio for arm lite 3.2.0/armtools/bin/../lib/gcc/arm-atollic-eabi/4.6.2/../../../../arm-atollic-eabi/lib/thumb/armv7-m\libc.a(lib_a-reallocr.o)
 .debug_frame   0x0000420c       0x68 c:/program files (x86)/atollic/truestudio for arm lite 3.2.0/armtools/bin/../lib/gcc/arm-atollic-eabi/4.6.2/../../../../arm-atollic-eabi/lib/thumb/armv7-m\libc.a(lib_a-reent.o)
 .debug_frame   0x00004274       0x50 c:/program files (x86)/atollic/truestudio for arm lite 3.2.0/armtools/bin/../lib/gcc/arm-atollic-eabi/4.6.2/thumb/armv7-m\libgcc.a(bpabi.o)
 .debug_frame   0x000042c4      0x268 c:/program files (x86)/atollic/truestudio for arm lite 3.2.0/armtools/bin/../lib/gcc/arm-atollic-eabi/4.6.2/thumb/armv7-m\libgcc.a(unwind-arm.o)
 .debug_frame   0x0000452c       0xec c:/program files (x86)/atollic/truestudio for arm lite 3.2.0/armtools/bin/../lib/gcc/arm-atollic-eabi/4.6.2/thumb/armv7-m\libgcc.a(pr-support.o)
 .debug_frame   0x00004618       0x34 c:/program files (x86)/atollic/truestudio for arm lite 3.2.0/armtools/bin/../lib/gcc/arm-atollic-eabi/4.6.2/thumb/armv7-m\libgcc.a(_divdi3.o)
 .debug_frame   0x0000464c       0x34 c:/program files (x86)/atollic/truestudio for arm lite 3.2.0/armtools/bin/../lib/gcc/arm-atollic-eabi/4.6.2/thumb/armv7-m\libgcc.a(_udivdi3.o)
 .debug_frame   0x00004680       0x28 c:/program files (x86)/atollic/truestudio for arm lite 3.2.0/armtools/bin/../lib/gcc/arm-atollic-eabi/4.6.2/../../../../arm-atollic-eabi/lib/thumb/armv7-m\libc.a(lib_a-abort.o)
 .debug_frame   0x000046a8       0xc0 c:/program files (x86)/atollic/truestudio for arm lite 3.2.0/armtools/bin/../lib/gcc/arm-atollic-eabi/4.6.2/../../../../arm-atollic-eabi/lib/thumb/armv7-m\libc.a(lib_a-signal.o)
 .debug_frame   0x00004768       0x3c c:/program files (x86)/atollic/truestudio for arm lite 3.2.0/armtools/bin/../lib/gcc/arm-atollic-eabi/4.6.2/../../../../arm-atollic-eabi/lib/thumb/armv7-m\libc.a(lib_a-signalr.o)

Cross Reference Table

Symbol                                            File
ADC1_IRQHandler                                   Libraries\CMSIS\CM3\DeviceSupport\ST\STM32L1xx\startup\TrueSTUDIO\startup_stm32l1xx_md.o
ADC_AnalogWatchdogCmd                             Libraries\STM32L1xx_StdPeriph_Driver\src\stm32l1xx_adc.o
ADC_AnalogWatchdogSingleChannelConfig             Libraries\STM32L1xx_StdPeriph_Driver\src\stm32l1xx_adc.o
ADC_AnalogWatchdogThresholdsConfig                Libraries\STM32L1xx_StdPeriph_Driver\src\stm32l1xx_adc.o
ADC_AutoInjectedConvCmd                           Libraries\STM32L1xx_StdPeriph_Driver\src\stm32l1xx_adc.o
ADC_ClearFlag                                     Libraries\STM32L1xx_StdPeriph_Driver\src\stm32l1xx_adc.o
ADC_ClearITPendingBit                             Libraries\STM32L1xx_StdPeriph_Driver\src\stm32l1xx_adc.o
ADC_Cmd                                           Libraries\STM32L1xx_StdPeriph_Driver\src\stm32l1xx_adc.o
ADC_CommonInit                                    Libraries\STM32L1xx_StdPeriph_Driver\src\stm32l1xx_adc.o
ADC_CommonStructInit                              Libraries\STM32L1xx_StdPeriph_Driver\src\stm32l1xx_adc.o
ADC_ContinuousModeCmd                             Libraries\STM32L1xx_StdPeriph_Driver\src\stm32l1xx_adc.o
ADC_DMACmd                                        Libraries\STM32L1xx_StdPeriph_Driver\src\stm32l1xx_adc.o
ADC_DMARequestAfterLastTransferCmd                Libraries\STM32L1xx_StdPeriph_Driver\src\stm32l1xx_adc.o
ADC_DeInit                                        Libraries\STM32L1xx_StdPeriph_Driver\src\stm32l1xx_adc.o
ADC_DelaySelectionConfig                          Libraries\STM32L1xx_StdPeriph_Driver\src\stm32l1xx_adc.o
ADC_DiscModeChannelCountConfig                    Libraries\STM32L1xx_StdPeriph_Driver\src\stm32l1xx_adc.o
ADC_DiscModeCmd                                   Libraries\STM32L1xx_StdPeriph_Driver\src\stm32l1xx_adc.o
ADC_EOCOnEachRegularChannelCmd                    Libraries\STM32L1xx_StdPeriph_Driver\src\stm32l1xx_adc.o
ADC_ExternalTrigInjectedConvConfig                Libraries\STM32L1xx_StdPeriph_Driver\src\stm32l1xx_adc.o
ADC_ExternalTrigInjectedConvEdgeConfig            Libraries\STM32L1xx_StdPeriph_Driver\src\stm32l1xx_adc.o
ADC_GetConversionValue                            Libraries\STM32L1xx_StdPeriph_Driver\src\stm32l1xx_adc.o
ADC_GetFlagStatus                                 Libraries\STM32L1xx_StdPeriph_Driver\src\stm32l1xx_adc.o
ADC_GetITStatus                                   Libraries\STM32L1xx_StdPeriph_Driver\src\stm32l1xx_adc.o
ADC_GetInjectedConversionValue                    Libraries\STM32L1xx_StdPeriph_Driver\src\stm32l1xx_adc.o
ADC_GetSoftwareStartConvStatus                    Libraries\STM32L1xx_StdPeriph_Driver\src\stm32l1xx_adc.o
ADC_GetSoftwareStartInjectedConvCmdStatus         Libraries\STM32L1xx_StdPeriph_Driver\src\stm32l1xx_adc.o
ADC_ITConfig                                      Libraries\STM32L1xx_StdPeriph_Driver\src\stm32l1xx_adc.o
ADC_Init                                          Libraries\STM32L1xx_StdPeriph_Driver\src\stm32l1xx_adc.o
ADC_InjectedChannelConfig                         Libraries\STM32L1xx_StdPeriph_Driver\src\stm32l1xx_adc.o