
**** Rebuild of configuration Debug for project basic_project ****

**** Internal Builder is used for build               ****
arm-atollic-eabi-gcc -c -mthumb -mcpu=cortex-m3 -std=gnu90 -DSTM32L1XX_MD -DUSE_STDPERIPH_DRIVER -I..\Libraries\STM32L1xx_StdPeriph_Driver\inc -I..\Libraries\CMSIS\CM3\CoreSupport -I..\Libraries\CMSIS\CM3\DeviceSupport\ST\STM32L1xx -I../inc/ -I../hw/i2c_devices/bmp180/inc/ -I../mcu/inc/ -I../src/ -I../hw/spi_devices/nt7538/inc/ -I../hw/spi_devices/sst_flash/inc/ -I../hw/i2c_devices/md25/inc -IC:\Users\student\Desktop\BanociDodok\sp-vrs-balogh-spielmann\vrs\basic_project\basic_project\hw\ads1100\inc -O0 -ffunction-sections -fdata-sections -g -Wall -o Libraries\STM32L1xx_StdPeriph_Driver\src\stm32l1xx_syscfg.o ..\Libraries\STM32L1xx_StdPeriph_Driver\src\stm32l1xx_syscfg.c
arm-atollic-eabi-gcc -c -mthumb -mcpu=cortex-m3 -std=gnu90 -DSTM32L1XX_MD -DUSE_STDPERIPH_DRIVER -I..\Libraries\STM32L1xx_StdPeriph_Driver\inc -I..\Libraries\CMSIS\CM3\CoreSupport -I..\Libraries\CMSIS\CM3\DeviceSupport\ST\STM32L1xx -I../inc/ -I../hw/i2c_devices/bmp180/inc/ -I../mcu/inc/ -I../src/ -I../hw/spi_devices/nt7538/inc/ -I../hw/spi_devices/sst_flash/inc/ -I../hw/i2c_devices/md25/inc -IC:\Users\student\Desktop\BanociDodok\sp-vrs-balogh-spielmann\vrs\basic_project\basic_project\hw\ads1100\inc -O0 -ffunction-sections -fdata-sections -g -Wall -o Libraries\STM32L1xx_StdPeriph_Driver\src\stm32l1xx_comp.o ..\Libraries\STM32L1xx_StdPeriph_Driver\src\stm32l1xx_comp.c
arm-atollic-eabi-gcc -c -mthumb -mcpu=cortex-m3 -std=gnu90 -DSTM32L1XX_MD -DUSE_STDPERIPH_DRIVER -I..\Libraries\STM32L1xx_StdPeriph_Driver\inc -I..\Libraries\CMSIS\CM3\CoreSupport -I..\Libraries\CMSIS\CM3\DeviceSupport\ST\STM32L1xx -I../inc/ -I../hw/i2c_devices/bmp180/inc/ -I../mcu/inc/ -I../src/ -I../hw/spi_devices/nt7538/inc/ -I../hw/spi_devices/sst_flash/inc/ -I../hw/i2c_devices/md25/inc -IC:\Users\student\Desktop\BanociDodok\sp-vrs-balogh-spielmann\vrs\basic_project\basic_project\hw\ads1100\inc -O0 -ffunction-sections -fdata-sections -g -Wall -o Libraries\STM32L1xx_StdPeriph_Driver\src\stm32l1xx_tim.o ..\Libraries\STM32L1xx_StdPeriph_Driver\src\stm32l1xx_tim.c
arm-atollic-eabi-gcc -c -mthumb -mcpu=cortex-m3 -std=gnu90 -DSTM32L1XX_MD -DUSE_STDPERIPH_DRIVER -I..\Libraries\STM32L1xx_StdPeriph_Driver\inc -I..\Libraries\CMSIS\CM3\CoreSupport -I..\Libraries\CMSIS\CM3\DeviceSupport\ST\STM32L1xx -I../inc/ -I../hw/i2c_devices/bmp180/inc/ -I../mcu/inc/ -I../src/ -I../hw/spi_devices/nt7538/inc/ -I../hw/spi_devices/sst_flash/inc/ -I../hw/i2c_devices/md25/inc -IC:\Users\student\Desktop\BanociDodok\sp-vrs-balogh-spielmann\vrs\basic_project\basic_project\hw\ads1100\inc -O0 -ffunction-sections -fdata-sections -g -Wall -o Libraries\STM32L1xx_StdPeriph_Driver\src\stm32l1xx_gpio.o ..\Libraries\STM32L1xx_StdPeriph_Driver\src\stm32l1xx_gpio.c
arm-atollic-eabi-gcc -c -mthumb -mcpu=cortex-m3 -std=gnu90 -DSTM32L1XX_MD -DUSE_STDPERIPH_DRIVER -I..\Libraries\STM32L1xx_StdPeriph_Driver\inc -I..\Libraries\CMSIS\CM3\CoreSupport -I..\Libraries\CMSIS\CM3\DeviceSupport\ST\STM32L1xx -I../inc/ -I../hw/i2c_devices/bmp180/inc/ -I../mcu/inc/ -I../src/ -I../hw/spi_devices/nt7538/inc/ -I../hw/spi_devices/sst_flash/inc/ -I../hw/i2c_devices/md25/inc -IC:\Users\student\Desktop\BanociDodok\sp-vrs-balogh-spielmann\vrs\basic_project\basic_project\hw\ads1100\inc -O0 -ffunction-sections -fdata-sections -g -Wall -o src\stm32l1xx_it.o ..\src\stm32l1xx_it.c
arm-atollic-eabi-gcc -c -mthumb -mcpu=cortex-m3 -std=gnu90 -DSTM32L1XX_MD -DUSE_STDPERIPH_DRIVER -I..\Libraries\STM32L1xx_StdPeriph_Driver\inc -I..\Libraries\CMSIS\CM3\CoreSupport -I..\Libraries\CMSIS\CM3\DeviceSupport\ST\STM32L1xx -I../inc/ -I../hw/i2c_devices/bmp180/inc/ -I../mcu/inc/ -I../src/ -I../hw/spi_devices/nt7538/inc/ -I../hw/spi_devices/sst_flash/inc/ -I../hw/i2c_devices/md25/inc -IC:\Users\student\Desktop\BanociDodok\sp-vrs-balogh-spielmann\vrs\basic_project\basic_project\hw\ads1100\inc -O0 -ffunction-sections -fdata-sections -g -Wall -o Libraries\STM32L1xx_StdPeriph_Driver\src\misc.o ..\Libraries\STM32L1xx_StdPeriph_Driver\src\misc.c
arm-atollic-eabi-gcc -c -mthumb -mcpu=cortex-m3 -std=gnu90 -DSTM32L1XX_MD -DUSE_STDPERIPH_DRIVER -I..\Libraries\STM32L1xx_StdPeriph_Driver\inc -I..\Libraries\CMSIS\CM3\CoreSupport -I..\Libraries\CMSIS\CM3\DeviceSupport\ST\STM32L1xx -I../inc/ -I../hw/i2c_devices/bmp180/inc/ -I../mcu/inc/ -I../src/ -I../hw/spi_devices/nt7538/inc/ -I../hw/spi_devices/sst_flash/inc/ -I../hw/i2c_devices/md25/inc -IC:\Users\student\Desktop\BanociDodok\sp-vrs-balogh-spielmann\vrs\basic_project\basic_project\hw\ads1100\inc -O0 -ffunction-sections -fdata-sections -g -Wall -o Libraries\STM32L1xx_StdPeriph_Driver\src\stm32l1xx_wwdg.o ..\Libraries\STM32L1xx_StdPeriph_Driver\src\stm32l1xx_wwdg.c
arm-atollic-eabi-gcc -c -mthumb -mcpu=cortex-m3 -std=gnu90 -DSTM32L1XX_MD -DUSE_STDPERIPH_DRIVER -I..\Libraries\STM32L1xx_StdPeriph_Driver\inc -I..\Libraries\CMSIS\CM3\CoreSupport -I..\Libraries\CMSIS\CM3\DeviceSupport\ST\STM32L1xx -I../inc/ -I../hw/i2c_devices/bmp180/inc/ -I../mcu/inc/ -I../src/ -I../hw/spi_devices/nt7538/inc/ -I../hw/spi_devices/sst_flash/inc/ -I../hw/i2c_devices/md25/inc -IC:\Users\student\Desktop\BanociDodok\sp-vrs-balogh-spielmann\vrs\basic_project\basic_project\hw\ads1100\inc -O0 -ffunction-sections -fdata-sections -g -Wall -o Libraries\STM32L1xx_StdPeriph_Driver\src\stm32l1xx_pwr.o ..\Libraries\STM32L1xx_StdPeriph_Driver\src\stm32l1xx_pwr.c
arm-atollic-eabi-gcc -c -mthumb -mcpu=cortex-m3 -std=gnu90 -DSTM32L1XX_MD -DUSE_STDPERIPH_DRIVER -I..\Libraries\STM32L1xx_StdPeriph_Driver\inc -I..\Libraries\CMSIS\CM3\CoreSupport -I..\Libraries\CMSIS\CM3\DeviceSupport\ST\STM32L1xx -I../inc/ -I../hw/i2c_devices/bmp180/inc/ -I../mcu/inc/ -I../src/ -I../hw/spi_devices/nt7538/inc/ -I../hw/spi_devices/sst_flash/inc/ -I../hw/i2c_devices/md25/inc -IC:\Users\student\Desktop\BanociDodok\sp-vrs-balogh-spielmann\vrs\basic_project\basic_project\hw\ads1100\inc -O0 -ffunction-sections -fdata-sections -g -Wall -o Libraries\STM32L1xx_StdPeriph_Driver\src\stm32l1xx_lcd.o ..\Libraries\STM32L1xx_StdPeriph_Driver\src\stm32l1xx_lcd.c
arm-atollic-eabi-gcc -c -mthumb -mcpu=cortex-m3 -std=gnu90 -DSTM32L1XX_MD -DUSE_STDPERIPH_DRIVER -I..\Libraries\STM32L1xx_StdPeriph_Driver\inc -I..\Libraries\CMSIS\CM3\CoreSupport -I..\Libraries\CMSIS\CM3\DeviceSupport\ST\STM32L1xx -I../inc/ -I../hw/i2c_devices/bmp180/inc/ -I../mcu/inc/ -I../src/ -I../hw/spi_devices/nt7538/inc/ -I../hw/spi_devices/sst_flash/inc/ -I../hw/i2c_devices/md25/inc -IC:\Users\student\Desktop\BanociDodok\sp-vrs-balogh-spielmann\vrs\basic_project\basic_project\hw\ads1100\inc -O0 -ffunction-sections -fdata-sections -g -Wall -o Libraries\STM32L1xx_StdPeriph_Driver\src\stm32l1xx_spi.o ..\Libraries\STM32L1xx_StdPeriph_Driver\src\stm32l1xx_spi.c
arm-atollic-eabi-gcc -c -mthumb -mcpu=cortex-m3 -std=gnu90 -DSTM32L1XX_MD -DUSE_STDPERIPH_DRIVER -I..\Libraries\STM32L1xx_StdPeriph_Driver\inc -I..\Libraries\CMSIS\CM3\CoreSupport -I..\Libraries\CMSIS\CM3\DeviceSupport\ST\STM32L1xx -I../inc/ -I../hw/i2c_devices/bmp180/inc/ -I../mcu/inc/ -I../src/ -I../hw/spi_devices/nt7538/inc/ -I../hw/spi_devices/sst_flash/inc/ -I../hw/i2c_devices/md25/inc -IC:\Users\student\Desktop\BanociDodok\sp-vrs-balogh-spielmann\vrs\basic_project\basic_project\hw\ads1100\inc -O0 -ffunction-sections -fdata-sections -g -Wall -o mcu\src\mcu.o ..\mcu\src\mcu.c
arm-atollic-eabi-gcc -c -mthumb -mcpu=cortex-m3 -std=gnu90 -DSTM32L1XX_MD -DUSE_STDPERIPH_DRIVER -I..\Libraries\STM32L1xx_StdPeriph_Driver\inc -I..\Libraries\CMSIS\CM3\CoreSupport -I..\Libraries\CMSIS\CM3\DeviceSupport\ST\STM32L1xx -I../inc/ -I../hw/i2c_devices/bmp180/inc/ -I../mcu/inc/ -I../src/ -I../hw/spi_devices/nt7538/inc/ -I../hw/spi_devices/sst_flash/inc/ -I../hw/i2c_devices/md25/inc -IC:\Users\student\Desktop\BanociDodok\sp-vrs-balogh-spielmann\vrs\basic_project\basic_project\hw\ads1100\inc -O0 -ffunction-sections -fdata-sections -g -Wall -o Libraries\STM32L1xx_StdPeriph_Driver\src\stm32l1xx_exti.o ..\Libraries\STM32L1xx_StdPeriph_Driver\src\stm32l1xx_exti.c
arm-atollic-eabi-gcc -c -mthumb -mcpu=cortex-m3 -std=gnu90 -DSTM32L1XX_MD -DUSE_STDPERIPH_DRIVER -I..\Libraries\STM32L1xx_StdPeriph_Driver\inc -I..\Libraries\CMSIS\CM3\CoreSupport -I..\Libraries\CMSIS\CM3\DeviceSupport\ST\STM32L1xx -I../inc/ -I../hw/i2c_devices/bmp180/inc/ -I../mcu/inc/ -I../src/ -I../hw/spi_devices/nt7538/inc/ -I../hw/spi_devices/sst_flash/inc/ -I../hw/i2c_devices/md25/inc -IC:\Users\student\Desktop\BanociDodok\sp-vrs-balogh-spielmann\vrs\basic_project\basic_project\hw\ads1100\inc -O0 -ffunction-sections -fdata-sections -g -Wall -o Libraries\STM32L1xx_StdPeriph_Driver\src\stm32l1xx_crc.o ..\Libraries\STM32L1xx_StdPeriph_Driver\src\stm32l1xx_crc.c
arm-atollic-eabi-gcc -c -mthumb -mcpu=cortex-m3 -std=gnu90 -DSTM32L1XX_MD -DUSE_STDPERIPH_DRIVER -I..\Libraries\STM32L1xx_StdPeriph_Driver\inc -I..\Libraries\CMSIS\CM3\CoreSupport -I..\Libraries\CMSIS\CM3\DeviceSupport\ST\STM32L1xx -I../inc/ -I../hw/i2c_devices/bmp180/inc/ -I../mcu/inc/ -I../src/ -I../hw/spi_devices/nt7538/inc/ -I../hw/spi_devices/sst_flash/inc/ -I../hw/i2c_devices/md25/inc -IC:\Users\student\Desktop\BanociDodok\sp-vrs-balogh-spielmann\vrs\basic_project\basic_project\hw\ads1100\inc -O0 -ffunction-sections -fdata-sections -g -Wall -o Libraries\STM32L1xx_StdPeriph_Driver\src\stm32l1xx_dac.o ..\Libraries\STM32L1xx_StdPeriph_Driver\src\stm32l1xx_dac.c
arm-atollic-eabi-gcc -c -mthumb -mcpu=cortex-m3 -std=gnu90 -DSTM32L1XX_MD -DUSE_STDPERIPH_DRIVER -I..\Libraries\STM32L1xx_StdPeriph_Driver\inc -I..\Libraries\CMSIS\CM3\CoreSupport -I..\Libraries\CMSIS\CM3\DeviceSupport\ST\STM32L1xx -I../inc/ -I../hw/i2c_devices/bmp180/inc/ -I../mcu/inc/ -I../src/ -I../hw/spi_devices/nt7538/inc/ -I../hw/spi_devices/sst_flash/inc/ -I../hw/i2c_devices/md25/inc -IC:\Users\student\Desktop\BanociDodok\sp-vrs-balogh-spielmann\vrs\basic_project\basic_project\hw\ads1100\inc -O0 -ffunction-sections -fdata-sections -g -Wall -o Libraries\STM32L1xx_StdPeriph_Driver\src\stm32l1xx_rtc.o ..\Libraries\STM32L1xx_StdPeriph_Driver\src\stm32l1xx_rtc.c
arm-atollic-eabi-gcc -c -mthumb -mcpu=cortex-m3 -std=gnu90 -DSTM32L1XX_MD -DUSE_STDPERIPH_DRIVER -I..\Libraries\STM32L1xx_StdPeriph_Driver\inc -I..\Libraries\CMSIS\CM3\CoreSupport -I..\Libraries\CMSIS\CM3\DeviceSupport\ST\STM32L1xx -I../inc/ -I../hw/i2c_devices/bmp180/inc/ -I../mcu/inc/ -I../src/ -I../hw/spi_devices/nt7538/inc/ -I../hw/spi_devices/sst_flash/inc/ -I../hw/i2c_devices/md25/inc -IC:\Users\student\Desktop\BanociDodok\sp-vrs-balogh-spielmann\vrs\basic_project\basic_project\hw\ads1100\inc -O0 -ffunction-sections -fdata-sections -g -Wall -o Libraries\STM32L1xx_StdPeriph_Driver\src\stm32l1xx_flash.o ..\Libraries\STM32L1xx_StdPeriph_Driver\src\stm32l1xx_flash.c
arm-atollic-eabi-gcc -c -mthumb -mcpu=cortex-m3 -std=gnu90 -DSTM32L1XX_MD -DUSE_STDPERIPH_DRIVER -I..\Libraries\STM32L1xx_StdPeriph_Driver\inc -I..\Libraries\CMSIS\CM3\CoreSupport -I..\Libraries\CMSIS\CM3\DeviceSupport\ST\STM32L1xx -I../inc/ -I../hw/i2c_devices/bmp180/inc/ -I../mcu/inc/ -I../src/ -I../hw/spi_devices/nt7538/inc/ -I../hw/spi_devices/sst_flash/inc/ -I../hw/i2c_devices/md25/inc -IC:\Users\student\Desktop\BanociDodok\sp-vrs-balogh-spielmann\vrs\basic_project\basic_project\hw\ads1100\inc -O0 -ffunction-sections -fdata-sections -g -Wall -o Libraries\STM32L1xx_StdPeriph_Driver\src\stm32l1xx_dma.o ..\Libraries\STM32L1xx_StdPeriph_Driver\src\stm32l1xx_dma.c
arm-atollic-eabi-gcc -c -mthumb -mcpu=cortex-m3 -std=gnu90 -DSTM32L1XX_MD -DUSE_STDPERIPH_DRIVER -I..\Libraries\STM32L1xx_StdPeriph_Driver\inc -I..\Libraries\CMSIS\CM3\CoreSupport -I..\Libraries\CMSIS\CM3\DeviceSupport\ST\STM32L1xx -I../inc/ -I../hw/i2c_devices/bmp180/inc/ -I../mcu/inc/ -I../src/ -I../hw/spi_devices/nt7538/inc/ -I../hw/spi_devices/sst_flash/inc/ -I../hw/i2c_devices/md25/inc -IC:\Users\student\Desktop\BanociDodok\sp-vrs-balogh-spielmann\vrs\basic_project\basic_project\hw\ads1100\inc -O0 -ffunction-sections -fdata-sections -g -Wall -o mcu\src\usart.o ..\mcu\src\usart.c
..\mcu\src\usart.c: In function 'USART1_IRQHandler':
..\mcu\src\usart.c:83:11: warning: unused variable 'aDr' [-Wunused-variable]
..\mcu\src\usart.c:82:12: warning: unused variable 'aSr' [-Wunused-variable]
arm-atollic-eabi-gcc -c -mthumb -mcpu=cortex-m3 -std=gnu90 -DSTM32L1XX_MD -DUSE_STDPERIPH_DRIVER -I..\Libraries\STM32L1xx_StdPeriph_Driver\inc -I..\Libraries\CMSIS\CM3\CoreSupport -I..\Libraries\CMSIS\CM3\DeviceSupport\ST\STM32L1xx -I../inc/ -I../hw/i2c_devices/bmp180/inc/ -I../mcu/inc/ -I../src/ -I../hw/spi_devices/nt7538/inc/ -I../hw/spi_devices/sst_flash/inc/ -I../hw/i2c_devices/md25/inc -IC:\Users\student\Desktop\BanociDodok\sp-vrs-balogh-spielmann\vrs\basic_project\basic_project\hw\ads1100\inc -O0 -ffunction-sections -fdata-sections -g -Wall -o Libraries\STM32L1xx_StdPeriph_Driver\src\stm32l1xx_i2c.o ..\Libraries\STM32L1xx_StdPeriph_Driver\src\stm32l1xx_i2c.c
arm-atollic-eabi-gcc -c -mthumb -mcpu=cortex-m3 -std=gnu90 -DSTM32L1XX_MD -DUSE_STDPERIPH_DRIVER -I..\Libraries\STM32L1xx_StdPeriph_Driver\inc -I..\Libraries\CMSIS\CM3\CoreSupport -I..\Libraries\CMSIS\CM3\DeviceSupport\ST\STM32L1xx -I../inc/ -I../hw/i2c_devices/bmp180/inc/ -I../mcu/inc/ -I../src/ -I../hw/spi_devices/nt7538/inc/ -I../hw/spi_devices/sst_flash/inc/ -I../hw/i2c_devices/md25/inc -IC:\Users\student\Desktop\BanociDodok\sp-vrs-balogh-spielmann\vrs\basic_project\basic_project\hw\ads1100\inc -O0 -ffunction-sections -fdata-sections -g -Wall -o Libraries\STM32L1xx_StdPeriph_Driver\src\stm32l1xx_adc.o ..\Libraries\STM32L1xx_StdPeriph_Driver\src\stm32l1xx_adc.c
arm-atollic-eabi-gcc -c -mthumb -mcpu=cortex-m3 -std=gnu90 -DSTM32L1XX_MD -DUSE_STDPERIPH_DRIVER -I..\Libraries\STM32L1xx_StdPeriph_Driver\inc -I..\Libraries\CMSIS\CM3\CoreSupport -I..\Libraries\CMSIS\CM3\DeviceSupport\ST\STM32L1xx -I../inc/ -I../hw/i2c_devices/bmp180/inc/ -I../mcu/inc/ -I../src/ -I../hw/spi_devices/nt7538/inc/ -I../hw/spi_devices/sst_flash/inc/ -I../hw/i2c_devices/md25/inc -IC:\Users\student\Desktop\BanociDodok\sp-vrs-balogh-spielmann\vrs\basic_project\basic_project\hw\ads1100\inc -O0 -ffunction-sections -fdata-sections -g -Wall -o src\main.o ..\src\main.c
arm-atollic-eabi-gcc -c -mthumb -mcpu=cortex-m3 -std=gnu90 -DSTM32L1XX_MD -DUSE_STDPERIPH_DRIVER -I..\Libraries\STM32L1xx_StdPeriph_Driver\inc -I..\Libraries\CMSIS\CM3\CoreSupport -I..\Libraries\CMSIS\CM3\DeviceSupport\ST\STM32L1xx -I../inc/ -I../hw/i2c_devices/bmp180/inc/ -I../mcu/inc/ -I../src/ -I../hw/spi_devices/nt7538/inc/ -I../hw/spi_devices/sst_flash/inc/ -I../hw/i2c_devices/md25/inc -IC:\Users\student\Desktop\BanociDodok\sp-vrs-balogh-spielmann\vrs\basic_project\basic_project\hw\ads1100\inc -O0 -ffunction-sections -fdata-sections -g -Wall -o Libraries\CMSIS\CM3\CoreSupport\core_cm3.o ..\Libraries\CMSIS\CM3\CoreSupport\core_cm3.c
arm-atollic-eabi-gcc -c -mthumb -mcpu=cortex-m3 -std=gnu90 -DSTM32L1XX_MD -DUSE_STDPERIPH_DRIVER -I..\Libraries\STM32L1xx_StdPeriph_Driver\inc -I..\Libraries\CMSIS\CM3\CoreSupport -I..\Libraries\CMSIS\CM3\DeviceSupport\ST\STM32L1xx -I../inc/ -I../hw/i2c_devices/bmp180/inc/ -I../mcu/inc/ -I../src/ -I../hw/spi_devices/nt7538/inc/ -I../hw/spi_devices/sst_flash/inc/ -I../hw/i2c_devices/md25/inc -IC:\Users\student\Desktop\BanociDodok\sp-vrs-balogh-spielmann\vrs\basic_project\basic_project\hw\ads1100\inc -O0 -ffunction-sections -fdata-sections -g -Wall -o src\system_stm32l1xx.o ..\src\system_stm32l1xx.c
arm-atollic-eabi-gcc -c -mthumb -mcpu=cortex-m3 -std=gnu90 -DSTM32L1XX_MD -DUSE_STDPERIPH_DRIVER -I..\Libraries\STM32L1xx_StdPeriph_Driver\inc -I..\Libraries\CMSIS\CM3\CoreSupport -I..\Libraries\CMSIS\CM3\DeviceSupport\ST\STM32L1xx -I../inc/ -I../hw/i2c_devices/bmp180/inc/ -I../mcu/inc/ -I../src/ -I../hw/spi_devices/nt7538/inc/ -I../hw/spi_devices/sst_flash/inc/ -I../hw/i2c_devices/md25/inc -IC:\Users\student\Desktop\BanociDodok\sp-vrs-balogh-spielmann\vrs\basic_project\basic_project\hw\ads1100\inc -O0 -ffunction-sections -fdata-sections -g -Wall -o src\usart2.o ..\src\usart2.c
..\src\usart2.c: In function 'USART2_IRQHandler':
..\src\usart2.c:138:11: warning: unused variable 'aDr' [-Wunused-variable]
..\src\usart2.c:137:12: warning: unused variable 'aSr' [-Wunused-variable]
..\src\usart2.c: In function 'USART3_IRQHandler':
..\src\usart2.c:166:11: warning: unused variable 'aDr' [-Wunused-variable]
..\src\usart2.c:165:12: warning: unused variable 'aSr' [-Wunused-variable]
arm-atollic-eabi-gcc -c -mthumb -mcpu=cortex-m3 -std=gnu90 -DSTM32L1XX_MD -DUSE_STDPERIPH_DRIVER -I..\Libraries\STM32L1xx_StdPeriph_Driver\inc -I..\Libraries\CMSIS\CM3\CoreSupport -I..\Libraries\CMSIS\CM3\DeviceSupport\ST\STM32L1xx -I../inc/ -I../hw/i2c_devices/bmp180/inc/ -I../mcu/inc/ -I../src/ -I../hw/spi_devices/nt7538/inc/ -I../hw/spi_devices/sst_flash/inc/ -I../hw/i2c_devices/md25/inc -IC:\Users\student\Desktop\BanociDodok\sp-vrs-balogh-spielmann\vrs\basic_project\basic_project\hw\ads1100\inc -O0 -ffunction-sections -fdata-sections -g -Wall -o Libraries\STM32L1xx_StdPeriph_Driver\src\stm32l1xx_flash_ramfunc.o ..\Libraries\STM32L1xx_StdPeriph_Driver\src\stm32l1xx_flash_ramfunc.c
C:\Users\student\AppData\Local\Temp\ccZF7N7y.s: Assembler messages:
C:\Users\student\AppData\Local\Temp\ccZF7N7y.s:18: Warning: ignoring changed section attributes for .data
arm-atollic-eabi-gcc -c -mthumb -mcpu=cortex-m3 -std=gnu90 -DSTM32L1XX_MD -DUSE_STDPERIPH_DRIVER -I..\Libraries\STM32L1xx_StdPeriph_Driver\inc -I..\Libraries\CMSIS\CM3\CoreSupport -I..\Libraries\CMSIS\CM3\DeviceSupport\ST\STM32L1xx -I../inc/ -I../hw/i2c_devices/bmp180/inc/ -I../mcu/inc/ -I../src/ -I../hw/spi_devices/nt7538/inc/ -I../hw/spi_devices/sst_flash/inc/ -I../hw/i2c_devices/md25/inc -IC:\Users\student\Desktop\BanociDodok\sp-vrs-balogh-spielmann\vrs\basic_project\basic_project\hw\ads1100\inc -O0 -ffunction-sections -fdata-sections -g -Wall -o Libraries\STM32L1xx_StdPeriph_Driver\src\stm32l1xx_usart.o ..\Libraries\STM32L1xx_StdPeriph_Driver\src\stm32l1xx_usart.c
arm-atollic-eabi-gcc -c -mthumb -mcpu=cortex-m3 -std=gnu90 -DSTM32L1XX_MD -DUSE_STDPERIPH_DRIVER -I..\Libraries\STM32L1xx_StdPeriph_Driver\inc -I..\Libraries\CMSIS\CM3\CoreSupport -I..\Libraries\CMSIS\CM3\DeviceSupport\ST\STM32L1xx -I../inc/ -I../hw/i2c_devices/bmp180/inc/ -I../mcu/inc/ -I../src/ -I../hw/spi_devices/nt7538/inc/ -I../hw/spi_devices/sst_flash/inc/ -I../hw/i2c_devices/md25/inc -IC:\Users\student\Desktop\BanociDodok\sp-vrs-balogh-spielmann\vrs\basic_project\basic_project\hw\ads1100\inc -O0 -ffunction-sections -fdata-sections -g -Wall -o hw\ads1100\src\ads1100.o ..\hw\ads1100\src\ads1100.c
arm-atollic-eabi-gcc -c -mthumb -mcpu=cortex-m3 -g -Wa,--warn -x assembler-with-cpp -o Libraries\CMSIS\CM3\DeviceSupport\ST\STM32L1xx\startup\TrueSTUDIO\startup_stm32l1xx_md.o ..\Libraries\CMSIS\CM3\DeviceSupport\ST\STM32L1xx\startup\TrueSTUDIO\startup_stm32l1xx_md.s
arm-atollic-eabi-gcc -c -mthumb -mcpu=cortex-m3 -std=gnu90 -DSTM32L1XX_MD -DUSE_STDPERIPH_DRIVER -I..\Libraries\STM32L1xx_StdPeriph_Driver\inc -I..\Libraries\CMSIS\CM3\CoreSupport -I..\Libraries\CMSIS\CM3\DeviceSupport\ST\STM32L1xx -I../inc/ -I../hw/i2c_devices/bmp180/inc/ -I../mcu/inc/ -I../src/ -I../hw/spi_devices/nt7538/inc/ -I../hw/spi_devices/sst_flash/inc/ -I../hw/i2c_devices/md25/inc -IC:\Users\student\Desktop\BanociDodok\sp-vrs-balogh-spielmann\vrs\basic_project\basic_project\hw\ads1100\inc -O0 -ffunction-sections -fdata-sections -g -Wall -o Libraries\STM32L1xx_StdPeriph_Driver\src\stm32l1xx_iwdg.o ..\Libraries\STM32L1xx_StdPeriph_Driver\src\stm32l1xx_iwdg.c
arm-atollic-eabi-gcc -c -mthumb -mcpu=cortex-m3 -std=gnu90 -DSTM32L1XX_MD -DUSE_STDPERIPH_DRIVER -I..\Libraries\STM32L1xx_StdPeriph_Driver\inc -I..\Libraries\CMSIS\CM3\CoreSupport -I..\Libraries\CMSIS\CM3\DeviceSupport\ST\STM32L1xx -I../inc/ -I../hw/i2c_devices/bmp180/inc/ -I../mcu/inc/ -I../src/ -I../hw/spi_devices/nt7538/inc/ -I../hw/spi_devices/sst_flash/inc/ -I../hw/i2c_devices/md25/inc -IC:\Users\student\Desktop\BanociDodok\sp-vrs-balogh-spielmann\vrs\basic_project\basic_project\hw\ads1100\inc -O0 -ffunction-sections -fdata-sections -g -Wall -o Libraries\STM32L1xx_StdPeriph_Driver\src\stm32l1xx_rcc.o ..\Libraries\STM32L1xx_StdPeriph_Driver\src\stm32l1xx_rcc.c
arm-atollic-eabi-gcc -c -mthumb -mcpu=cortex-m3 -std=gnu90 -DSTM32L1XX_MD -DUSE_STDPERIPH_DRIVER -I..\Libraries\STM32L1xx_StdPeriph_Driver\inc -I..\Libraries\CMSIS\CM3\CoreSupport -I..\Libraries\CMSIS\CM3\DeviceSupport\ST\STM32L1xx -I../inc/ -I../hw/i2c_devices/bmp180/inc/ -I../mcu/inc/ -I../src/ -I../hw/spi_devices/nt7538/inc/ -I../hw/spi_devices/sst_flash/inc/ -I../hw/i2c_devices/md25/inc -IC:\Users\student\Desktop\BanociDodok\sp-vrs-balogh-spielmann\vrs\basic_project\basic_project\hw\ads1100\inc -O0 -ffunction-sections -fdata-sections -g -Wall -o mcu\src\i2c.o ..\mcu\src\i2c.c
..\mcu\src\i2c.c: In function 'I2C_Master_BufferRead':
..\mcu\src\i2c.c:232:19: warning: variable 'temp' set but not used [-Wunused-but-set-variable]
..\mcu\src\i2c.c: In function 'I2C_Master_BufferReadWithoutRegisterAddress':
..\mcu\src\i2c.c:506:19: warning: variable 'temp' set but not used [-Wunused-but-set-variable]
..\mcu\src\i2c.c: In function 'I2C_Master_BufferWrite':
..\mcu\src\i2c.c:743:19: warning: variable 'temp' set but not used [-Wunused-but-set-variable]
..\mcu\src\i2c.c: In function 'I2C_Master_BufferWriteWithoutRegisterAddress':
..\mcu\src\i2c.c:833:19: warning: variable 'temp' set but not used [-Wunused-but-set-variable]
arm-atollic-eabi-gcc -c -mthumb -mcpu=cortex-m3 -std=gnu90 -DSTM32L1XX_MD -DUSE_STDPERIPH_DRIVER -I..\Libraries\STM32L1xx_StdPeriph_Driver\inc -I..\Libraries\CMSIS\CM3\CoreSupport -I..\Libraries\CMSIS\CM3\DeviceSupport\ST\STM32L1xx -I../inc/ -I../hw/i2c_devices/bmp180/inc/ -I../mcu/inc/ -I../src/ -I../hw/spi_devices/nt7538/inc/ -I../hw/spi_devices/sst_flash/inc/ -I../hw/i2c_devices/md25/inc -IC:\Users\student\Desktop\BanociDodok\sp-vrs-balogh-spielmann\vrs\basic_project\basic_project\hw\ads1100\inc -O0 -ffunction-sections -fdata-sections -g -Wall -o Libraries\STM32L1xx_StdPeriph_Driver\src\stm32l1xx_dbgmcu.o ..\Libraries\STM32L1xx_StdPeriph_Driver\src\stm32l1xx_dbgmcu.c
arm-atollic-eabi-gcc src\usart2.o src\system_stm32l1xx.o src\stm32l1xx_it.o src\main.o mcu\src\usart.o mcu\src\mcu.o mcu\src\i2c.o hw\ads1100\src\ads1100.o Libraries\STM32L1xx_StdPeriph_Driver\src\stm32l1xx_wwdg.o Libraries\STM32L1xx_StdPeriph_Driver\src\stm32l1xx_usart.o Libraries\STM32L1xx_StdPeriph_Driver\src\stm32l1xx_tim.o Libraries\STM32L1xx_StdPeriph_Driver\src\stm32l1xx_syscfg.o Libraries\STM32L1xx_StdPeriph_Driver\src\stm32l1xx_spi.o Libraries\STM32L1xx_StdPeriph_Driver\src\stm32l1xx_rtc.o Libraries\STM32L1xx_StdPeriph_Driver\src\stm32l1xx_rcc.o Libraries\STM32L1xx_StdPeriph_Driver\src\stm32l1xx_pwr.o Libraries\STM32L1xx_StdPeriph_Driver\src\stm32l1xx_lcd.o Libraries\STM32L1xx_StdPeriph_Driver\src\stm32l1xx_iwdg.o Libraries\STM32L1xx_StdPeriph_Driver\src\stm32l1xx_i2c.o Libraries\STM32L1xx_StdPeriph_Driver\src\stm32l1xx_gpio.o Libraries\STM32L1xx_StdPeriph_Driver\src\stm32l1xx_flash_ramfunc.o Libraries\STM32L1xx_StdPeriph_Driver\src\stm32l1xx_flash.o Libraries\STM32L1xx_StdPeriph_Driver\src\stm32l1xx_exti.o Libraries\STM32L1xx_StdPeriph_Driver\src\stm32l1xx_dma.o Libraries\STM32L1xx_StdPeriph_Driver\src\stm32l1xx_dbgmcu.o Libraries\STM32L1xx_StdPeriph_Driver\src\stm32l1xx_dac.o Libraries\STM32L1xx_StdPeriph_Driver\src\stm32l1xx_crc.o Libraries\STM32L1xx_StdPeriph_Driver\src\stm32l1xx_comp.o Libraries\STM32L1xx_StdPeriph_Driver\src\stm32l1xx_adc.o Libraries\STM32L1xx_StdPeriph_Driver\src\misc.o Libraries\CMSIS\CM3\DeviceSupport\ST\STM32L1xx\startup\TrueSTUDIO\startup_stm32l1xx_md.o Libraries\CMSIS\CM3\CoreSupport\core_cm3.o -lm -o basic_project.elf -mthumb -mcpu=cortex-m3 -T..\stm32_flash.ld -static -Wl,-cref,-u,Reset_Handler -Wl,-Map=basic_project.map -Wl,--gc-sections -Wl,--defsym=malloc_getpagesize_P=0x1000
C:\Program Files (x86)\Atollic\TrueSTUDIO for ARM Lite 3.2.0\ide\jre\bin\java -jar C:\Program Files (x86)\Atollic\TrueSTUDIO for ARM Lite 3.2.0\Tools\arm-atollic-reports.jar sizeinfo basic_project.elf
Generate build reports...
Print size information
   text	   data	    bss	    dec	    hex	filename
   6412	     36	    172	   6620	   19dc	basic_project.elf
Print size information done
Generate build reports done
Build complete for project basic_project
Time consumed: 5055  ms.  

**** Build of configuration Debug for project basic_project ****

**** Internal Builder is used for build               ****
arm-atollic-eabi-gcc -c -mthumb -mcpu=cortex-m3 -std=gnu90 -DSTM32L1XX_MD -DUSE_STDPERIPH_DRIVER -I..\Libraries\STM32L1xx_StdPeriph_Driver\inc -I..\Libraries\CMSIS\CM3\CoreSupport -I..\Libraries\CMSIS\CM3\DeviceSupport\ST\STM32L1xx -I../inc/ -I../hw/i2c_devices/bmp180/inc/ -I../mcu/inc/ -I../src/ -I../hw/spi_devices/nt7538/inc/ -I../hw/spi_devices/sst_flash/inc/ -I../hw/i2c_devices/md25/inc -IC:\Users\student\Desktop\BanociDodok\sp-vrs-balogh-spielmann\vrs\basic_project\basic_project\hw\ads1100\inc -O0 -ffunction-sections -fdata-sections -g -Wall -o Libraries\STM32L1xx_StdPeriph_Driver\src\stm32l1xx_exti.o ..\Libraries\STM32L1xx_StdPeriph_Driver\src\stm32l1xx_exti.c
arm-atollic-eabi-gcc -c -mthumb -mcpu=cortex-m3 -std=gnu90 -DSTM32L1XX_MD -DUSE_STDPERIPH_DRIVER -I..\Libraries\STM32L1xx_StdPeriph_Driver\inc -I..\Libraries\CMSIS\CM3\CoreSupport -I..\Libraries\CMSIS\CM3\DeviceSupport\ST\STM32L1xx -I../inc/ -I../hw/i2c_devices/bmp180/inc/ -I../mcu/inc/ -I../src/ -I../hw/spi_devices/nt7538/inc/ -I../hw/spi_devices/sst_flash/inc/ -I../hw/i2c_devices/md25/inc -IC:\Users\student\Desktop\BanociDodok\sp-vrs-balogh-spielmann\vrs\basic_project\basic_project\hw\ads1100\inc -O0 -ffunction-sections -fdata-sections -g -Wall -o Libraries\STM32L1xx_StdPeriph_Driver\src\stm32l1xx_usart.o ..\Libraries\STM32L1xx_StdPeriph_Driver\src\stm32l1xx_usart.c
arm-atollic-eabi-gcc -c -mthumb -mcpu=cortex-m3 -std=gnu90 -DSTM32L1XX_MD -DUSE_STDPERIPH_DRIVER -I..\Libraries\STM32L1xx_StdPeriph_Driver\inc -I..\Libraries\CMSIS\CM3\CoreSupport -I..\Libraries\CMSIS\CM3\DeviceSupport\ST\STM32L1xx -I../inc/ -I../hw/i2c_devices/bmp180/inc/ -I../mcu/inc/ -I../src/ -I../hw/spi_devices/nt7538/inc/ -I../hw/spi_devices/sst_flash/inc/ -I../hw/i2c_devices/md25/inc -IC:\Users\student\Desktop\BanociDodok\sp-vrs-balogh-spielmann\vrs\basic_project\basic_project\hw\ads1100\inc -O0 -ffunction-sections -fdata-sections -g -Wall -o mcu\src\i2c.o ..\mcu\src\i2c.c
..\mcu\src\i2c.c: In function 'I2C_Master_BufferRead':
..\mcu\src\i2c.c:232:19: warning: variable 'temp' set but not used [-Wunused-but-set-variable]
..\mcu\src\i2c.c: In function 'I2C_Master_BufferReadWithoutRegisterAddress':
..\mcu\src\i2c.c:506:19: warning: variable 'temp' set but not used [-Wunused-but-set-variable]
..\mcu\src\i2c.c: In function 'I2C_Master_BufferWrite':
..\mcu\src\i2c.c:743:19: warning: variable 'temp' set but not used [-Wunused-but-set-variable]
..\mcu\src\i2c.c: In function 'I2C_Master_BufferWriteWithoutRegisterAddress':
..\mcu\src\i2c.c:833:19: warning: variable 'temp' set but not used [-Wunused-but-set-variable]
arm-atollic-eabi-gcc -c -mthumb -mcpu=cortex-m3 -std=gnu90 -DSTM32L1XX_MD -DUSE_STDPERIPH_DRIVER -I..\Libraries\STM32L1xx_StdPeriph_Driver\inc -I..\Libraries\CMSIS\CM3\CoreSupport -I..\Libraries\CMSIS\CM3\DeviceSupport\ST\STM32L1xx -I../inc/ -I../hw/i2c_devices/bmp180/inc/ -I../mcu/inc/ -I../src/ -I../hw/spi_devices/nt7538/inc/ -I../hw/spi_devices/sst_flash/inc/ -I../hw/i2c_devices/md25/inc -IC:\Users\student\Desktop\BanociDodok\sp-vrs-balogh-spielmann\vrs\basic_project\basic_project\hw\ads1100\inc -O0 -ffunction-sections -fdata-sections -g -Wall -o hw\ads1100\src\ads1100.o ..\hw\ads1100\src\ads1100.c
arm-atollic-eabi-gcc -c -mthumb -mcpu=cortex-m3 -std=gnu90 -DSTM32L1XX_MD -DUSE_STDPERIPH_DRIVER -I..\Libraries\STM32L1xx_StdPeriph_Driver\inc -I..\Libraries\CMSIS\CM3\CoreSupport -I..\Libraries\CMSIS\CM3\DeviceSupport\ST\STM32L1xx -I../inc/ -I../hw/i2c_devices/bmp180/inc/ -I../mcu/inc/ -I../src/ -I../hw/spi_devices/nt7538/inc/ -I../hw/spi_devices/sst_flash/inc/ -I../hw/i2c_devices/md25/inc -IC:\Users\student\Desktop\BanociDodok\sp-vrs-balogh-spielmann\vrs\basic_project\basic_project\hw\ads1100\inc -O0 -ffunction-sections -fdata-sections -g -Wall -o mcu\src\usart.o ..\mcu\src\usart.c
..\mcu\src\usart.c: In function 'USART1_IRQHandler':
..\mcu\src\usart.c:83:11: warning: unused variable 'aDr' [-Wunused-variable]
..\mcu\src\usart.c:82:12: warning: unused variable 'aSr' [-Wunused-variable]
arm-atollic-eabi-gcc -c -mthumb -mcpu=cortex-m3 -std=gnu90 -DSTM32L1XX_MD -DUSE_STDPERIPH_DRIVER -I..\Libraries\STM32L1xx_StdPeriph_Driver\inc -I..\Libraries\CMSIS\CM3\CoreSupport -I..\Libraries\CMSIS\CM3\DeviceSupport\ST\STM32L1xx -I../inc/ -I../hw/i2c_devices/bmp180/inc/ -I../mcu/inc/ -I../src/ -I../hw/spi_devices/nt7538/inc/ -I../hw/spi_devices/sst_flash/inc/ -I../hw/i2c_devices/md25/inc -IC:\Users\student\Desktop\BanociDodok\sp-vrs-balogh-spielmann\vrs\basic_project\basic_project\hw\ads1100\inc -O0 -ffunction-sections -fdata-sections -g -Wall -o Libraries\CMSIS\CM3\CoreSupport\core_cm3.o ..\Libraries\CMSIS\CM3\CoreSupport\core_cm3.c
arm-atollic-eabi-gcc -c -mthumb -mcpu=cortex-m3 -std=gnu90 -DSTM32L1XX_MD -DUSE_STDPERIPH_DRIVER -I..\Libraries\STM32L1xx_StdPeriph_Driver\inc -I..\Libraries\CMSIS\CM3\CoreSupport -I..\Libraries\CMSIS\CM3\DeviceSupport\ST\STM32L1xx -I../inc/ -I../hw/i2c_devices/bmp180/inc/ -I../mcu/inc/ -I../src/ -I../hw/spi_devices/nt7538/inc/ -I../hw/spi_devices/sst_flash/inc/ -I../hw/i2c_devices/md25/inc -IC:\Users\student\Desktop\BanociDodok\sp-vrs-balogh-spielmann\vrs\basic_project\basic_project\hw\ads1100\inc -O0 -ffunction-sections -fdata-sections -g -Wall -o Libraries\STM32L1xx_StdPeriph_Driver\src\stm32l1xx_tim.o ..\Libraries\STM32L1xx_StdPeriph_Driver\src\stm32l1xx_tim.c
arm-atollic-eabi-gcc -c -mthumb -mcpu=cortex-m3 -std=gnu90 -DSTM32L1XX_MD -DUSE_STDPERIPH_DRIVER -I..\Libraries\STM32L1xx_StdPeriph_Driver\inc -I..\Libraries\CMSIS\CM3\CoreSupport -I..\Libraries\CMSIS\CM3\DeviceSupport\ST\STM32L1xx -I../inc/ -I../hw/i2c_devices/bmp180/inc/ -I../mcu/inc/ -I../src/ -I../hw/spi_devices/nt7538/inc/ -I../hw/spi_devices/sst_flash/inc/ -I../hw/i2c_devices/md25/inc -IC:\Users\student\Desktop\BanociDodok\sp-vrs-balogh-spielmann\vrs\basic_project\basic_project\hw\ads1100\inc -O0 -ffunction-sections -fdata-sections -g -Wall -o Libraries\STM32L1xx_StdPeriph_Driver\src\stm32l1xx_crc.o ..\Libraries\STM32L1xx_StdPeriph_Driver\src\stm32l1xx_crc.c
arm-atollic-eabi-gcc -c -mthumb -mcpu=cortex-m3 -std=gnu90 -DSTM32L1XX_MD -DUSE_STDPERIPH_DRIVER -I..\Libraries\STM32L1xx_StdPeriph_Driver\inc -I..\Libraries\CMSIS\CM3\CoreSupport -I..\Libraries\CMSIS\CM3\DeviceSupport\ST\STM32L1xx -I../inc/ -I../hw/i2c_devices/bmp180/inc/ -I../mcu/inc/ -I../src/ -I../hw/spi_devices/nt7538/inc/ -I../hw/spi_devices/sst_flash/inc/ -I../hw/i2c_devices/md25/inc -IC:\Users\student\Desktop\BanociDodok\sp-vrs-balogh-spielmann\vrs\basic_project\basic_project\hw\ads1100\inc -O0 -ffunction-sections -fdata-sections -g -Wall -o src\stm32l1xx_it.o ..\src\stm32l1xx_it.c
arm-atollic-eabi-gcc -c -mthumb -mcpu=cortex-m3 -std=gnu90 -DSTM32L1XX_MD -DUSE_STDPERIPH_DRIVER -I..\Libraries\STM32L1xx_StdPeriph_Driver\inc -I..\Libraries\CMSIS\CM3\CoreSupport -I..\Libraries\CMSIS\CM3\DeviceSupport\ST\STM32L1xx -I../inc/ -I../hw/i2c_devices/bmp180/inc/ -I../mcu/inc/ -I../src/ -I../hw/spi_devices/nt7538/inc/ -I../hw/spi_devices/sst_flash/inc/ -I../hw/i2c_devices/md25/inc -IC:\Users\student\Desktop\BanociDodok\sp-vrs-balogh-spielmann\vrs\basic_project\basic_project\hw\ads1100\inc -O0 -ffunction-sections -fdata-sections -g -Wall -o Libraries\STM32L1xx_StdPeriph_Driver\src\stm32l1xx_dma.o ..\Libraries\STM32L1xx_StdPeriph_Driver\src\stm32l1xx_dma.c
arm-atollic-eabi-gcc -c -mthumb -mcpu=cortex-m3 -std=gnu90 -DSTM32L1XX_MD -DUSE_STDPERIPH_DRIVER -I..\Libraries\STM32L1xx_StdPeriph_Driver\inc -I..\Libraries\CMSIS\CM3\CoreSupport -I..\Libraries\CMSIS\CM3\DeviceSupport\ST\STM32L1xx -I../inc/ -I../hw/i2c_devices/bmp180/inc/ -I../mcu/inc/ -I../src/ -I../hw/spi_devices/nt7538/inc/ -I../hw/spi_devices/sst_flash/inc/ -I../hw/i2c_devices/md25/inc -IC:\Users\student\Desktop\BanociDodok\sp-vrs-balogh-spielmann\vrs\basic_project\basic_project\hw\ads1100\inc -O0 -ffunction-sections -fdata-sections -g -Wall -o Libraries\STM32L1xx_StdPeriph_Driver\src\stm32l1xx_gpio.o ..\Libraries\STM32L1xx_StdPeriph_Driver\src\stm32l1xx_gpio.c
arm-atollic-eabi-gcc -c -mthumb -mcpu=cortex-m3 -std=gnu90 -DSTM32L1XX_MD -DUSE_STDPERIPH_DRIVER -I..\Libraries\STM32L1xx_StdPeriph_Driver\inc -I..\Libraries\CMSIS\CM3\CoreSupport -I..\Libraries\CMSIS\CM3\DeviceSupport\ST\STM32L1xx -I../inc/ -I../hw/i2c_devices/bmp180/inc/ -I../mcu/inc/ -I../src/ -I../hw/spi_devices/nt7538/inc/ -I../hw/spi_devices/sst_flash/inc/ -I../hw/i2c_devices/md25/inc -IC:\Users\student\Desktop\BanociDodok\sp-vrs-balogh-spielmann\vrs\basic_project\basic_project\hw\ads1100\inc -O0 -ffunction-sections -fdata-sections -g -Wall -o Libraries\STM32L1xx_StdPeriph_Driver\src\stm32l1xx_iwdg.o ..\Libraries\STM32L1xx_StdPeriph_Driver\src\stm32l1xx_iwdg.c
arm-atollic-eabi-gcc -c -mthumb -mcpu=cortex-m3 -std=gnu90 -DSTM32L1XX_MD -DUSE_STDPERIPH_DRIVER -I..\Libraries\STM32L1xx_StdPeriph_Driver\inc -I..\Libraries\CMSIS\CM3\CoreSupport -I..\Libraries\CMSIS\CM3\DeviceSupport\ST\STM32L1xx -I../inc/ -I../hw/i2c_devices/bmp180/inc/ -I../mcu/inc/ -I../src/ -I../hw/spi_devices/nt7538/inc/ -I../hw/spi_devices/sst_flash/inc/ -I../hw/i2c_devices/md25/inc -IC:\Users\student\Desktop\BanociDodok\sp-vrs-balogh-spielmann\vrs\basic_project\basic_project\hw\ads1100\inc -O0 -ffunction-sections -fdata-sections -g -Wall -o Libraries\STM32L1xx_StdPeriph_Driver\src\stm32l1xx_rtc.o ..\Libraries\STM32L1xx_StdPeriph_Driver\src\stm32l1xx_rtc.c
arm-atollic-eabi-gcc -c -mthumb -mcpu=cortex-m3 -std=gnu90 -DSTM32L1XX_MD -DUSE_STDPERIPH_DRIVER -I..\Libraries\STM32L1xx_StdPeriph_Driver\inc -I..\Libraries\CMSIS\CM3\CoreSupport -I..\Libraries\CMSIS\CM3\DeviceSupport\ST\STM32L1xx -I../inc/ -I../hw/i2c_devices/bmp180/inc/ -I../mcu/inc/ -I../src/ -I../hw/spi_devices/nt7538/inc/ -I../hw/spi_devices/sst_flash/inc/ -I../hw/i2c_devices/md25/inc -IC:\Users\student\Desktop\BanociDodok\sp-vrs-balogh-spielmann\vrs\basic_project\basic_project\hw\ads1100\inc -O0 -ffunction-sections -fdata-sections -g -Wall -o Libraries\STM32L1xx_StdPeriph_Driver\src\stm32l1xx_lcd.o ..\Libraries\STM32L1xx_StdPeriph_Driver\src\stm32l1xx_lcd.c
arm-atollic-eabi-gcc -c -mthumb -mcpu=cortex-m3 -g -Wa,--warn -x assembler-with-cpp -o Libraries\CMSIS\CM3\DeviceSupport\ST\STM32L1xx\startup\TrueSTUDIO\startup_stm32l1xx_md.o ..\Libraries\CMSIS\CM3\DeviceSupport\ST\STM32L1xx\startup\TrueSTUDIO\startup_stm32l1xx_md.s
arm-atollic-eabi-gcc -c -mthumb -mcpu=cortex-m3 -std=gnu90 -DSTM32L1XX_MD -DUSE_STDPERIPH_DRIVER -I..\Libraries\STM32L1xx_StdPeriph_Driver\inc -I..\Libraries\CMSIS\CM3\CoreSupport -I..\Libraries\CMSIS\CM3\DeviceSupport\ST\STM32L1xx -I../inc/ -I../hw/i2c_devices/bmp180/inc/ -I../mcu/inc/ -I../src/ -I../hw/spi_devices/nt7538/inc/ -I../hw/spi_devices/sst_flash/inc/ -I../hw/i2c_devices/md25/inc -IC:\Users\student\Desktop\BanociDodok\sp-vrs-balogh-spielmann\vrs\basic_project\basic_project\hw\ads1100\inc -O0 -ffunction-sections -fdata-sections -g -Wall -o Libraries\STM32L1xx_StdPeriph_Driver\src\stm32l1xx_dac.o ..\Libraries\STM32L1xx_StdPeriph_Driver\src\stm32l1xx_dac.c
arm-atollic-eabi-gcc -c -mthumb -mcpu=cortex-m3 -std=gnu90 -DSTM32L1XX_MD -DUSE_STDPERIPH_DRIVER -I..\Libraries\STM32L1xx_StdPeriph_Driver\inc -I..\Libraries\CMSIS\CM3\CoreSupport -I..\Libraries\CMSIS\CM3\DeviceSupport\ST\STM32L1xx -I../inc/ -I../hw/i2c_devices/bmp180/inc/ -I../mcu/inc/ -I../src/ -I../hw/spi_devices/nt7538/inc/ -I../hw/spi_devices/sst_flash/inc/ -I../hw/i2c_devices/md25/inc -IC:\Users\student\Desktop\BanociDodok\sp-vrs-balogh-spielmann\vrs\basic_project\basic_project\hw\ads1100\inc -O0 -ffunction-sections -fdata-sections -g -Wall -o Libraries\STM32L1xx_StdPeriph_Driver\src\stm32l1xx_adc.o ..\Libraries\STM32L1xx_StdPeriph_Driver\src\stm32l1xx_adc.c
arm-atollic-eabi-gcc -c -mthumb -mcpu=cortex-m3 -std=gnu90 -DSTM32L1XX_MD -DUSE_STDPERIPH_DRIVER -I..\Libraries\STM32L1xx_StdPeriph_Driver\inc -I..\Libraries\CMSIS\CM3\CoreSupport -I..\Libraries\CMSIS\CM3\DeviceSupport\ST\STM32L1xx -I../inc/ -I../hw/i2c_devices/bmp180/inc/ -I../mcu/inc/ -I../src/ -I../hw/spi_devices/nt7538/inc/ -I../hw/spi_devices/sst_flash/inc/ -I../hw/i2c_devices/md25/inc -IC:\Users\student\Desktop\BanociDodok\sp-vrs-balogh-spielmann\vrs\basic_project\basic_project\hw\ads1100\inc -O0 -ffunction-sections -fdata-sections -g -Wall -o Libraries\STM32L1xx_StdPeriph_Driver\src\stm32l1xx_rcc.o ..\Libraries\STM32L1xx_StdPeriph_Driver\src\stm32l1xx_rcc.c
arm-atollic-eabi-gcc -c -mthumb -mcpu=cortex-m3 -std=gnu90 -DSTM32L1XX_MD -DUSE_STDPERIPH_DRIVER -I..\Libraries\STM32L1xx_StdPeriph_Driver\inc -I..\Libraries\CMSIS\CM3\CoreSupport -I..\Libraries\CMSIS\CM3\DeviceSupport\ST\STM32L1xx -I../inc/ -I../hw/i2c_devices/bmp180/inc/ -I../mcu/inc/ -I../src/ -I../hw/spi_devices/nt7538/inc/ -I../hw/spi_devices/sst_flash/inc/ -I../hw/i2c_devices/md25/inc -IC:\Users\student\Desktop\BanociDodok\sp-vrs-balogh-spielmann\vrs\basic_project\basic_project\hw\ads1100\inc -O0 -ffunction-sections -fdata-sections -g -Wall -o Libraries\STM32L1xx_StdPeriph_Driver\src\stm32l1xx_wwdg.o ..\Libraries\STM32L1xx_StdPeriph_Driver\src\stm32l1xx_wwdg.c
arm-atollic-eabi-gcc -c -mthumb -mcpu=cortex-m3 -std=gnu90 -DSTM32L1XX_MD -DUSE_STDPERIPH_DRIVER -I..\Libraries\STM32L1xx_StdPeriph_Driver\inc -I..\Libraries\CMSIS\CM3\CoreSupport -I..\Libraries\CMSIS\CM3\DeviceSupport\ST\STM32L1xx -I../inc/ -I../hw/i2c_devices/bmp180/inc/ -I../mcu/inc/ -I../src/ -I../hw/spi_devices/nt7538/inc/ -I../hw/spi_devices/sst_flash/inc/ -I../hw/i2c_devices/md25/inc -IC:\Users\student\Desktop\BanociDodok\sp-vrs-balogh-spielmann\vrs\basic_project\basic_project\hw\ads1100\inc -O0 -ffunction-sections -fdata-sections -g -Wall -o Libraries\STM32L1xx_StdPeriph_Driver\src\stm32l1xx_comp.o ..\Libraries\STM32L1xx_StdPeriph_Driver\src\stm32l1xx_comp.c
arm-atollic-eabi-gcc -c -mthumb -mcpu=cortex-m3 -std=gnu90 -DSTM32L1XX_MD -DUSE_STDPERIPH_DRIVER -I..\Libraries\STM32L1xx_StdPeriph_Driver\inc -I..\Libraries\CMSIS\CM3\CoreSupport -I..\Libraries\CMSIS\CM3\DeviceSupport\ST\STM32L1xx -I../inc/ -I../hw/i2c_devices/bmp180/inc/ -I../mcu/inc/ -I../src/ -I../hw/spi_devices/nt7538/inc/ -I../hw/spi_devices/sst_flash/inc/ -I../hw/i2c_devices/md25/inc -IC:\Users\student\Desktop\BanociDodok\sp-vrs-balogh-spielmann\vrs\basic_project\basic_project\hw\ads1100\inc -O0 -ffunction-sections -fdata-sections -g -Wall -o Libraries\STM32L1xx_StdPeriph_Driver\src\stm32l1xx_dbgmcu.o ..\Libraries\STM32L1xx_StdPeriph_Driver\src\stm32l1xx_dbgmcu.c
arm-atollic-eabi-gcc -c -mthumb -mcpu=cortex-m3 -std=gnu90 -DSTM32L1XX_MD -DUSE_STDPERIPH_DRIVER -I..\Libraries\STM32L1xx_StdPeriph_Driver\inc -I..\Libraries\CMSIS\CM3\CoreSupport -I..\Libraries\CMSIS\CM3\DeviceSupport\ST\STM32L1xx -I../inc/ -I../hw/i2c_devices/bmp180/inc/ -I../mcu/inc/ -I../src/ -I../hw/spi_devices/nt7538/inc/ -I../hw/spi_devices/sst_flash/inc/ -I../hw/i2c_devices/md25/inc -IC:\Users\student\Desktop\BanociDodok\sp-vrs-balogh-spielmann\vrs\basic_project\basic_project\hw\ads1100\inc -O0 -ffunction-sections -fdata-sections -g -Wall -o Libraries\STM32L1xx_StdPeriph_Driver\src\stm32l1xx_pwr.o ..\Libraries\STM32L1xx_StdPeriph_Driver\src\stm32l1xx_pwr.c
arm-atollic-eabi-gcc -c -mthumb -mcpu=cortex-m3 -std=gnu90 -DSTM32L1XX_MD -DUSE_STDPERIPH_DRIVER -I..\Libraries\STM32L1xx_StdPeriph_Driver\inc -I..\Libraries\CMSIS\CM3\CoreSupport -I..\Libraries\CMSIS\CM3\DeviceSupport\ST\STM32L1xx -I../inc/ -I../hw/i2c_devices/bmp180/inc/ -I../mcu/inc/ -I../src/ -I../hw/spi_devices/nt7538/inc/ -I../hw/spi_devices/sst_flash/inc/ -I../hw/i2c_devices/md25/inc -IC:\Users\student\Desktop\BanociDodok\sp-vrs-balogh-spielmann\vrs\basic_project\basic_project\hw\ads1100\inc -O0 -ffunction-sections -fdata-sections -g -Wall -o Libraries\STM32L1xx_StdPeriph_Driver\src\stm32l1xx_syscfg.o ..\Libraries\STM32L1xx_StdPeriph_Driver\src\stm32l1xx_syscfg.c
arm-atollic-eabi-gcc -c -mthumb -mcpu=cortex-m3 -std=gnu90 -DSTM32L1XX_MD -DUSE_STDPERIPH_DRIVER -I..\Libraries\STM32L1xx_StdPeriph_Driver\inc -I..\Libraries\CMSIS\CM3\CoreSupport -I..\Libraries\CMSIS\CM3\DeviceSupport\ST\STM32L1xx -I../inc/ -I../hw/i2c_devices/bmp180/inc/ -I../mcu/inc/ -I../src/ -I../hw/spi_devices/nt7538/inc/ -I../hw/spi_devices/sst_flash/inc/ -I../hw/i2c_devices/md25/inc -IC:\Users\student\Desktop\BanociDodok\sp-vrs-balogh-spielmann\vrs\basic_project\basic_project\hw\ads1100\inc -O0 -ffunction-sections -fdata-sections -g -Wall -o Libraries\STM32L1xx_StdPeriph_Driver\src\stm32l1xx_flash_ramfunc.o ..\Libraries\STM32L1xx_StdPeriph_Driver\src\stm32l1xx_flash_ramfunc.c
C:\Users\student\AppData\Local\Temp\ccJqPsVm.s: Assembler messages:
C:\Users\student\AppData\Local\Temp\ccJqPsVm.s:18: Warning: ignoring changed section attributes for .data
arm-atollic-eabi-gcc -c -mthumb -mcpu=cortex-m3 -std=gnu90 -DSTM32L1XX_MD -DUSE_STDPERIPH_DRIVER -I..\Libraries\STM32L1xx_StdPeriph_Driver\inc -I..\Libraries\CMSIS\CM3\CoreSupport -I..\Libraries\CMSIS\CM3\DeviceSupport\ST\STM32L1xx -I../inc/ -I../hw/i2c_devices/bmp180/inc/ -I../mcu/inc/ -I../src/ -I../hw/spi_devices/nt7538/inc/ -I../hw/spi_devices/sst_flash/inc/ -I../hw/i2c_devices/md25/inc -IC:\Users\student\Desktop\BanociDodok\sp-vrs-balogh-spielmann\vrs\basic_project\basic_project\hw\ads1100\inc -O0 -ffunction-sections -fdata-sections -g -Wall -o Libraries\STM32L1xx_StdPeriph_Driver\src\misc.o ..\Libraries\STM32L1xx_StdPeriph_Driver\src\misc.c
arm-atollic-eabi-gcc -c -mthumb -mcpu=cortex-m3 -std=gnu90 -DSTM32L1XX_MD -DUSE_STDPERIPH_DRIVER -I..\Libraries\STM32L1xx_StdPeriph_Driver\inc -I..\Libraries\CMSIS\CM3\CoreSupport -I..\Libraries\CMSIS\CM3\DeviceSupport\ST\STM32L1xx -I../inc/ -I../hw/i2c_devices/bmp180/inc/ -I../mcu/inc/ -I../src/ -I../hw/spi_devices/nt7538/inc/ -I../hw/spi_devices/sst_flash/inc/ -I../hw/i2c_devices/md25/inc -IC:\Users\student\Desktop\BanociDodok\sp-vrs-balogh-spielmann\vrs\basic_project\basic_project\hw\ads1100\inc -O0 -ffunction-sections -fdata-sections -g -Wall -o mcu\src\mcu.o ..\mcu\src\mcu.c
arm-atollic-eabi-gcc -c -mthumb -mcpu=cortex-m3 -std=gnu90 -DSTM32L1XX_MD -DUSE_STDPERIPH_DRIVER -I..\Libraries\STM32L1xx_StdPeriph_Driver\inc -I..\Libraries\CMSIS\CM3\CoreSupport -I..\Libraries\CMSIS\CM3\DeviceSupport\ST\STM32L1xx -I../inc/ -I../hw/i2c_devices/bmp180/inc/ -I../mcu/inc/ -I../src/ -I../hw/spi_devices/nt7538/inc/ -I../hw/spi_devices/sst_flash/inc/ -I../hw/i2c_devices/md25/inc -IC:\Users\student\Desktop\BanociDodok\sp-vrs-balogh-spielmann\vrs\basic_project\basic_project\hw\ads1100\inc -O0 -ffunction-sections -fdata-sections -g -Wall -o src\main.o ..\src\main.c
arm-atollic-eabi-gcc -c -mthumb -mcpu=cortex-m3 -std=gnu90 -DSTM32L1XX_MD -DUSE_STDPERIPH_DRIVER -I..\Libraries\STM32L1xx_StdPeriph_Driver\inc -I..\Libraries\CMSIS\CM3\CoreSupport -I..\Libraries\CMSIS\CM3\DeviceSupport\ST\STM32L1xx -I../inc/ -I../hw/i2c_devices/bmp180/inc/ -I../mcu/inc/ -I../src/ -I../hw/spi_devices/nt7538/inc/ -I../hw/spi_devices/sst_flash/inc/ -I../hw/i2c_devices/md25/inc -IC:\Users\student\Desktop\BanociDodok\sp-vrs-balogh-spielmann\vrs\basic_project\basic_project\hw\ads1100\inc -O0 -ffunction-sections -fdata-sections -g -Wall -o Libraries\STM32L1xx_StdPeriph_Driver\src\stm32l1xx_spi.o ..\Libraries\STM32L1xx_StdPeriph_Driver\src\stm32l1xx_spi.c
arm-atollic-eabi-gcc -c -mthumb -mcpu=cortex-m3 -std=gnu90 -DSTM32L1XX_MD -DUSE_STDPERIPH_DRIVER -I..\Libraries\STM32L1xx_StdPeriph_Driver\inc -I..\Libraries\CMSIS\CM3\CoreSupport -I..\Libraries\CMSIS\CM3\DeviceSupport\ST\STM32L1xx -I../inc/ -I../hw/i2c_devices/bmp180/inc/ -I../mcu/inc/ -I../src/ -I../hw/spi_devices/nt7538/inc/ -I../hw/spi_devices/sst_flash/inc/ -I../hw/i2c_devices/md25/inc -IC:\Users\student\Desktop\BanociDodok\sp-vrs-balogh-spielmann\vrs\basic_project\basic_project\hw\ads1100\inc -O0 -ffunction-sections -fdata-sections -g -Wall -o src\system_stm32l1xx.o ..\src\system_stm32l1xx.c
arm-atollic-eabi-gcc -c -mthumb -mcpu=cortex-m3 -std=gnu90 -DSTM32L1XX_MD -DUSE_STDPERIPH_DRIVER -I..\Libraries\STM32L1xx_StdPeriph_Driver\inc -I..\Libraries\CMSIS\CM3\CoreSupport -I..\Libraries\CMSIS\CM3\DeviceSupport\ST\STM32L1xx -I../inc/ -I../hw/i2c_devices/bmp180/inc/ -I../mcu/inc/ -I../src/ -I../hw/spi_devices/nt7538/inc/ -I../hw/spi_devices/sst_flash/inc/ -I../hw/i2c_devices/md25/inc -IC:\Users\student\Desktop\BanociDodok\sp-vrs-balogh-spielmann\vrs\basic_project\basic_project\hw\ads1100\inc -O0 -ffunction-sections -fdata-sections -g -Wall -o src\usart2.o ..\src\usart2.c
..\src\usart2.c: In function 'USART2_IRQHandler':
..\src\usart2.c:138:11: warning: unused variable 'aDr' [-Wunused-variable]
..\src\usart2.c:137:12: warning: unused variable 'aSr' [-Wunused-variable]
..\src\usart2.c: In function 'USART3_IRQHandler':
..\src\usart2.c:166:11: warning: unused variable 'aDr' [-Wunused-variable]
..\src\usart2.c:165:12: warning: unused variable 'aSr' [-Wunused-variable]
arm-atollic-eabi-gcc -c -mthumb -mcpu=cortex-m3 -std=gnu90 -DSTM32L1XX_MD -DUSE_STDPERIPH_DRIVER -I..\Libraries\STM32L1xx_StdPeriph_Driver\inc -I..\Libraries\CMSIS\CM3\CoreSupport -I..\Libraries\CMSIS\CM3\DeviceSupport\ST\STM32L1xx -I../inc/ -I../hw/i2c_devices/bmp180/inc/ -I../mcu/inc/ -I../src/ -I../hw/spi_devices/nt7538/inc/ -I../hw/spi_devices/sst_flash/inc/ -I../hw/i2c_devices/md25/inc -IC:\Users\student\Desktop\BanociDodok\sp-vrs-balogh-spielmann\vrs\basic_project\basic_project\hw\ads1100\inc -O0 -ffunction-sections -fdata-sections -g -Wall -o Libraries\STM32L1xx_StdPeriph_Driver\src\stm32l1xx_i2c.o ..\Libraries\STM32L1xx_StdPeriph_Driver\src\stm32l1xx_i2c.c
arm-atollic-eabi-gcc -c -mthumb -mcpu=cortex-m3 -std=gnu90 -DSTM32L1XX_MD -DUSE_STDPERIPH_DRIVER -I..\Libraries\STM32L1xx_StdPeriph_Driver\inc -I..\Libraries\CMSIS\CM3\CoreSupport -I..\Libraries\CMSIS\CM3\DeviceSupport\ST\STM32L1xx -I../inc/ -I../hw/i2c_devices/bmp180/inc/ -I../mcu/inc/ -I../src/ -I../hw/spi_devices/nt7538/inc/ -I../hw/spi_devices/sst_flash/inc/ -I../hw/i2c_devices/md25/inc -IC:\Users\student\Desktop\BanociDodok\sp-vrs-balogh-spielmann\vrs\basic_project\basic_project\hw\ads1100\inc -O0 -ffunction-sections -fdata-sections -g -Wall -o Libraries\STM32L1xx_StdPeriph_Driver\src\stm32l1xx_flash.o ..\Libraries\STM32L1xx_StdPeriph_Driver\src\stm32l1xx_flash.c
arm-atollic-eabi-gcc src\usart2.o src\system_stm32l1xx.o src\stm32l1xx_it.o src\main.o mcu\src\usart.o mcu\src\mcu.o mcu\src\i2c.o hw\ads1100\src\ads1100.o Libraries\STM32L1xx_StdPeriph_Driver\src\stm32l1xx_wwdg.o Libraries\STM32L1xx_StdPeriph_Driver\src\stm32l1xx_usart.o Libraries\STM32L1xx_StdPeriph_Driver\src\stm32l1xx_tim.o Libraries\STM32L1xx_StdPeriph_Driver\src\stm32l1xx_syscfg.o Libraries\STM32L1xx_StdPeriph_Driver\src\stm32l1xx_spi.o Libraries\STM32L1xx_StdPeriph_Driver\src\stm32l1xx_rtc.o Libraries\STM32L1xx_StdPeriph_Driver\src\stm32l1xx_rcc.o Libraries\STM32L1xx_StdPeriph_Driver\src\stm32l1xx_pwr.o Libraries\STM32L1xx_StdPeriph_Driver\src\stm32l1xx_lcd.o Libraries\STM32L1xx_StdPeriph_Driver\src\stm32l1xx_iwdg.o Libraries\STM32L1xx_StdPeriph_Driver\src\stm32l1xx_i2c.o Libraries\STM32L1xx_StdPeriph_Driver\src\stm32l1xx_gpio.o Libraries\STM32L1xx_StdPeriph_Driver\src\stm32l1xx_flash_ramfunc.o Libraries\STM32L1xx_StdPeriph_Driver\src\stm32l1xx_flash.o Libraries\STM32L1xx_StdPeriph_Driver\src\stm32l1xx_exti.o Libraries\STM32L1xx_StdPeriph_Driver\src\stm32l1xx_dma.o Libraries\STM32L1xx_StdPeriph_Driver\src\stm32l1xx_dbgmcu.o Libraries\STM32L1xx_StdPeriph_Driver\src\stm32l1xx_dac.o Libraries\STM32L1xx_StdPeriph_Driver\src\stm32l1xx_crc.o Libraries\STM32L1xx_StdPeriph_Driver\src\stm32l1xx_comp.o Libraries\STM32L1xx_StdPeriph_Driver\src\stm32l1xx_adc.o Libraries\STM32L1xx_StdPeriph_Driver\src\misc.o Libraries\CMSIS\CM3\DeviceSupport\ST\STM32L1xx\startup\TrueSTUDIO\startup_stm32l1xx_md.o Libraries\CMSIS\CM3\CoreSupport\core_cm3.o -lm -o basic_project.elf -mthumb -mcpu=cortex-m3 -T..\stm32_flash.ld -static -Wl,-cref,-u,Reset_Handler -Wl,-Map=basic_project.map -Wl,--gc-sections -Wl,--defsym=malloc_getpagesize_P=0x1000
C:\Program Files (x86)\Atollic\TrueSTUDIO for ARM Lite 3.2.0\ide\jre\bin\java -jar C:\Program Files (x86)\Atollic\TrueSTUDIO for ARM Lite 3.2.0\Tools\arm-atollic-reports.jar sizeinfo basic_project.elf
Generate build reports...
Print size information
   text	   data	    bss	    dec	    hex	filename
   6412	     36	    172	   6620	   19dc	basic_project.elf
Print size information done
Generate build reports done
Build complete for project basic_project
Time consumed: 5024  ms.  

**** Build of configuration Debug for project basic_project ****

**** Internal Builder is used for build               ****
arm-atollic-eabi-gcc -c -mthumb -mcpu=cortex-m3 -std=gnu90 -DSTM32L1XX_MD -DUSE_STDPERIPH_DRIVER -I..\Libraries\STM32L1xx_StdPeriph_Driver\inc -I..\Libraries\CMSIS\CM3\CoreSupport -I..\Libraries\CMSIS\CM3\DeviceSupport\ST\STM32L1xx -I../inc/ -I../hw/i2c_devices/bmp180/inc/ -I../mcu/inc/ -I../src/ -I../hw/spi_devices/nt7538/inc/ -I../hw/spi_devices/sst_flash/inc/ -I../hw/i2c_devices/md25/inc -IC:\Users\student\Desktop\BanociDodok\sp-vrs-balogh-spielmann\vrs\basic_project\basic_project\hw\ads1100\inc -O0 -ffunction-sections -fdata-sections -g -Wall -o src\main.o ..\src\main.c
..\src\main.c: In function 'main':
..\src\main.c:190:6: warning: implicit declaration of function 'int2char' [-Wimplicit-function-declaration]
arm-atollic-eabi-gcc src\usart2.o src\system_stm32l1xx.o src\stm32l1xx_it.o src\main.o mcu\src\usart.o mcu\src\mcu.o mcu\src\i2c.o hw\ads1100\src\ads1100.o Libraries\STM32L1xx_StdPeriph_Driver\src\stm32l1xx_wwdg.o Libraries\STM32L1xx_StdPeriph_Driver\src\stm32l1xx_usart.o Libraries\STM32L1xx_StdPeriph_Driver\src\stm32l1xx_tim.o Libraries\STM32L1xx_StdPeriph_Driver\src\stm32l1xx_syscfg.o Libraries\STM32L1xx_StdPeriph_Driver\src\stm32l1xx_spi.o Libraries\STM32L1xx_StdPeriph_Driver\src\stm32l1xx_rtc.o Libraries\STM32L1xx_StdPeriph_Driver\src\stm32l1xx_rcc.o Libraries\STM32L1xx_StdPeriph_Driver\src\stm32l1xx_pwr.o Libraries\STM32L1xx_StdPeriph_Driver\src\stm32l1xx_lcd.o Libraries\STM32L1xx_StdPeriph_Driver\src\stm32l1xx_iwdg.o Libraries\STM32L1xx_StdPeriph_Driver\src\stm32l1xx_i2c.o Libraries\STM32L1xx_StdPeriph_Driver\src\stm32l1xx_gpio.o Libraries\STM32L1xx_StdPeriph_Driver\src\stm32l1xx_flash_ramfunc.o Libraries\STM32L1xx_StdPeriph_Driver\src\stm32l1xx_flash.o Libraries\STM32L1xx_StdPeriph_Driver\src\stm32l1xx_exti.o Libraries\STM32L1xx_StdPeriph_Driver\src\stm32l1xx_dma.o Libraries\STM32L1xx_StdPeriph_Driver\src\stm32l1xx_dbgmcu.o Libraries\STM32L1xx_StdPeriph_Driver\src\stm32l1xx_dac.o Libraries\STM32L1xx_StdPeriph_Driver\src\stm32l1xx_crc.o Libraries\STM32L1xx_StdPeriph_Driver\src\stm32l1xx_comp.o Libraries\STM32L1xx_StdPeriph_Driver\src\stm32l1xx_adc.o Libraries\STM32L1xx_StdPeriph_Driver\src\misc.o Libraries\CMSIS\CM3\DeviceSupport\ST\STM32L1xx\startup\TrueSTUDIO\startup_stm32l1xx_md.o Libraries\CMSIS\CM3\CoreSupport\core_cm3.o -lm -o basic_project.elf -mthumb -mcpu=cortex-m3 -T..\stm32_flash.ld -static -Wl,-cref,-u,Reset_Handler -Wl,-Map=basic_project.map -Wl,--gc-sections -Wl,--defsym=malloc_getpagesize_P=0x1000
src\main.o: In function `main':
C:\Users\student\Desktop\BanociDodok\sp-vrs-balogh-spielmann\vrs\basic_project\basic_project\Debug/..\src/main.c:190: undefined reference to `int2char'
collect2: ld returned 1 exit status
Build error occurred, build is stopped
Time consumed: 359  ms.  

**** Build of configuration Debug for project basic_project ****

**** Internal Builder is used for build               ****
arm-atollic-eabi-gcc -c -mthumb -mcpu=cortex-m3 -std=gnu90 -DSTM32L1XX_MD -DUSE_STDPERIPH_DRIVER -I..\Libraries\STM32L1xx_StdPeriph_Driver\inc -I..\Libraries\CMSIS\CM3\CoreSupport -I..\Libraries\CMSIS\CM3\DeviceSupport\ST\STM32L1xx -I../inc/ -I../hw/i2c_devices/bmp180/inc/ -I../mcu/inc/ -I../src/ -I../hw/spi_devices/nt7538/inc/ -I../hw/spi_devices/sst_flash/inc/ -I../hw/i2c_devices/md25/inc -IC:\Users\student\Desktop\BanociDodok\sp-vrs-balogh-spielmann\vrs\basic_project\basic_project\hw\ads1100\inc -O0 -ffunction-sections -fdata-sections -g -Wall -o src\main.o ..\src\main.c
arm-atollic-eabi-gcc src\usart2.o src\system_stm32l1xx.o src\stm32l1xx_it.o src\main.o mcu\src\usart.o mcu\src\mcu.o mcu\src\i2c.o hw\ads1100\src\ads1100.o Libraries\STM32L1xx_StdPeriph_Driver\src\stm32l1xx_wwdg.o Libraries\STM32L1xx_StdPeriph_Driver\src\stm32l1xx_usart.o Libraries\STM32L1xx_StdPeriph_Driver\src\stm32l1xx_tim.o Libraries\STM32L1xx_StdPeriph_Driver\src\stm32l1xx_syscfg.o Libraries\STM32L1xx_StdPeriph_Driver\src\stm32l1xx_spi.o Libraries\STM32L1xx_StdPeriph_Driver\src\stm32l1xx_rtc.o Libraries\STM32L1xx_StdPeriph_Driver\src\stm32l1xx_rcc.o Libraries\STM32L1xx_StdPeriph_Driver\src\stm32l1xx_pwr.o Libraries\STM32L1xx_StdPeriph_Driver\src\stm32l1xx_lcd.o Libraries\STM32L1xx_StdPeriph_Driver\src\stm32l1xx_iwdg.o Libraries\STM32L1xx_StdPeriph_Driver\src\stm32l1xx_i2c.o Libraries\STM32L1xx_StdPeriph_Driver\src\stm32l1xx_gpio.o Libraries\STM32L1xx_StdPeriph_Driver\src\stm32l1xx_flash_ramfunc.o Libraries\STM32L1xx_StdPeriph_Driver\src\stm32l1xx_flash.o Libraries\STM32L1xx_StdPeriph_Driver\src\stm32l1xx_exti.o Libraries\STM32L1xx_StdPeriph_Driver\src\stm32l1xx_dma.o Libraries\STM32L1xx_StdPeriph_Driver\src\stm32l1xx_dbgmcu.o Libraries\STM32L1xx_StdPeriph_Driver\src\stm32l1xx_dac.o Libraries\STM32L1xx_StdPeriph_Driver\src\stm32l1xx_crc.o Libraries\STM32L1xx_StdPeriph_Driver\src\stm32l1xx_comp.o Libraries\STM32L1xx_StdPeriph_Driver\src\stm32l1xx_adc.o Libraries\STM32L1xx_StdPeriph_Driver\src\misc.o Libraries\CMSIS\CM3\DeviceSupport\ST\STM32L1xx\startup\TrueSTUDIO\startup_stm32l1xx_md.o Libraries\CMSIS\CM3\CoreSupport\core_cm3.o -lm -o basic_project.elf -mthumb -mcpu=cortex-m3 -T..\stm32_flash.ld -static -Wl,-cref,-u,Reset_Handler -Wl,-Map=basic_project.map -Wl,--gc-sections -Wl,--defsym=malloc_getpagesize_P=0x1000
C:\Program Files (x86)\Atollic\TrueSTUDIO for ARM Lite 3.2.0\ide\jre\bin\java -jar C:\Program Files (x86)\Atollic\TrueSTUDIO for ARM Lite 3.2.0\Tools\arm-atollic-reports.jar sizeinfo basic_project.elf
Generate build reports...
Print size information
   text	   data	    bss	    dec	    hex	filename
   5784	     36	    172	   5992	   1768	basic_project.elf
Print size information done
Generate build reports done
Build complete for project basic_project
Time consumed: 499  ms.  

**** Build of configuration Debug for project basic_project ****

**** Internal Builder is used for build               ****
arm-atollic-eabi-gcc -c -mthumb -mcpu=cortex-m3 -std=gnu90 -DSTM32L1XX_MD -DUSE_STDPERIPH_DRIVER -I..\Libraries\STM32L1xx_StdPeriph_Driver\inc -I..\Libraries\CMSIS\CM3\CoreSupport -I..\Libraries\CMSIS\CM3\DeviceSupport\ST\STM32L1xx -I../inc/ -I../hw/i2c_devices/bmp180/inc/ -I../mcu/inc/ -I../src/ -I../hw/spi_devices/nt7538/inc/ -I../hw/spi_devices/sst_flash/inc/ -I../hw/i2c_devices/md25/inc -IC:\Users\student\Desktop\BanociDodok\sp-vrs-balogh-spielmann\vrs\basic_project\basic_project\hw\ads1100\inc -O0 -ffunction-sections -fdata-sections -g -Wall -o src\main.o ..\src\main.c
..\src\main.c: In function 'main':
..\src\main.c:146:9: warning: variable 'preasure' set but not used [-Wunused-but-set-variable]
arm-atollic-eabi-gcc src\usart2.o src\system_stm32l1xx.o src\stm32l1xx_it.o src\main.o mcu\src\usart.o mcu\src\mcu.o mcu\src\i2c.o hw\ads1100\src\ads1100.o Libraries\STM32L1xx_StdPeriph_Driver\src\stm32l1xx_wwdg.o Libraries\STM32L1xx_StdPeriph_Driver\src\stm32l1xx_usart.o Libraries\STM32L1xx_StdPeriph_Driver\src\stm32l1xx_tim.o Libraries\STM32L1xx_StdPeriph_Driver\src\stm32l1xx_syscfg.o Libraries\STM32L1xx_StdPeriph_Driver\src\stm32l1xx_spi.o Libraries\STM32L1xx_StdPeriph_Driver\src\stm32l1xx_rtc.o Libraries\STM32L1xx_StdPeriph_Driver\src\stm32l1xx_rcc.o Libraries\STM32L1xx_StdPeriph_Driver\src\stm32l1xx_pwr.o Libraries\STM32L1xx_StdPeriph_Driver\src\stm32l1xx_lcd.o Libraries\STM32L1xx_StdPeriph_Driver\src\stm32l1xx_iwdg.o Libraries\STM32L1xx_StdPeriph_Driver\src\stm32l1xx_i2c.o Libraries\STM32L1xx_StdPeriph_Driver\src\stm32l1xx_gpio.o Libraries\STM32L1xx_StdPeriph_Driver\src\stm32l1xx_flash_ramfunc.o Libraries\STM32L1xx_StdPeriph_Driver\src\stm32l1xx_flash.o Libraries\STM32L1xx_StdPeriph_Driver\src\stm32l1xx_exti.o Libraries\STM32L1xx_StdPeriph_Driver\src\stm32l1xx_dma.o Libraries\STM32L1xx_StdPeriph_Driver\src\stm32l1xx_dbgmcu.o Libraries\STM32L1xx_StdPeriph_Driver\src\stm32l1xx_dac.o Libraries\STM32L1xx_StdPeriph_Driver\src\stm32l1xx_crc.o Libraries\STM32L1xx_StdPeriph_Driver\src\stm32l1xx_comp.o Libraries\STM32L1xx_StdPeriph_Driver\src\stm32l1xx_adc.o Libraries\STM32L1xx_StdPeriph_Driver\src\misc.o Libraries\CMSIS\CM3\DeviceSupport\ST\STM32L1xx\startup\TrueSTUDIO\startup_stm32l1xx_md.o Libraries\CMSIS\CM3\CoreSupport\core_cm3.o -lm -o basic_project.elf -mthumb -mcpu=cortex-m3 -T..\stm32_flash.ld -static -Wl,-cref,-u,Reset_Handler -Wl,-Map=basic_project.map -Wl,--gc-sections -Wl,--defsym=malloc_getpagesize_P=0x1000
C:\Program Files (x86)\Atollic\TrueSTUDIO for ARM Lite 3.2.0\ide\jre\bin\java -jar C:\Program Files (x86)\Atollic\TrueSTUDIO for ARM Lite 3.2.0\Tools\arm-atollic-reports.jar sizeinfo basic_project.elf
Generate build reports...
Print size information
   text	   data	    bss	    dec	    hex	filename
   7764	     36	    172	   7972	   1f24	basic_project.elf
Print size information done
Generate build reports done
Build complete for project basic_project
Time consumed: 593  ms.  

**** Build of configuration Debug for project basic_project ****

**** Internal Builder is used for build               ****
arm-atollic-eabi-gcc -c -mthumb -mcpu=cortex-m3 -std=gnu90 -DSTM32L1XX_MD -DUSE_STDPERIPH_DRIVER -I..\Libraries\STM32L1xx_StdPeriph_Driver\inc -I..\Libraries\CMSIS\CM3\CoreSupport -I..\Libraries\CMSIS\CM3\DeviceSupport\ST\STM32L1xx -I../inc/ -I../hw/i2c_devices/bmp180/inc/ -I../mcu/inc/ -I../src/ -I../hw/spi_devices/nt7538/inc/ -I../hw/spi_devices/sst_flash/inc/ -I../hw/i2c_devices/md25/inc -IC:\Users\student\Desktop\BanociDodok\sp-vrs-balogh-spielmann\vrs\basic_project\basic_project\hw\ads1100\inc -O0 -ffunction-sections -fdata-sections -g -Wall -o src\main.o ..\src\main.c
arm-atollic-eabi-gcc src\usart2.o src\system_stm32l1xx.o src\stm32l1xx_it.o src\main.o mcu\src\usart.o mcu\src\mcu.o mcu\src\i2c.o hw\ads1100\src\ads1100.o Libraries\STM32L1xx_StdPeriph_Driver\src\stm32l1xx_wwdg.o Libraries\STM32L1xx_StdPeriph_Driver\src\stm32l1xx_usart.o Libraries\STM32L1xx_StdPeriph_Driver\src\stm32l1xx_tim.o Libraries\STM32L1xx_StdPeriph_Driver\src\stm32l1xx_syscfg.o Libraries\STM32L1xx_StdPeriph_Driver\src\stm32l1xx_spi.o Libraries\STM32L1xx_StdPeriph_Driver\src\stm32l1xx_rtc.o Libraries\STM32L1xx_StdPeriph_Driver\src\stm32l1xx_rcc.o Libraries\STM32L1xx_StdPeriph_Driver\src\stm32l1xx_pwr.o Libraries\STM32L1xx_StdPeriph_Driver\src\stm32l1xx_lcd.o Libraries\STM32L1xx_StdPeriph_Driver\src\stm32l1xx_iwdg.o Libraries\STM32L1xx_StdPeriph_Driver\src\stm32l1xx_i2c.o Libraries\STM32L1xx_StdPeriph_Driver\src\stm32l1xx_gpio.o Libraries\STM32L1xx_StdPeriph_Driver\src\stm32l1xx_flash_ramfunc.o Libraries\STM32L1xx_StdPeriph_Driver\src\stm32l1xx_flash.o Libraries\STM32L1xx_StdPeriph_Driver\src\stm32l1xx_exti.o Libraries\STM32L1xx_StdPeriph_Driver\src\stm32l1xx_dma.o Libraries\STM32L1xx_StdPeriph_Driver\src\stm32l1xx_dbgmcu.o Libraries\STM32L1xx_StdPeriph_Driver\src\stm32l1xx_dac.o Libraries\STM32L1xx_StdPeriph_Driver\src\stm32l1xx_crc.o Libraries\STM32L1xx_StdPeriph_Driver\src\stm32l1xx_comp.o Libraries\STM32L1xx_StdPeriph_Driver\src\stm32l1xx_adc.o Libraries\STM32L1xx_StdPeriph_Driver\src\misc.o Libraries\CMSIS\CM3\DeviceSupport\ST\STM32L1xx\startup\TrueSTUDIO\startup_stm32l1xx_md.o Libraries\CMSIS\CM3\CoreSupport\core_cm3.o -lm -o basic_project.elf -mthumb -mcpu=cortex-m3 -T..\stm32_flash.ld -static -Wl,-cref,-u,Reset_Handler -Wl,-Map=basic_project.map -Wl,--gc-sections -Wl,--defsym=malloc_getpagesize_P=0x1000
C:\Program Files (x86)\Atollic\TrueSTUDIO for ARM Lite 3.2.0\ide\jre\bin\java -jar C:\Program Files (x86)\Atollic\TrueSTUDIO for ARM Lite 3.2.0\Tools\arm-atollic-reports.jar sizeinfo basic_project.elf
Generate build reports...
Print size information
   text	   data	    bss	    dec	    hex	filename
   7796	     36	    172	   8004	   1f44	basic_project.elf
Print size information done
Generate build reports done
Build complete for project basic_project
Time consumed: 499  ms.  

**** Build of configuration Debug for project basic_project ****

**** Internal Builder is used for build               ****
arm-atollic-eabi-gcc -c -mthumb -mcpu=cortex-m3 -std=gnu90 -DSTM32L1XX_MD -DUSE_STDPERIPH_DRIVER -I..\Libraries\STM32L1xx_StdPeriph_Driver\inc -I..\Libraries\CMSIS\CM3\CoreSupport -I..\Libraries\CMSIS\CM3\DeviceSupport\ST\STM32L1xx -I../inc/ -I../hw/i2c_devices/bmp180/inc/ -I../mcu/inc/ -I../src/ -I../hw/spi_devices/nt7538/inc/ -I../hw/spi_devices/sst_flash/inc/ -I../hw/i2c_devices/md25/inc -IC:\Users\student\Desktop\BanociDodok\sp-vrs-balogh-spielmann\vrs\basic_project\basic_project\hw\ads1100\inc -O0 -ffunction-sections -fdata-sections -g -Wall -o src\main.o ..\src\main.c
arm-atollic-eabi-gcc src\usart2.o src\system_stm32l1xx.o src\stm32l1xx_it.o src\main.o mcu\src\usart.o mcu\src\mcu.o mcu\src\i2c.o hw\ads1100\src\ads1100.o Libraries\STM32L1xx_StdPeriph_Driver\src\stm32l1xx_wwdg.o Libraries\STM32L1xx_StdPeriph_Driver\src\stm32l1xx_usart.o Libraries\STM32L1xx_StdPeriph_Driver\src\stm32l1xx_tim.o Libraries\STM32L1xx_StdPeriph_Driver\src\stm32l1xx_syscfg.o Libraries\STM32L1xx_StdPeriph_Driver\src\stm32l1xx_spi.o Libraries\STM32L1xx_StdPeriph_Driver\src\stm32l1xx_rtc.o Libraries\STM32L1xx_StdPeriph_Driver\src\stm32l1xx_rcc.o Libraries\STM32L1xx_StdPeriph_Driver\src\stm32l1xx_pwr.o Libraries\STM32L1xx_StdPeriph_Driver\src\stm32l1xx_lcd.o Libraries\STM32L1xx_StdPeriph_Driver\src\stm32l1xx_iwdg.o Libraries\STM32L1xx_StdPeriph_Driver\src\stm32l1xx_i2c.o Libraries\STM32L1xx_StdPeriph_Driver\src\stm32l1xx_gpio.o Libraries\STM32L1xx_StdPeriph_Driver\src\stm32l1xx_flash_ramfunc.o Libraries\STM32L1xx_StdPeriph_Driver\src\stm32l1xx_flash.o Libraries\STM32L1xx_StdPeriph_Driver\src\stm32l1xx_exti.o Libraries\STM32L1xx_StdPeriph_Driver\src\stm32l1xx_dma.o Libraries\STM32L1xx_StdPeriph_Driver\src\stm32l1xx_dbgmcu.o Libraries\STM32L1xx_StdPeriph_Driver\src\stm32l1xx_dac.o Libraries\STM32L1xx_StdPeriph_Driver\src\stm32l1xx_crc.o Libraries\STM32L1xx_StdPeriph_Driver\src\stm32l1xx_comp.o Libraries\STM32L1xx_StdPeriph_Driver\src\stm32l1xx_adc.o Libraries\STM32L1xx_StdPeriph_Driver\src\misc.o Libraries\CMSIS\CM3\DeviceSupport\ST\STM32L1xx\startup\TrueSTUDIO\startup_stm32l1xx_md.o Libraries\CMSIS\CM3\CoreSupport\core_cm3.o -lm -o basic_project.elf -mthumb -mcpu=cortex-m3 -T..\stm32_flash.ld -static -Wl,-cref,-u,Reset_Handler -Wl,-Map=basic_project.map -Wl,--gc-sections -Wl,--defsym=malloc_getpagesize_P=0x1000
C:\Program Files (x86)\Atollic\TrueSTUDIO for ARM Lite 3.2.0\ide\jre\bin\java -jar C:\Program Files (x86)\Atollic\TrueSTUDIO for ARM Lite 3.2.0\Tools\arm-atollic-reports.jar sizeinfo basic_project.elf
Generate build reports...
Print size information
   text	   data	    bss	    dec	    hex	filename
   7796	     36	    172	   8004	   1f44	basic_project.elf
Print size information done
Generate build reports done
Build complete for project basic_project
Time consumed: 484  ms.  

**** Build of configuration Debug for project basic_project ****

**** Internal Builder is used for build               ****
arm-atollic-eabi-gcc -c -mthumb -mcpu=cortex-m3 -std=gnu90 -DSTM32L1XX_MD -DUSE_STDPERIPH_DRIVER -I..\Libraries\STM32L1xx_StdPeriph_Driver\inc -I..\Libraries\CMSIS\CM3\CoreSupport -I..\Libraries\CMSIS\CM3\DeviceSupport\ST\STM32L1xx -I../inc/ -I../hw/i2c_devices/bmp180/inc/ -I../mcu/inc/ -I../src/ -I../hw/spi_devices/nt7538/inc/ -I../hw/spi_devices/sst_flash/inc/ -I../hw/i2c_devices/md25/inc -IC:\Users\student\Desktop\BanociDodok\sp-vrs-balogh-spielmann\vrs\basic_project\basic_project\hw\ads1100\inc -O0 -ffunction-sections -fdata-sections -g -Wall -o src\main.o ..\src\main.c
arm-atollic-eabi-gcc src\usart2.o src\system_stm32l1xx.o src\stm32l1xx_it.o src\main.o mcu\src\usart.o mcu\src\mcu.o mcu\src\i2c.o hw\ads1100\src\ads1100.o Libraries\STM32L1xx_StdPeriph_Driver\src\stm32l1xx_wwdg.o Libraries\STM32L1xx_StdPeriph_Driver\src\stm32l1xx_usart.o Libraries\STM32L1xx_StdPeriph_Driver\src\stm32l1xx_tim.o Libraries\STM32L1xx_StdPeriph_Driver\src\stm32l1xx_syscfg.o Libraries\STM32L1xx_StdPeriph_Driver\src\stm32l1xx_spi.o Libraries\STM32L1xx_StdPeriph_Driver\src\stm32l1xx_rtc.o Libraries\STM32L1xx_StdPeriph_Driver\src\stm32l1xx_rcc.o Libraries\STM32L1xx_StdPeriph_Driver\src\stm32l1xx_pwr.o Libraries\STM32L1xx_StdPeriph_Driver\src\stm32l1xx_lcd.o Libraries\STM32L1xx_StdPeriph_Driver\src\stm32l1xx_iwdg.o Libraries\STM32L1xx_StdPeriph_Driver\src\stm32l1xx_i2c.o Libraries\STM32L1xx_StdPeriph_Driver\src\stm32l1xx_gpio.o Libraries\STM32L1xx_StdPeriph_Driver\src\stm32l1xx_flash_ramfunc.o Libraries\STM32L1xx_StdPeriph_Driver\src\stm32l1xx_flash.o Libraries\STM32L1xx_StdPeriph_Driver\src\stm32l1xx_exti.o Libraries\STM32L1xx_StdPeriph_Driver\src\stm32l1xx_dma.o Libraries\STM32L1xx_StdPeriph_Driver\src\stm32l1xx_dbgmcu.o Libraries\STM32L1xx_StdPeriph_Driver\src\stm32l1xx_dac.o Libraries\STM32L1xx_StdPeriph_Driver\src\stm32l1xx_crc.o Libraries\STM32L1xx_StdPeriph_Driver\src\stm32l1xx_comp.o Libraries\STM32L1xx_StdPeriph_Driver\src\stm32l1xx_adc.o Libraries\STM32L1xx_StdPeriph_Driver\src\misc.o Libraries\CMSIS\CM3\DeviceSupport\ST\STM32L1xx\startup\TrueSTUDIO\startup_stm32l1xx_md.o Libraries\CMSIS\CM3\CoreSupport\core_cm3.o -lm -o basic_project.elf -mthumb -mcpu=cortex-m3 -T..\stm32_flash.ld -static -Wl,-cref,-u,Reset_Handler -Wl,-Map=basic_project.map -Wl,--gc-sections -Wl,--defsym=malloc_getpagesize_P=0x1000
C:\Program Files (x86)\Atollic\TrueSTUDIO for ARM Lite 3.2.0\ide\jre\bin\java -jar C:\Program Files (x86)\Atollic\TrueSTUDIO for ARM Lite 3.2.0\Tools\arm-atollic-reports.jar sizeinfo basic_project.elf
Generate build reports...
Print size information
   text	   data	    bss	    dec	    hex	filename
  28052	   1376	    232	  29660	   73dc	basic_project.elf
Print size information done
Generate build reports done
Build complete for project basic_project
Time consumed: 499  ms.  

**** Build of configuration Debug for project basic_project ****

**** Internal Builder is used for build               ****
arm-atollic-eabi-gcc -c -mthumb -mcpu=cortex-m3 -std=gnu90 -DSTM32L1XX_MD -DUSE_STDPERIPH_DRIVER -I..\Libraries\STM32L1xx_StdPeriph_Driver\inc -I..\Libraries\CMSIS\CM3\CoreSupport -I..\Libraries\CMSIS\CM3\DeviceSupport\ST\STM32L1xx -I../inc/ -I../hw/i2c_devices/bmp180/inc/ -I../mcu/inc/ -I../src/ -I../hw/spi_devices/nt7538/inc/ -I../hw/spi_devices/sst_flash/inc/ -I../hw/i2c_devices/md25/inc -IC:\Users\student\Desktop\BanociDodok\sp-vrs-balogh-spielmann\vrs\basic_project\basic_project\hw\ads1100\inc -O0 -ffunction-sections -fdata-sections -g -Wall -o src\main.o ..\src\main.c
arm-atollic-eabi-gcc src\usart2.o src\system_stm32l1xx.o src\stm32l1xx_it.o src\main.o mcu\src\usart.o mcu\src\mcu.o mcu\src\i2c.o hw\ads1100\src\ads1100.o Libraries\STM32L1xx_StdPeriph_Driver\src\stm32l1xx_wwdg.o Libraries\STM32L1xx_StdPeriph_Driver\src\stm32l1xx_usart.o Libraries\STM32L1xx_StdPeriph_Driver\src\stm32l1xx_tim.o Libraries\STM32L1xx_StdPeriph_Driver\src\stm32l1xx_syscfg.o Libraries\STM32L1xx_StdPeriph_Driver\src\stm32l1xx_spi.o Libraries\STM32L1xx_StdPeriph_Driver\src\stm32l1xx_rtc.o Libraries\STM32L1xx_StdPeriph_Driver\src\stm32l1xx_rcc.o Libraries\STM32L1xx_StdPeriph_Driver\src\stm32l1xx_pwr.o Libraries\STM32L1xx_StdPeriph_Driver\src\stm32l1xx_lcd.o Libraries\STM32L1xx_StdPeriph_Driver\src\stm32l1xx_iwdg.o Libraries\STM32L1xx_StdPeriph_Driver\src\stm32l1xx_i2c.o Libraries\STM32L1xx_StdPeriph_Driver\src\stm32l1xx_gpio.o Libraries\STM32L1xx_StdPeriph_Driver\src\stm32l1xx_flash_ramfunc.o Libraries\STM32L1xx_StdPeriph_Driver\src\stm32l1xx_flash.o Libraries\STM32L1xx_StdPeriph_Driver\src\stm32l1xx_exti.o Libraries\STM32L1xx_StdPeriph_Driver\src\stm32l1xx_dma.o Libraries\STM32L1xx_StdPeriph_Driver\src\stm32l1xx_dbgmcu.o Libraries\STM32L1xx_StdPeriph_Driver\src\stm32l1xx_dac.o Libraries\STM32L1xx_StdPeriph_Driver\src\stm32l1xx_crc.o Libraries\STM32L1xx_StdPeriph_Driver\src\stm32l1xx_comp.o Libraries\STM32L1xx_StdPeriph_Driver\src\stm32l1xx_adc.o Libraries\STM32L1xx_StdPeriph_Driver\src\misc.o Libraries\CMSIS\CM3\DeviceSupport\ST\STM32L1xx\startup\TrueSTUDIO\startup_stm32l1xx_md.o Libraries\CMSIS\CM3\CoreSupport\core_cm3.o -lm -o basic_project.elf -mthumb -mcpu=cortex-m3 -T..\stm32_flash.ld -static -Wl,-cref,-u,Reset_Handler -Wl,-Map=basic_project.map -Wl,--gc-sections -Wl,--defsym=malloc_getpagesize_P=0x1000
C:\Program Files (x86)\Atollic\TrueSTUDIO for ARM Lite 3.2.0\ide\jre\bin\java -jar C:\Program Files (x86)\Atollic\TrueSTUDIO for ARM Lite 3.2.0\Tools\arm-atollic-reports.jar sizeinfo basic_project.elf
Generate build reports...
Print size information
   text	   data	    bss	    dec	    hex	filename
  28052	   1376	    232	  29660	   73dc	basic_project.elf
Print size information done
Generate build reports done
Build complete for project basic_project
Time consumed: 499  ms.  

**** Build of configuration Debug for project basic_project ****

**** Internal Builder is used for build               ****
arm-atollic-eabi-gcc -c -mthumb -mcpu=cortex-m3 -std=gnu90 -DSTM32L1XX_MD -DUSE_STDPERIPH_DRIVER -I..\Libraries\STM32L1xx_StdPeriph_Driver\inc -I..\Libraries\CMSIS\CM3\CoreSupport -I..\Libraries\CMSIS\CM3\DeviceSupport\ST\STM32L1xx -I../inc/ -I../hw/i2c_devices/bmp180/inc/ -I../mcu/inc/ -I../src/ -I../hw/spi_devices/nt7538/inc/ -I../hw/spi_devices/sst_flash/inc/ -I../hw/i2c_devices/md25/inc -IC:\Users\student\Desktop\BanociDodok\sp-vrs-balogh-spielmann\vrs\basic_project\basic_project\hw\ads1100\inc -O0 -ffunction-sections -fdata-sections -g -Wall -o src\main.o ..\src\main.c
arm-atollic-eabi-gcc src\usart2.o src\system_stm32l1xx.o src\stm32l1xx_it.o src\main.o mcu\src\usart.o mcu\src\mcu.o mcu\src\i2c.o hw\ads1100\src\ads1100.o Libraries\STM32L1xx_StdPeriph_Driver\src\stm32l1xx_wwdg.o Libraries\STM32L1xx_StdPeriph_Driver\src\stm32l1xx_usart.o Libraries\STM32L1xx_StdPeriph_Driver\src\stm32l1xx_tim.o Libraries\STM32L1xx_StdPeriph_Driver\src\stm32l1xx_syscfg.o Libraries\STM32L1xx_StdPeriph_Driver\src\stm32l1xx_spi.o Libraries\STM32L1xx_StdPeriph_Driver\src\stm32l1xx_rtc.o Libraries\STM32L1xx_StdPeriph_Driver\src\stm32l1xx_rcc.o Libraries\STM32L1xx_StdPeriph_Driver\src\stm32l1xx_pwr.o Libraries\STM32L1xx_StdPeriph_Driver\src\stm32l1xx_lcd.o Libraries\STM32L1xx_StdPeriph_Driver\src\stm32l1xx_iwdg.o Libraries\STM32L1xx_StdPeriph_Driver\src\stm32l1xx_i2c.o Libraries\STM32L1xx_StdPeriph_Driver\src\stm32l1xx_gpio.o Libraries\STM32L1xx_StdPeriph_Driver\src\stm32l1xx_flash_ramfunc.o Libraries\STM32L1xx_StdPeriph_Driver\src\stm32l1xx_flash.o Libraries\STM32L1xx_StdPeriph_Driver\src\stm32l1xx_exti.o Libraries\STM32L1xx_StdPeriph_Driver\src\stm32l1xx_dma.o Libraries\STM32L1xx_StdPeriph_Driver\src\stm32l1xx_dbgmcu.o Libraries\STM32L1xx_StdPeriph_Driver\src\stm32l1xx_dac.o Libraries\STM32L1xx_StdPeriph_Driver\src\stm32l1xx_crc.o Libraries\STM32L1xx_StdPeriph_Driver\src\stm32l1xx_comp.o Libraries\STM32L1xx_StdPeriph_Driver\src\stm32l1xx_adc.o Libraries\STM32L1xx_StdPeriph_Driver\src\misc.o Libraries\CMSIS\CM3\DeviceSupport\ST\STM32L1xx\startup\TrueSTUDIO\startup_stm32l1xx_md.o Libraries\CMSIS\CM3\CoreSupport\core_cm3.o -lm -o basic_project.elf -mthumb -mcpu=cortex-m3 -T..\stm32_flash.ld -static -Wl,-cref,-u,Reset_Handler -Wl,-Map=basic_project.map -Wl,--gc-sections -Wl,--defsym=malloc_getpagesize_P=0x1000
C:\Program Files (x86)\Atollic\TrueSTUDIO for ARM Lite 3.2.0\ide\jre\bin\java -jar C:\Program Files (x86)\Atollic\TrueSTUDIO for ARM Lite 3.2.0\Tools\arm-atollic-reports.jar sizeinfo basic_project.elf
Generate build reports...
Print size information
   text	   data	    bss	    dec	    hex	filename
  28052	   1376	    232	  29660	   73dc	basic_project.elf
Print size information done
Generate build reports done
Build complete for project basic_project
Time consumed: 499  ms.  

**** Build of configuration Debug for project basic_project ****

**** Internal Builder is used for build               ****
arm-atollic-eabi-gcc -c -mthumb -mcpu=cortex-m3 -std=gnu90 -DSTM32L1XX_MD -DUSE_STDPERIPH_DRIVER -I..\Libraries\STM32L1xx_StdPeriph_Driver\inc -I..\Libraries\CMSIS\CM3\CoreSupport -I..\Libraries\CMSIS\CM3\DeviceSupport\ST\STM32L1xx -I../inc/ -I../hw/i2c_devices/bmp180/inc/ -I../mcu/inc/ -I../src/ -I../hw/spi_devices/nt7538/inc/ -I../hw/spi_devices/sst_flash/inc/ -I../hw/i2c_devices/md25/inc -IC:\Users\student\Desktop\BanociDodok\sp-vrs-balogh-spielmann\vrs\basic_project\basic_project\hw\ads1100\inc -O0 -ffunction-sections -fdata-sections -g -Wall -o src\main.o ..\src\main.c
arm-atollic-eabi-gcc src\usart2.o src\system_stm32l1xx.o src\stm32l1xx_it.o src\main.o mcu\src\usart.o mcu\src\mcu.o mcu\src\i2c.o hw\ads1100\src\ads1100.o Libraries\STM32L1xx_StdPeriph_Driver\src\stm32l1xx_wwdg.o Libraries\STM32L1xx_StdPeriph_Driver\src\stm32l1xx_usart.o Libraries\STM32L1xx_StdPeriph_Driver\src\stm32l1xx_tim.o Libraries\STM32L1xx_StdPeriph_Driver\src\stm32l1xx_syscfg.o Libraries\STM32L1xx_StdPeriph_Driver\src\stm32l1xx_spi.o Libraries\STM32L1xx_StdPeriph_Driver\src\stm32l1xx_rtc.o Libraries\STM32L1xx_StdPeriph_Driver\src\stm32l1xx_rcc.o Libraries\STM32L1xx_StdPeriph_Driver\src\stm32l1xx_pwr.o Libraries\STM32L1xx_StdPeriph_Driver\src\stm32l1xx_lcd.o Libraries\STM32L1xx_StdPeriph_Driver\src\stm32l1xx_iwdg.o Libraries\STM32L1xx_StdPeriph_Driver\src\stm32l1xx_i2c.o Libraries\STM32L1xx_StdPeriph_Driver\src\stm32l1xx_gpio.o Libraries\STM32L1xx_StdPeriph_Driver\src\stm32l1xx_flash_ramfunc.o Libraries\STM32L1xx_StdPeriph_Driver\src\stm32l1xx_flash.o Libraries\STM32L1xx_StdPeriph_Driver\src\stm32l1xx_exti.o Libraries\STM32L1xx_StdPeriph_Driver\src\stm32l1xx_dma.o Libraries\STM32L1xx_StdPeriph_Driver\src\stm32l1xx_dbgmcu.o Libraries\STM32L1xx_StdPeriph_Driver\src\stm32l1xx_dac.o Libraries\STM32L1xx_StdPeriph_Driver\src\stm32l1xx_crc.o Libraries\STM32L1xx_StdPeriph_Driver\src\stm32l1xx_comp.o Libraries\STM32L1xx_StdPeriph_Driver\src\stm32l1xx_adc.o Libraries\STM32L1xx_StdPeriph_Driver\src\misc.o Libraries\CMSIS\CM3\DeviceSupport\ST\STM32L1xx\startup\TrueSTUDIO\startup_stm32l1xx_md.o Libraries\CMSIS\CM3\CoreSupport\core_cm3.o -lm -o basic_project.elf -mthumb -mcpu=cortex-m3 -T..\stm32_flash.ld -static -Wl,-cref,-u,Reset_Handler -Wl,-Map=basic_project.map -Wl,--gc-sections -Wl,--defsym=malloc_getpagesize_P=0x1000
C:\Program Files (x86)\Atollic\TrueSTUDIO for ARM Lite 3.2.0\ide\jre\bin\java -jar C:\Program Files (x86)\Atollic\TrueSTUDIO for ARM Lite 3.2.0\Tools\arm-atollic-reports.jar sizeinfo basic_project.elf
Generate build reports...
Print size information
   text	   data	    bss	    dec	    hex	filename
  28052	   1376	    232	  29660	   73dc	basic_project.elf
Print size information done
Generate build reports done
Build complete for project basic_project
Time consumed: 500  ms.  

**** Build of configuration Debug for project basic_project ****

**** Internal Builder is used for build               ****
arm-atollic-eabi-gcc -c -mthumb -mcpu=cortex-m3 -std=gnu90 -DSTM32L1XX_MD -DUSE_STDPERIPH_DRIVER -I..\Libraries\STM32L1xx_StdPeriph_Driver\inc -I..\Libraries\CMSIS\CM3\CoreSupport -I..\Libraries\CMSIS\CM3\DeviceSupport\ST\STM32L1xx -I../inc/ -I../hw/i2c_devices/bmp180/inc/ -I../mcu/inc/ -I../src/ -I../hw/spi_devices/nt7538/inc/ -I../hw/spi_devices/sst_flash/inc/ -I../hw/i2c_devices/md25/inc -IC:\Users\student\Desktop\BanociDodok\sp-vrs-balogh-spielmann\vrs\basic_project\basic_project\hw\ads1100\inc -O0 -ffunction-sections -fdata-sections -g -Wall -o src\main.o ..\src\main.c
arm-atollic-eabi-gcc src\usart2.o src\system_stm32l1xx.o src\stm32l1xx_it.o src\main.o mcu\src\usart.o mcu\src\mcu.o mcu\src\i2c.o hw\ads1100\src\ads1100.o Libraries\STM32L1xx_StdPeriph_Driver\src\stm32l1xx_wwdg.o Libraries\STM32L1xx_StdPeriph_Driver\src\stm32l1xx_usart.o Libraries\STM32L1xx_StdPeriph_Driver\src\stm32l1xx_tim.o Libraries\STM32L1xx_StdPeriph_Driver\src\stm32l1xx_syscfg.o Libraries\STM32L1xx_StdPeriph_Driver\src\stm32l1xx_spi.o Libraries\STM32L1xx_StdPeriph_Driver\src\stm32l1xx_rtc.o Libraries\STM32L1xx_StdPeriph_Driver\src\stm32l1xx_rcc.o Libraries\STM32L1xx_StdPeriph_Driver\src\stm32l1xx_pwr.o Libraries\STM32L1xx_StdPeriph_Driver\src\stm32l1xx_lcd.o Libraries\STM32L1xx_StdPeriph_Driver\src\stm32l1xx_iwdg.o Libraries\STM32L1xx_StdPeriph_Driver\src\stm32l1xx_i2c.o Libraries\STM32L1xx_StdPeriph_Driver\src\stm32l1xx_gpio.o Libraries\STM32L1xx_StdPeriph_Driver\src\stm32l1xx_flash_ramfunc.o Libraries\STM32L1xx_StdPeriph_Driver\src\stm32l1xx_flash.o Libraries\STM32L1xx_StdPeriph_Driver\src\stm32l1xx_exti.o Libraries\STM32L1xx_StdPeriph_Driver\src\stm32l1xx_dma.o Libraries\STM32L1xx_StdPeriph_Driver\src\stm32l1xx_dbgmcu.o Libraries\STM32L1xx_StdPeriph_Driver\src\stm32l1xx_dac.o Libraries\STM32L1xx_StdPeriph_Driver\src\stm32l1xx_crc.o Libraries\STM32L1xx_StdPeriph_Driver\src\stm32l1xx_comp.o Libraries\STM32L1xx_StdPeriph_Driver\src\stm32l1xx_adc.o Libraries\STM32L1xx_StdPeriph_Driver\src\misc.o Libraries\CMSIS\CM3\DeviceSupport\ST\STM32L1xx\startup\TrueSTUDIO\startup_stm32l1xx_md.o Libraries\CMSIS\CM3\CoreSupport\core_cm3.o -lm -o basic_project.elf -mthumb -mcpu=cortex-m3 -T..\stm32_flash.ld -static -Wl,-cref,-u,Reset_Handler -Wl,-Map=basic_project.map -Wl,--gc-sections -Wl,--defsym=malloc_getpagesize_P=0x1000
C:\Program Files (x86)\Atollic\TrueSTUDIO for ARM Lite 3.2.0\ide\jre\bin\java -jar C:\Program Files (x86)\Atollic\TrueSTUDIO for ARM Lite 3.2.0\Tools\arm-atollic-reports.jar sizeinfo basic_project.elf
Generate build reports...
Print size information
   text	   data	    bss	    dec	    hex	filename
  28052	   1376	    232	  29660	   73dc	basic_project.elf
Print size information done
Generate build reports done
Build complete for project basic_project
Time consumed: 499  ms.  

**** Build of configuration Debug for project basic_project ****

**** Internal Builder is used for build               ****
Nothing to build for basic_project

**** Build of configuration Debug for project basic_project ****

**** Internal Builder is used for build               ****
arm-atollic-eabi-gcc -c -mthumb -mcpu=cortex-m3 -std=gnu90 -DSTM32L1XX_MD -DUSE_STDPERIPH_DRIVER -I..\Libraries\STM32L1xx_StdPeriph_Driver\inc -I..\Libraries\CMSIS\CM3\CoreSupport -I..\Libraries\CMSIS\CM3\DeviceSupport\ST\STM32L1xx -I../inc/ -I../hw/i2c_devices/bmp180/inc/ -I../mcu/inc/ -I../src/ -I../hw/spi_devices/nt7538/inc/ -I../hw/spi_devices/sst_flash/inc/ -I../hw/i2c_devices/md25/inc -IC:\Users\student\Desktop\BanociDodok\sp-vrs-balogh-spielmann\vrs\basic_project\basic_project\hw\ads1100\inc -O0 -ffunction-sections -fdata-sections -g -Wall -o src\main.o ..\src\main.c
[...]
..\src\main.c: In function 'main':
..\src\main.c:177:2: warning: implicit declaration of function 'display_data_write' [-Wimplicit-function-declaration]
arm-atollic-eabi-gcc -c -mthumb -mcpu=cortex-m3 -std=gnu90 -DSTM32L1XX_MD -DUSE_STDPERIPH_DRIVER -I..\Libraries\STM32L1xx_StdPeriph_Driver\inc -I..\Libraries\CMSIS\CM3\CoreSupport -I..\Libraries\CMSIS\CM3\DeviceSupport\ST\STM32L1xx -I../inc/ -I../hw/i2c_devices/bmp180/inc/ -I../mcu/inc/ -I../src/ -I../hw/spi_devices/nt7538/inc/ -I../hw/spi_devices/sst_flash/inc/ -I../hw/i2c_devices/md25/inc -IC:\Users\student\Desktop\BanociDodok\sp-vrs-balogh-spielmann\vrs\basic_project\basic_project\hw\ads1100\inc -IC:\Users\student\Desktop\BanociDodok\sp-vrs-balogh-spielmann\vrs\basic_project\basic_project\hw\mcp6s92\inc -O0 -ffunction-sections -fdata-sections -g -Wall -o src\display.o ..\src\display.c
..\src\display.c:60:6: error: redefinition of 'display_set_page_addess'
..\src\display.c:49:6: note: previous definition of 'display_set_page_addess' was here
Build error occurred, build is stopped
Time consumed: 234  ms.  

**** Build of configuration Debug for project basic_project ****

**** Internal Builder is used for build               ****
arm-atollic-eabi-gcc -c -mthumb -mcpu=cortex-m3 -std=gnu90 -DSTM32L1XX_MD -DUSE_STDPERIPH_DRIVER -I..\Libraries\STM32L1xx_StdPeriph_Driver\inc -I..\Libraries\CMSIS\CM3\CoreSupport -I..\Libraries\CMSIS\CM3\DeviceSupport\ST\STM32L1xx -I../inc/ -I../hw/i2c_devices/bmp180/inc/ -I../mcu/inc/ -I../src/ -I../hw/spi_devices/nt7538/inc/ -I../hw/spi_devices/sst_flash/inc/ -I../hw/i2c_devices/md25/inc -IC:\Users\student\Desktop\BanociDodok\sp-vrs-balogh-spielmann\vrs\basic_project\basic_project\hw\ads1100\inc -IC:\Users\student\Desktop\BanociDodok\sp-vrs-balogh-spielmann\vrs\basic_project\basic_project\hw\mcp6s92\inc -O0 -ffunction-sections -fdata-sections -g -Wall -o src\main.o ..\src\main.c
arm-atollic-eabi-gcc -c -mthumb -mcpu=cortex-m3 -std=gnu90 -DSTM32L1XX_MD -DUSE_STDPERIPH_DRIVER -I..\Libraries\STM32L1xx_StdPeriph_Driver\inc -I..\Libraries\CMSIS\CM3\CoreSupport -I..\Libraries\CMSIS\CM3\DeviceSupport\ST\STM32L1xx -I../inc/ -I../hw/i2c_devices/bmp180/inc/ -I../mcu/inc/ -I../src/ -I../hw/spi_devices/nt7538/inc/ -I../hw/spi_devices/sst_flash/inc/ -I../hw/i2c_devices/md25/inc -IC:\Users\student\Desktop\BanociDodok\sp-vrs-balogh-spielmann\vrs\basic_project\basic_project\hw\ads1100\inc -IC:\Users\student\Desktop\BanociDodok\sp-vrs-balogh-spielmann\vrs\basic_project\basic_project\hw\mcp6s92\inc -O0 -ffunction-sections -fdata-sections -g -Wall -o src\display.o ..\src\display.c
arm-atollic-eabi-gcc src\usart2.o src\timer.o src\system_stm32l1xx.o src\stm32l1xx_it.o src\spi.o src\main.o src\display.o src\adc.o mcu\src\usart.o mcu\src\mcu.o mcu\src\i2c.o hw\mcp6s92\src\mcp6s92.o hw\ads1100\src\ads1100.o Libraries\STM32L1xx_StdPeriph_Driver\src\stm32l1xx_wwdg.o Libraries\STM32L1xx_StdPeriph_Driver\src\stm32l1xx_usart.o Libraries\STM32L1xx_StdPeriph_Driver\src\stm32l1xx_tim.o Libraries\STM32L1xx_StdPeriph_Driver\src\stm32l1xx_syscfg.o Libraries\STM32L1xx_StdPeriph_Driver\src\stm32l1xx_spi.o Libraries\STM32L1xx_StdPeriph_Driver\src\stm32l1xx_rtc.o Libraries\STM32L1xx_StdPeriph_Driver\src\stm32l1xx_rcc.o Libraries\STM32L1xx_StdPeriph_Driver\src\stm32l1xx_pwr.o Libraries\STM32L1xx_StdPeriph_Driver\src\stm32l1xx_lcd.o Libraries\STM32L1xx_StdPeriph_Driver\src\stm32l1xx_iwdg.o Libraries\STM32L1xx_StdPeriph_Driver\src\stm32l1xx_i2c.o Libraries\STM32L1xx_StdPeriph_Driver\src\stm32l1xx_gpio.o Libraries\STM32L1xx_StdPeriph_Driver\src\stm32l1xx_flash_ramfunc.o Libraries\STM32L1xx_StdPeriph_Driver\src\stm32l1xx_flash.o Libraries\STM32L1xx_StdPeriph_Driver\src\stm32l1xx_exti.o Libraries\STM32L1xx_StdPeriph_Driver\src\stm32l1xx_dma.o Libraries\STM32L1xx_StdPeriph_Driver\src\stm32l1xx_dbgmcu.o Libraries\STM32L1xx_StdPeriph_Driver\src\stm32l1xx_dac.o Libraries\STM32L1xx_StdPeriph_Driver\src\stm32l1xx_crc.o Libraries\STM32L1xx_StdPeriph_Driver\src\stm32l1xx_comp.o Libraries\STM32L1xx_StdPeriph_Driver\src\stm32l1xx_adc.o Libraries\STM32L1xx_StdPeriph_Driver\src\misc.o Libraries\CMSIS\CM3\DeviceSupport\ST\STM32L1xx\startup\TrueSTUDIO\startup_stm32l1xx_md.o Libraries\CMSIS\CM3\CoreSupport\core_cm3.o -lm -o basic_project.elf -mthumb -mcpu=cortex-m3 -T..\stm32_flash.ld -static -Wl,-cref,-u,Reset_Handler -Wl,-Map=basic_project.map -Wl,--gc-sections -Wl,--defsym=malloc_getpagesize_P=0x1000
C:\Program Files (x86)\Atollic\TrueSTUDIO for ARM Lite 3.2.0\ide\jre\bin\java -jar C:\Program Files (x86)\Atollic\TrueSTUDIO for ARM Lite 3.2.0\Tools\arm-atollic-reports.jar sizeinfo basic_project.elf
Generate build reports...
Print size information
   text	   data	    bss	    dec	    hex	filename
   5740	     36	    188	   5964	   174c	basic_project.elf
Print size information done
Generate build reports done
Build complete for project basic_project
Time consumed: 749  ms.  

**** Build of configuration Debug for project basic_project ****

**** Internal Builder is used for build               ****
arm-atollic-eabi-gcc -c -mthumb -mcpu=cortex-m3 -std=gnu90 -DSTM32L1XX_MD -DUSE_STDPERIPH_DRIVER -I..\Libraries\STM32L1xx_StdPeriph_Driver\inc -I..\Libraries\CMSIS\CM3\CoreSupport -I..\Libraries\CMSIS\CM3\DeviceSupport\ST\STM32L1xx -I../inc/ -I../hw/i2c_devices/bmp180/inc/ -I../mcu/inc/ -I../src/ -I../hw/spi_devices/nt7538/inc/ -I../hw/spi_devices/sst_flash/inc/ -I../hw/i2c_devices/md25/inc -IC:\Users\student\Desktop\BanociDodok\sp-vrs-balogh-spielmann\vrs\basic_project\basic_project\hw\ads1100\inc -IC:\Users\student\Desktop\BanociDodok\sp-vrs-balogh-spielmann\vrs\basic_project\basic_project\hw\mcp6s92\inc -O0 -ffunction-sections -fdata-sections -g -Wall -o src\main.o ..\src\main.c
arm-atollic-eabi-gcc src\usart2.o src\timer.o src\system_stm32l1xx.o src\stm32l1xx_it.o src\spi.o src\main.o src\display.o src\adc.o mcu\src\usart.o mcu\src\mcu.o mcu\src\i2c.o hw\mcp6s92\src\mcp6s92.o hw\ads1100\src\ads1100.o Libraries\STM32L1xx_StdPeriph_Driver\src\stm32l1xx_wwdg.o Libraries\STM32L1xx_StdPeriph_Driver\src\stm32l1xx_usart.o Libraries\STM32L1xx_StdPeriph_Driver\src\stm32l1xx_tim.o Libraries\STM32L1xx_StdPeriph_Driver\src\stm32l1xx_syscfg.o Libraries\STM32L1xx_StdPeriph_Driver\src\stm32l1xx_spi.o Libraries\STM32L1xx_StdPeriph_Driver\src\stm32l1xx_rtc.o Libraries\STM32L1xx_StdPeriph_Driver\src\stm32l1xx_rcc.o Libraries\STM32L1xx_StdPeriph_Driver\src\stm32l1xx_pwr.o Libraries\STM32L1xx_StdPeriph_Driver\src\stm32l1xx_lcd.o Libraries\STM32L1xx_StdPeriph_Driver\src\stm32l1xx_iwdg.o Libraries\STM32L1xx_StdPeriph_Driver\src\stm32l1xx_i2c.o Libraries\STM32L1xx_StdPeriph_Driver\src\stm32l1xx_gpio.o Libraries\STM32L1xx_StdPeriph_Driver\src\stm32l1xx_flash_ramfunc.o Libraries\STM32L1xx_StdPeriph_Driver\src\stm32l1xx_flash.o Libraries\STM32L1xx_StdPeriph_Driver\src\stm32l1xx_exti.o Libraries\STM32L1xx_StdPeriph_Driver\src\stm32l1xx_dma.o Libraries\STM32L1xx_StdPeriph_Driver\src\stm32l1xx_dbgmcu.o Libraries\STM32L1xx_StdPeriph_Driver\src\stm32l1xx_dac.o Libraries\STM32L1xx_StdPeriph_Driver\src\stm32l1xx_crc.o Libraries\STM32L1xx_StdPeriph_Driver\src\stm32l1xx_comp.o Libraries\STM32L1xx_StdPeriph_Driver\src\stm32l1xx_adc.o Libraries\STM32L1xx_StdPeriph_Driver\src\misc.o Libraries\CMSIS\CM3\DeviceSupport\ST\STM32L1xx\startup\TrueSTUDIO\startup_stm32l1xx_md.o Libraries\CMSIS\CM3\CoreSupport\core_cm3.o -lm -o basic_project.elf -mthumb -mcpu=cortex-m3 -T..\stm32_flash.ld -static -Wl,-cref,-u,Reset_Handler -Wl,-Map=basic_project.map -Wl,--gc-sections -Wl,--defsym=malloc_getpagesize_P=0x1000
C:\Program Files (x86)\Atollic\TrueSTUDIO for ARM Lite 3.2.0\ide\jre\bin\java -jar C:\Program Files (x86)\Atollic\TrueSTUDIO for ARM Lite 3.2.0\Tools\arm-atollic-reports.jar sizeinfo basic_project.elf
Generate build reports...
Print size information
   text	   data	    bss	    dec	    hex	filename
   5740	     36	    188	   5964	   174c	basic_project.elf
Print size information done
Generate build reports done
Build complete for project basic_project
Time consumed: 562  ms.  

**** Build of configuration Debug for project basic_project ****

**** Internal Builder is used for build               ****
arm-atollic-eabi-gcc -c -mthumb -mcpu=cortex-m3 -std=gnu90 -DSTM32L1XX_MD -DUSE_STDPERIPH_DRIVER -I..\Libraries\STM32L1xx_StdPeriph_Driver\inc -I..\Libraries\CMSIS\CM3\CoreSupport -I..\Libraries\CMSIS\CM3\DeviceSupport\ST\STM32L1xx -I../inc/ -I../hw/i2c_devices/bmp180/inc/ -I../mcu/inc/ -I../src/ -I../hw/spi_devices/nt7538/inc/ -I../hw/spi_devices/sst_flash/inc/ -I../hw/i2c_devices/md25/inc -IC:\Users\student\Desktop\BanociDodok\sp-vrs-balogh-spielmann\vrs\basic_project\basic_project\hw\ads1100\inc -IC:\Users\student\Desktop\BanociDodok\sp-vrs-balogh-spielmann\vrs\basic_project\basic_project\hw\mcp6s92\inc -O0 -ffunction-sections -fdata-sections -g -Wall -o src\display.o ..\src\display.c
..\src\display.c: In function 'display_all_points_ON':
..\src\display.c:89:16: error: 'DISPLAY_ALL_POINT_ON' undeclared (first use in this function)
..\src\display.c:89:16: note: each undeclared identifier is reported only once for each function it appears in
Build error occurred, build is stopped
Time consumed: 78  ms.  

**** Build of configuration Debug for project basic_project ****

**** Internal Builder is used for build               ****
arm-atollic-eabi-gcc -c -mthumb -mcpu=cortex-m3 -std=gnu90 -DSTM32L1XX_MD -DUSE_STDPERIPH_DRIVER -I..\Libraries\STM32L1xx_StdPeriph_Driver\inc -I..\Libraries\CMSIS\CM3\CoreSupport -I..\Libraries\CMSIS\CM3\DeviceSupport\ST\STM32L1xx -I../inc/ -I../hw/i2c_devices/bmp180/inc/ -I../mcu/inc/ -I../src/ -I../hw/spi_devices/nt7538/inc/ -I../hw/spi_devices/sst_flash/inc/ -I../hw/i2c_devices/md25/inc -IC:\Users\student\Desktop\BanociDodok\sp-vrs-balogh-spielmann\vrs\basic_project\basic_project\hw\ads1100\inc -IC:\Users\student\Desktop\BanociDodok\sp-vrs-balogh-spielmann\vrs\basic_project\basic_project\hw\mcp6s92\inc -O0 -ffunction-sections -fdata-sections -g -Wall -o src\display.o ..\src\display.c
arm-atollic-eabi-gcc -c -mthumb -mcpu=cortex-m3 -std=gnu90 -DSTM32L1XX_MD -DUSE_STDPERIPH_DRIVER -I..\Libraries\STM32L1xx_StdPeriph_Driver\inc -I..\Libraries\CMSIS\CM3\CoreSupport -I..\Libraries\CMSIS\CM3\DeviceSupport\ST\STM32L1xx -I../inc/ -I../hw/i2c_devices/bmp180/inc/ -I../mcu/inc/ -I../src/ -I../hw/spi_devices/nt7538/inc/ -I../hw/spi_devices/sst_flash/inc/ -I../hw/i2c_devices/md25/inc -IC:\Users\student\Desktop\BanociDodok\sp-vrs-balogh-spielmann\vrs\basic_project\basic_project\hw\ads1100\inc -IC:\Users\student\Desktop\BanociDodok\sp-vrs-balogh-spielmann\vrs\basic_project\basic_project\hw\mcp6s92\inc -O0 -ffunction-sections -fdata-sections -g -Wall -o src\main.o ..\src\main.c
..\src\main.c: In function 'main':
..\src\main.c:175:2: warning: implicit declaration of function 'display_all_points_on' [-Wimplicit-function-declaration]
arm-atollic-eabi-gcc src\usart2.o src\timer.o src\system_stm32l1xx.o src\stm32l1xx_it.o src\spi.o src\main.o src\display.o src\adc.o mcu\src\usart.o mcu\src\mcu.o mcu\src\i2c.o hw\mcp6s92\src\mcp6s92.o hw\ads1100\src\ads1100.o Libraries\STM32L1xx_StdPeriph_Driver\src\stm32l1xx_wwdg.o Libraries\STM32L1xx_StdPeriph_Driver\src\stm32l1xx_usart.o Libraries\STM32L1xx_StdPeriph_Driver\src\stm32l1xx_tim.o Libraries\STM32L1xx_StdPeriph_Driver\src\stm32l1xx_syscfg.o Libraries\STM32L1xx_StdPeriph_Driver\src\stm32l1xx_spi.o Libraries\STM32L1xx_StdPeriph_Driver\src\stm32l1xx_rtc.o Libraries\STM32L1xx_StdPeriph_Driver\src\stm32l1xx_rcc.o Libraries\STM32L1xx_StdPeriph_Driver\src\stm32l1xx_pwr.o Libraries\STM32L1xx_StdPeriph_Driver\src\stm32l1xx_lcd.o Libraries\STM32L1xx_StdPeriph_Driver\src\stm32l1xx_iwdg.o Libraries\STM32L1xx_StdPeriph_Driver\src\stm32l1xx_i2c.o Libraries\STM32L1xx_StdPeriph_Driver\src\stm32l1xx_gpio.o Libraries\STM32L1xx_StdPeriph_Driver\src\stm32l1xx_flash_ramfunc.o Libraries\STM32L1xx_StdPeriph_Driver\src\stm32l1xx_flash.o Libraries\STM32L1xx_StdPeriph_Driver\src\stm32l1xx_exti.o Libraries\STM32L1xx_StdPeriph_Driver\src\stm32l1xx_dma.o Libraries\STM32L1xx_StdPeriph_Driver\src\stm32l1xx_dbgmcu.o Libraries\STM32L1xx_StdPeriph_Driver\src\stm32l1xx_dac.o Libraries\STM32L1xx_StdPeriph_Driver\src\stm32l1xx_crc.o Libraries\STM32L1xx_StdPeriph_Driver\src\stm32l1xx_comp.o Libraries\STM32L1xx_StdPeriph_Driver\src\stm32l1xx_adc.o Libraries\STM32L1xx_StdPeriph_Driver\src\misc.o Libraries\CMSIS\CM3\DeviceSupport\ST\STM32L1xx\startup\TrueSTUDIO\startup_stm32l1xx_md.o Libraries\CMSIS\CM3\CoreSupport\core_cm3.o -lm -o basic_project.elf -mthumb -mcpu=cortex-m3 -T..\stm32_flash.ld -static -Wl,-cref,-u,Reset_Handler -Wl,-Map=basic_project.map -Wl,--gc-sections -Wl,--defsym=malloc_getpagesize_P=0x1000
src\main.o: In function `main':
C:\Users\student\Desktop\BanociDodok\sp-vrs-balogh-spielmann\vrs\basic_project\basic_project\Debug/..\src/main.c:175: undefined reference to `display_all_points_on'
collect2: ld returned 1 exit status
Build error occurred, build is stopped
Time consumed: 546  ms.  

**** Build of configuration Debug for project basic_project ****

**** Internal Builder is used for build               ****
arm-atollic-eabi-gcc -c -mthumb -mcpu=cortex-m3 -std=gnu90 -DSTM32L1XX_MD -DUSE_STDPERIPH_DRIVER -I..\Libraries\STM32L1xx_StdPeriph_Driver\inc -I..\Libraries\CMSIS\CM3\CoreSupport -I..\Libraries\CMSIS\CM3\DeviceSupport\ST\STM32L1xx -I../inc/ -I../hw/i2c_devices/bmp180/inc/ -I../mcu/inc/ -I../src/ -I../hw/spi_devices/nt7538/inc/ -I../hw/spi_devices/sst_flash/inc/ -I../hw/i2c_devices/md25/inc -IC:\Users\student\Desktop\BanociDodok\sp-vrs-balogh-spielmann\vrs\basic_project\basic_project\hw\ads1100\inc -IC:\Users\student\Desktop\BanociDodok\sp-vrs-balogh-spielmann\vrs\basic_project\basic_project\hw\mcp6s92\inc -O0 -ffunction-sections -fdata-sections -g -Wall -o src\display.o ..\src\display.c
arm-atollic-eabi-gcc -c -mthumb -mcpu=cortex-m3 -std=gnu90 -DSTM32L1XX_MD -DUSE_STDPERIPH_DRIVER -I..\Libraries\STM32L1xx_StdPeriph_Driver\inc -I..\Libraries\CMSIS\CM3\CoreSupport -I..\Libraries\CMSIS\CM3\DeviceSupport\ST\STM32L1xx -I../inc/ -I../hw/i2c_devices/bmp180/inc/ -I../mcu/inc/ -I../src/ -I../hw/spi_devices/nt7538/inc/ -I../hw/spi_devices/sst_flash/inc/ -I../hw/i2c_devices/md25/inc -IC:\Users\student\Desktop\BanociDodok\sp-vrs-balogh-spielmann\vrs\basic_project\basic_project\hw\ads1100\inc -IC:\Users\student\Desktop\BanociDodok\sp-vrs-balogh-spielmann\vrs\basic_project\basic_project\hw\mcp6s92\inc -O0 -ffunction-sections -fdata-sections -g -Wall -o src\main.o ..\src\main.c
arm-atollic-eabi-gcc src\usart2.o src\timer.o src\system_stm32l1xx.o src\stm32l1xx_it.o src\spi.o src\main.o src\display.o src\adc.o mcu\src\usart.o mcu\src\mcu.o mcu\src\i2c.o hw\mcp6s92\src\mcp6s92.o hw\ads1100\src\ads1100.o Libraries\STM32L1xx_StdPeriph_Driver\src\stm32l1xx_wwdg.o Libraries\STM32L1xx_StdPeriph_Driver\src\stm32l1xx_usart.o Libraries\STM32L1xx_StdPeriph_Driver\src\stm32l1xx_tim.o Libraries\STM32L1xx_StdPeriph_Driver\src\stm32l1xx_syscfg.o Libraries\STM32L1xx_StdPeriph_Driver\src\stm32l1xx_spi.o Libraries\STM32L1xx_StdPeriph_Driver\src\stm32l1xx_rtc.o Libraries\STM32L1xx_StdPeriph_Driver\src\stm32l1xx_rcc.o Libraries\STM32L1xx_StdPeriph_Driver\src\stm32l1xx_pwr.o Libraries\STM32L1xx_StdPeriph_Driver\src\stm32l1xx_lcd.o Libraries\STM32L1xx_StdPeriph_Driver\src\stm32l1xx_iwdg.o Libraries\STM32L1xx_StdPeriph_Driver\src\stm32l1xx_i2c.o Libraries\STM32L1xx_StdPeriph_Driver\src\stm32l1xx_gpio.o Libraries\STM32L1xx_StdPeriph_Driver\src\stm32l1xx_flash_ramfunc.o Libraries\STM32L1xx_StdPeriph_Driver\src\stm32l1xx_flash.o Libraries\STM32L1xx_StdPeriph_Driver\src\stm32l1xx_exti.o Libraries\STM32L1xx_StdPeriph_Driver\src\stm32l1xx_dma.o Libraries\STM32L1xx_StdPeriph_Driver\src\stm32l1xx_dbgmcu.o Libraries\STM32L1xx_StdPeriph_Driver\src\stm32l1xx_dac.o Libraries\STM32L1xx_StdPeriph_Driver\src\stm32l1xx_crc.o Libraries\STM32L1xx_StdPeriph_Driver\src\stm32l1xx_comp.o Libraries\STM32L1xx_StdPeriph_Driver\src\stm32l1xx_adc.o Libraries\STM32L1xx_StdPeriph_Driver\src\misc.o Libraries\CMSIS\CM3\DeviceSupport\ST\STM32L1xx\startup\TrueSTUDIO\startup_stm32l1xx_md.o Libraries\CMSIS\CM3\CoreSupport\core_cm3.o -lm -o basic_project.elf -mthumb -mcpu=cortex-m3 -T..\stm32_flash.ld -static -Wl,-cref,-u,Reset_Handler -Wl,-Map=basic_project.map -Wl,--gc-sections -Wl,--defsym=malloc_getpagesize_P=0x1000
C:\Program Files (x86)\Atollic\TrueSTUDIO for ARM Lite 3.2.0\ide\jre\bin\java -jar C:\Program Files (x86)\Atollic\TrueSTUDIO for ARM Lite 3.2.0\Tools\arm-atollic-reports.jar sizeinfo basic_project.elf
Generate build reports...
Print size information
   text	   data	    bss	    dec	    hex	filename
   5640	     36	    188	   5864	   16e8	basic_project.elf
Print size information done
Generate build reports done
Build complete for project basic_project
Time consumed: 702  ms.  

**** Build of configuration Debug for project basic_project ****

**** Internal Builder is used for build               ****
arm-atollic-eabi-gcc -c -mthumb -mcpu=cortex-m3 -std=gnu90 -DSTM32L1XX_MD -DUSE_STDPERIPH_DRIVER -I..\Libraries\STM32L1xx_StdPeriph_Driver\inc -I..\Libraries\CMSIS\CM3\CoreSupport -I..\Libraries\CMSIS\CM3\DeviceSupport\ST\STM32L1xx -I../inc/ -I../hw/i2c_devices/bmp180/inc/ -I../mcu/inc/ -I../src/ -I../hw/spi_devices/nt7538/inc/ -I../hw/spi_devices/sst_flash/inc/ -I../hw/i2c_devices/md25/inc -IC:\Users\student\Desktop\BanociDodok\sp-vrs-balogh-spielmann\vrs\basic_project\basic_project\hw\ads1100\inc -IC:\Users\student\Desktop\BanociDodok\sp-vrs-balogh-spielmann\vrs\basic_project\basic_project\hw\mcp6s92\inc -O0 -ffunction-sections -fdata-sections -g -Wall -o src\display.o ..\src\display.c
arm-atollic-eabi-gcc src\usart2.o src\timer.o src\system_stm32l1xx.o src\stm32l1xx_it.o src\spi.o src\main.o src\display.o src\adc.o mcu\src\usart.o mcu\src\mcu.o mcu\src\i2c.o hw\mcp6s92\src\mcp6s92.o hw\ads1100\src\ads1100.o Libraries\STM32L1xx_StdPeriph_Driver\src\stm32l1xx_wwdg.o Libraries\STM32L1xx_StdPeriph_Driver\src\stm32l1xx_usart.o Libraries\STM32L1xx_StdPeriph_Driver\src\stm32l1xx_tim.o Libraries\STM32L1xx_StdPeriph_Driver\src\stm32l1xx_syscfg.o Libraries\STM32L1xx_StdPeriph_Driver\src\stm32l1xx_spi.o Libraries\STM32L1xx_StdPeriph_Driver\src\stm32l1xx_rtc.o Libraries\STM32L1xx_StdPeriph_Driver\src\stm32l1xx_rcc.o Libraries\STM32L1xx_StdPeriph_Driver\src\stm32l1xx_pwr.o Libraries\STM32L1xx_StdPeriph_Driver\src\stm32l1xx_lcd.o Libraries\STM32L1xx_StdPeriph_Driver\src\stm32l1xx_iwdg.o Libraries\STM32L1xx_StdPeriph_Driver\src\stm32l1xx_i2c.o Libraries\STM32L1xx_StdPeriph_Driver\src\stm32l1xx_gpio.o Libraries\STM32L1xx_StdPeriph_Driver\src\stm32l1xx_flash_ramfunc.o Libraries\STM32L1xx_StdPeriph_Driver\src\stm32l1xx_flash.o Libraries\STM32L1xx_StdPeriph_Driver\src\stm32l1xx_exti.o Libraries\STM32L1xx_StdPeriph_Driver\src\stm32l1xx_dma.o Libraries\STM32L1xx_StdPeriph_Driver\src\stm32l1xx_dbgmcu.o Libraries\STM32L1xx_StdPeriph_Driver\src\stm32l1xx_dac.o Libraries\STM32L1xx_StdPeriph_Driver\src\stm32l1xx_crc.o Libraries\STM32L1xx_StdPeriph_Driver\src\stm32l1xx_comp.o Libraries\STM32L1xx_StdPeriph_Driver\src\stm32l1xx_adc.o Libraries\STM32L1xx_StdPeriph_Driver\src\misc.o Libraries\CMSIS\CM3\DeviceSupport\ST\STM32L1xx\startup\TrueSTUDIO\startup_stm32l1xx_md.o Libraries\CMSIS\CM3\CoreSupport\core_cm3.o -lm -o basic_project.elf -mthumb -mcpu=cortex-m3 -T..\stm32_flash.ld -static -Wl,-cref,-u,Reset_Handler -Wl,-Map=basic_project.map -Wl,--gc-sections -Wl,--defsym=malloc_getpagesize_P=0x1000
C:\Program Files (x86)\Atollic\TrueSTUDIO for ARM Lite 3.2.0\ide\jre\bin\java -jar C:\Program Files (x86)\Atollic\TrueSTUDIO for ARM Lite 3.2.0\Tools\arm-atollic-reports.jar sizeinfo basic_project.elf
Generate build reports...
Print size information
   text	   data	    bss	    dec	    hex	filename
   5640	     36	    188	   5864	   16e8	basic_project.elf
Print size information done
Generate build reports done
Build complete for project basic_project
Time consumed: 546  ms.  
